12-29 11:02:35.635   847  1272 D SSense.SRecogCollector: handleVisibleAppChanged: SSense.AppBehaviorInfo{packageName: com.android.launcher3, uid: 10122, mVisibleComponent:com.android.launcher3/.uioverrides.QuickstepLauncher, mRequestSensorType: 0, mRequestAudioType: 0, mRequestmAudioPlayerState: 0, mRequestVideoType: 0, mRequestScreenType: 0, mRequestFpsType: 0, mRequestTouchRateType: 0, mRequestGPSType: 0, mVideoWidth: 0, mVideoHeight: 0, mScreenTypeWhenStarted: 4, mStartUpComponent:com.android.launcher3/.uioverrides.QuickstepLauncher, mAppFirstStartStamp: 42064, mLastAudioStartStamp: 0, mLastVideoStartStamp: 0, mTouchRateDuration: 0, mVideoStartType: 0, mVideoPlaying: false, mVisible:true, mGetHFullScreenWhenRotationEnabled:false, mAudioStartCountSinceScreenChanged:0, mVisibleWindowCount:1, mRequestScreenTypeForMaxWindow:4 }
12-29 11:02:35.635   847  1272 D SSense.VideoRecognizer: highFps mCurrentFPS:0.0
12-29 11:02:35.635   847  4744 W ActivityManager: Unable to start service Intent { cmp=com.hmdglobal.app.camera/.PreloadService } U=0: not found
12-29 11:02:35.635   847  1272 D SSense.VideoRecognizer: VideoScene for uid:10122 pkg name:com.android.launcher3 sceneId:0 changed:false mHasVideoPlaying:false
12-29 11:02:35.635   847  1272 D SSense.GameRecognizer: highFps mCurrentFPS:0.0
12-29 11:02:35.635   847  1272 D SSense.GameRecognizer: GameScene for uid:10122 pkg name:com.android.launcher3 sceneId:0 changed:false mHasGamePlaying:false mCurrentGameAppName:null
12-29 11:02:35.637   847  1418 D BroadcastQueue: Finished with ordered broadcast BroadcastRecord{270b1f2 u0 com.google.android.gms.gcm.ACTION_SCHEDULE} receivers:(1) take 23ms in [background], remains -1
12-29 11:02:35.640   847  4744 I InputDispatcher: Focus entered window: Window{c508d8b u0 NotificationShade} in display 0
12-29 11:02:35.657  1598  2220 I NearbySharing: Screen is locked [CONTEXT service_id=194 ]
12-29 11:02:35.657  1598  2220 I NearbySharing: Failed to stop scanning because weren't scanning. [CONTEXT service_id=194 ]
12-29 11:02:35.658  1598  2220 I NearbySharing: Stopping discovery because the screen is locked. [CONTEXT service_id=194 ]
12-29 11:02:35.658  1598  2220 I NearbySharing: Can't stop advertising FastInitiation. Not advertising. [CONTEXT service_id=194 ]
12-29 11:02:35.658  1598  2220 I NearbySharing: Stopping Fast Init advertisement because Bluetooth is off. [CONTEXT service_id=194 ]
12-29 11:02:35.658  1598  2220 I NearbySharing: Failed to stop advertising because we weren't advertising. [CONTEXT service_id=194 ]
12-29 11:02:35.658  1598  2220 I NearbySharing: Stopping advertising because the screen is locked. [CONTEXT service_id=194 ]
12-29 11:02:35.658  1598  2220 I NearbySharing: Stopping FastInitiation scanning because the screen is locked. [CONTEXT service_id=194 ]
12-29 11:02:35.658  1598  2220 I NearbySharing: Can't stop scanning for FastInitiation. Not scanning. [CONTEXT service_id=194 ]
12-29 11:02:35.658  1598  2220 I NearbySharing: Cancelling in use notification [CONTEXT service_id=194 ]
12-29 11:02:35.659  1431  1431 D UNISOC-LAUNCHER3: StateManager, goToState:[AllApps -> Normal] animated:false
12-29 11:02:35.659  1431  1431 D UNISOC-LAUNCHER3: MeminfoController, showOrHide enable: false
12-29 11:02:35.660  1598  2220 I NearbySharing: Fast Initiation Scanning has stopped [CONTEXT service_id=194 ]
12-29 11:02:35.660   485   511 D IMGGralloc: Gralloc Free  w:720, h:1640, f:0x1, usage:0x900, ui64Stamp:22462 line = 2441
12-29 11:02:35.661  1431  1431 D UNISOC-LAUNCHER3: MeminfoController, showOrHide enable: false
12-29 11:02:35.661  1431  1431 D RecentsOrientedState: current RecentsOrientedState: [this=RecentsOrientedState@46d7d4 mOrientationHandler=PortraitPagedViewHandler@75a7d1 mDisplayRotation=0 mTouchRotation=0 mRecentsActivityRotation=0 isRecentsActivityRotationAllowed=false mSystemRotation=false mFlags=291]
12-29 11:02:35.661  1431  1431 I chatty  : uid=10122(com.android.launcher3) identical 2 lines
12-29 11:02:35.661  1431  1431 D RecentsOrientedState: current RecentsOrientedState: [this=RecentsOrientedState@46d7d4 mOrientationHandler=PortraitPagedViewHandler@75a7d1 mDisplayRotation=0 mTouchRotation=0 mRecentsActivityRotation=0 isRecentsActivityRotationAllowed=false mSystemRotation=false mFlags=291]
12-29 11:02:35.661   447   447 D IMGGralloc: GBuffer--------------(*format)=1
12-29 11:02:35.661   447   447 D IMGGralloc: Gralloc alloc start  w:720, h:1640, f:0x1, usage:0xb00, line = 1643
12-29 11:02:35.663   447   447 D IMGGralloc: Gralloc Alloc end  w:720, h:1640, f:0x1, usage:0xb00, handle:0xf6d923c0, ui64Stamp:22477, sSize:4747264, line = 2047
12-29 11:02:35.663   447   447 D IMGGralloc: Gralloc Free  w:720, h:1640, f:0x1, usage:0xb00, ui64Stamp:22477 line = 2441
12-29 11:02:35.664   485   511 D IMGGralloc: Gralloc Register  w:720, h:1640, f:0x1, usage:0xb00, ui64Stamp:22477, sSize:4747264, line = 2335
12-29 11:02:35.665  1158  1474 D IMGGralloc: Gralloc Register  w:720, h:1640, f:0x1, usage:0xb00, ui64Stamp:22477, sSize:4747264, line = 2335
12-29 11:02:35.682   847  1418 D BroadcastQueue: Finished with ordered broadcast BroadcastRecord{587d28e u-1 android.intent.action.SCREEN_OFF} receivers:(42) take 143ms in [foreground], remains -1
12-29 11:02:36.187   636  1264 D GNSSMGT : watchdog: PowerState[CP SLEEP], gps_flag[0], readcount[0], idle time = 0, HeartCount = 0
12-29 11:02:38.187   636  1264 D GNSSMGT : watchdog: PowerState[CP SLEEP], gps_flag[0], readcount[0], idle time = 0, HeartCount = 0
12-29 11:02:38.515 18591 18662 I CastDatabase: Saving the database
12-29 11:02:38.522 18591 18662 D SQLiteOpenHelper: UNISOC SQLiteOpenHelper getDatabaseLocked version =9 mNewVersion =9
12-29 11:02:38.525 18591 18662 I SQLiteCastStore: [CastNetworkInfo] saved: 0, skipped: 0, [CastDeviceInfo]: saved 0, skipped 0, [Paired Guest Mode DeviceInfo] saved: 0, skipped: 0. [ProbedNetworks]: saved 0, skipped: 0, [ProbedSocketAddress]: saved 0, skipped: 0, [Network-Device pairs]: saved: 0
12-29 11:02:40.017   847  1057 D AlarmManager: waitForAlarm result:4currentTime=1640746960017, elapsedRealtime=498910592
12-29 11:02:40.019   847  1057 D BroadcastQueue: Add broadcast <BroadcastRecord{dd4e4bb u0 com.android.internal.policy.impl.PhoneWindowManager.DELAYED_KEYGUARD}> into [ordered | foreground], pending size 0
12-29 11:02:40.019   847  1057 D BroadcastQueue: Header is BroadcastRecord{dd4e4bb u0 com.android.internal.policy.impl.PhoneWindowManager.DELAYED_KEYGUARD} now
12-29 11:02:40.022  1158  1158 D KeyguardViewMediator: received DELAYED_KEYGUARD_ACTION with seq = 50, mDelayedShowingSequence = 50
12-29 11:02:40.022  1158  1158 D KeyguardSubsidyController: not Support SubsidyLock
12-29 11:02:40.023   847  1057 D AlarmManager: sending alarm.type = 2, action = com.android.internal.policy.impl.PhoneWindowManager.DELAYED_KEYGUARD, cn = null, operation = PendingIntent{80918: PendingIntentRecord{6c15f71 com.android.systemui broadcastIntent}}
12-29 11:02:40.023   847  1057 D AlarmManagerService: set alarm to kernel: 499351.709000000, type=2 
12-29 11:02:40.023   847  1057 D AlarmManagerService: set alarm to kernel: 498930.574000000, type=3 
12-29 11:02:40.024  1158  1158 D KeyguardViewMediator: doKeyguard: showing the lock screen
12-29 11:02:40.025  1158  1158 D KeyguardViewMediator: showLocked
12-29 11:02:40.028   847  1418 D BroadcastQueue: Finished with ordered broadcast BroadcastRecord{dd4e4bb u0 com.android.internal.policy.impl.PhoneWindowManager.DELAYED_KEYGUARD} receivers:(1) take 7ms in [foreground], remains -1
12-29 11:02:40.029  1158  1158 D KeyguardViewMediator: handleShow
12-29 11:02:40.031  1158  1332 D KeyguardViewMediator: updateActivityLockScreenState(true, true)
12-29 11:02:40.032   847  2020 V FaceService: getFaceDaemon getFaceEnabledOnKeyguard true hasEnrolledBiometrics false mAllowGetFaceDaemon false
12-29 11:02:40.032   847  2020 V FaceService: getFaceDaemon was not allowed
12-29 11:02:40.034  1158  1158 D LockscreenLockIconController: getState canDismissLockScreen =false isShowing =true isKeyguardGoingAway =false isKeyguardFadingAway =false mSimLocked =false
12-29 11:02:40.035  1158  1158 D KeyguardSubsidyController: not Support SubsidyLock
12-29 11:02:40.037   847  1418 V FaceService: getFaceDaemon getFaceEnabledOnKeyguard true hasEnrolledBiometrics false mAllowGetFaceDaemon false
12-29 11:02:40.037   847  1418 V FaceService: getFaceDaemon was not allowed
12-29 11:02:40.037  1158  1158 D StatusBar: disable<e i a s b h r c s > disable2<q i n >
12-29 11:02:40.039   847  1418 V FaceService: getFaceDaemon getFaceEnabledOnKeyguard true hasEnrolledBiometrics false mAllowGetFaceDaemon false
12-29 11:02:40.039   847  1418 V FaceService: getFaceDaemon was not allowed
12-29 11:02:40.039  1158  1158 I chatty  : uid=10118(com.android.systemui) identical 2 lines
12-29 11:02:40.040  1158  1158 D StatusBar: disable<e i a s b h r c s > disable2<q i n >
12-29 11:02:40.041  1158  1158 D KeyguardViewMediator: adjustStatusBarLocked: mShowing=true mOccluded=false isSecure=true force=false --> flags=0x1200000
12-29 11:02:40.042  1158  1158 D SecurityPatternView: onPause
12-29 11:02:40.042  1158  1158 D SecurityPatternView: reset
12-29 11:02:40.044  1158  1158 V KeyguardUpdateMonitor: *** register callback for com.android.keyguard.KeyguardHostView$1@117e251
12-29 11:02:40.044  1158  1158 V KeyguardUpdateMonitor: *** unregister callback for null
12-29 11:02:40.046  1158  1158 D KeyguardSubsidyController: not Support SubsidyLock
12-29 11:02:40.048  1158  1158 V KeyguardSecurityView: showPrimarySecurityScreen(turningOff=false)
12-29 11:02:40.048  1158  1158 D KeyguardSecurityView: showSecurityScreen(Pattern)
12-29 11:02:40.048  1158  1158 V KeyguardSecurityView: inflating id = 2131558565
12-29 11:02:40.058  1158  1238 I CarrierTextController: unregisterReceiver error!java.lang.IllegalArgumentException: Receiver not registered: com.android.keyguard.CarrierTextController$3@8c501c1
12-29 11:02:40.060  1158  1158 D KeyguardSubsidyController: not Support SubsidyLock
12-29 11:02:40.067  1158  1158 D SecurityPatternView: reset
12-29 11:02:40.068  1158  1158 D SecurityPatternView: onResume
12-29 11:02:40.070   847  2020 V FaceService: getFaceDaemon getFaceEnabledOnKeyguard true hasEnrolledBiometrics false mAllowGetFaceDaemon false
12-29 11:02:40.070   847  2020 V FaceService: getFaceDaemon was not allowed
12-29 11:02:40.074  1158  1158 V KeyguardUpdateMonitor: *** register callback for com.android.keyguard.EmergencyButton$1@dd9e8a7
12-29 11:02:40.074  1158  1158 V KeyguardUpdateMonitor: *** unregister callback for null
12-29 11:02:40.076  1158  1158 D KeyguardSubsidyController: not Support SubsidyLock
12-29 11:02:40.079  1134  1886 D SubscriptionController: mSubsidyLock = false
12-29 11:02:40.083  1158  1158 D KeyguardSubsidyController: not Support SubsidyLock
12-29 11:02:40.086  1134  1886 D SubscriptionController: mSubsidyLock = false
12-29 11:02:40.090  1158  1158 D KeyguardSubsidyController: not Support SubsidyLock
12-29 11:02:40.097   847  4013 V FaceService: getFaceDaemon getFaceEnabledOnKeyguard true hasEnrolledBiometrics false mAllowGetFaceDaemon false
12-29 11:02:40.097   847  4013 V FaceService: getFaceDaemon was not allowed
12-29 11:02:40.099  1158  1158 D KeyguardSubsidyController: not Support SubsidyLock
12-29 11:02:40.101  1158  1158 D KeyguardUpdateMonitor: onKeyguardVisibilityChanged(true)
12-29 11:02:40.103   847  4013 V FaceService: getFaceDaemon getFaceEnabledOnKeyguard true hasEnrolledBiometrics false mAllowGetFaceDaemon false
12-29 11:02:40.103   847  4013 V FaceService: getFaceDaemon was not allowed
12-29 11:02:40.104   847  4013 V FaceService: getFaceDaemon getFaceEnabledOnKeyguard true hasEnrolledBiometrics false mAllowGetFaceDaemon false
12-29 11:02:40.105   847  4013 V FaceService: getFaceDaemon was not allowed
12-29 11:02:40.105  1158  1158 V KeyguardStatusView: refresh statusview showing:true
12-29 11:02:40.105  1158  1158 D KeyguardStatusView: refeshFormat mClockView.getText() = 11:02
12-29 11:02:40.107  1158  1158 D KeyguardStatusView: refreshTime mClockView.getText() = 11:02
12-29 11:02:40.108  1158  1158 D KeyguardClockSwitch: Updating clock: 11:02
12-29 11:02:40.111  1158  1158 D LockscreenLockIconController: getState canDismissLockScreen =false isShowing =true isKeyguardGoingAway =false isKeyguardFadingAway =false mSimLocked =false
12-29 11:02:40.111  1158  1470 D SmartSpaceViewCtrl: Setup client library, type: com.google.android.apps.oemsmartspace.SMARTSPACE_FOR_SYSUI
12-29 11:02:40.113  1158  1158 D KeyguardSubsidyController: not Support SubsidyLock
12-29 11:02:40.113  1158  1158 V KeyguardUpdateMonitor: startListeningForFingerprint()
12-29 11:02:40.113  1158  1470 D SmartSpaceViewCtrl: Register package for smartspace update
12-29 11:02:40.113  1158  1470 D SmartSpaceViewCtrl: smartspaceType: com.google.android.apps.oemsmartspace.SMARTSPACE_FOR_SYSUI
12-29 11:02:40.113  1158  1470 D SmartSpaceViewCtrl: package name:com.android.systemui
12-29 11:02:40.115  1158  1158 D KeyguardSubsidyController: not Support SubsidyLock
12-29 11:02:40.115  1158  1470 E ProtoStore: no cached data for card type: weather
12-29 11:02:40.117  1158  1158 D KeyguardSubsidyController: not Support SubsidyLock
12-29 11:02:40.117  1158  1158 D StatusBar: onKeyguardViewManagerStatesUpdated
12-29 11:02:40.117  1158  1158 D StatusBar: onKeyguardViewManagerStatesUpdated
12-29 11:02:40.118  1158  1158 D KeyguardViewMediator: adjustStatusBarLocked: mShowing=true mOccluded=false isSecure=true force=false --> flags=0x1200000
12-29 11:02:40.119   847  4013 D PowerManagerService: userActivityNoUpdateLocked: Scene not defined, event:0
12-29 11:02:40.120  1158  1158 D KeyguardSubsidyController: not Support SubsidyLock
12-29 11:02:40.120  1158  1158 V KeyguardUpdateMonitor: startListeningForFingerprint()
12-29 11:02:40.121  1158  1158 D KeyguardSubsidyController: not Support SubsidyLock
12-29 11:02:40.124   847  4013 V FaceService: getFaceDaemon getFaceEnabledOnKeyguard true hasEnrolledBiometrics false mAllowGetFaceDaemon false
12-29 11:02:40.124   847  4013 V FaceService: getFaceDaemon was not allowed
12-29 11:02:40.123  1158  1158 D KeyguardSubsidyController: not Support SubsidyLock
12-29 11:02:40.126  1158  1158 V KeyguardDisplayManager: show
12-29 11:02:40.127  1158  1158 I KeyguardDisplayManager: Do not show KeyguardPresentation on the default display
12-29 11:02:40.128   847   847 W AlarmManager: Unrecognized alarm listener com.android.server.locksettings.LockSettingsStrongAuth$NonStrongBiometricIdleTimeoutAlarmListener@e9fdcda
12-29 11:02:40.128   847   867 V UsbDeviceManager: onKeyguardStateChanged: isShowing:true secure:true user:0
12-29 11:02:40.128   847   847 V AlarmManager: set(null) : type=3 listener=android.app.AlarmManager$ListenerWrapper@db57ba2 listenerTag=LockSettingsPrimaryAuth.nonStrongBiometricIdleTimeoutForUser triggerAtTime=513310702 win=10800000 tElapsed=513310702 maxElapsed=524110702 interval=0 flags=0x8
12-29 11:02:40.128   847   847 D AlarmManagerService: set alarm to kernel: 498930.574000000, type=3 
12-29 11:02:40.128   847   867 I StorageManagerService: Cmd send onSecureKeyguardStateChanged isShowing = true mSecureKeyguardShowing = true
12-29 11:02:40.138  1158  1158 D StatusBar: disable<e i a s b H!R!c s > disable2<q i n >
12-29 11:02:40.141  1158  1158 V KeyguardUpdateMonitor: *** unregister callback for com.android.keyguard.CarrierTextController$2@da727f9
12-29 11:02:40.142  1158  1158 V KeyguardUpdateMonitor: *** register callback for com.android.keyguard.CarrierTextController$2@da727f9
12-29 11:02:40.142  1158  1158 V KeyguardUpdateMonitor: *** unregister callback for null
12-29 11:02:40.142  1158  1158 D CarrierTextController: onRefreshCarrierInfo(), mTelephonyCapable: false
12-29 11:02:40.142  1158  1158 D CarrierTextController: getCellLacInfo(): 0
12-29 11:02:40.142  1158  1158 D CarrierTextController: updateCarrierText(): 0
12-29 11:02:40.143  1158  1158 D CarrierTextController: Getting plmn/spn sticky brdcst /
12-29 11:02:40.144  1158  1158 D CarrierTextController: onTelephonyCapable() mTelephonyCapable: true
12-29 11:02:40.144  1158  1158 D CarrierTextController: updateCarrierText(): 0
12-29 11:02:40.145  1158  1158 D CarrierTextController: Getting plmn/spn sticky brdcst /
12-29 11:02:40.145  1158  1158 D CarrierTextController: onSimStateChanged: SimMissing
12-29 11:02:40.146  1158  1158 D CarrierTextController: onSimStateChanged: SimMissing
12-29 11:02:40.147  1158  1158 D SmartspaceView: onNoCardAndChipShown, height: 47
12-29 11:02:40.150  1158  1158 D SmartspaceView: onNoCardAndChipShown, height: 47
12-29 11:02:40.153  1158  1158 D KeyguardUpdateMonitor: handleKeyguardReset
12-29 11:02:40.154  1158  1158 D KeyguardSubsidyController: not Support SubsidyLock
12-29 11:02:40.154  1158  1158 V KeyguardUpdateMonitor: startListeningForFingerprint()
12-29 11:02:40.156  1158  1158 D KeyguardSubsidyController: not Support SubsidyLock
12-29 11:02:40.157  1158  1158 D KeyguardSubsidyController: not Support SubsidyLock
12-29 11:02:40.188   636  1264 D GNSSMGT : watchdog: PowerState[CP SLEEP], gps_flag[0], readcount[0], idle time = 0, HeartCount = 0
12-29 11:02:46.190   636  1264 I chatty  : uid=1000(system) watchdog identical 3 lines
12-29 11:02:48.190   636  1264 D GNSSMGT : watchdog: PowerState[CP SLEEP], gps_flag[0], readcount[0], idle time = 0, HeartCount = 0
12-29 11:02:49.718 30554 32397 D MtpServer: receive mRequest with operation: MTP_OPERATION_GET_DEVICE_PROP_VALUE
12-29 11:02:49.718 30554 32397 D MtpServer: sending data:
12-29 11:02:49.718 30554 32397 D MtpServer: sending response: 2001
12-29 11:02:49.718 30554 32397 D MtpServer: waiting mRequest ...
12-29 11:02:50.191   636  1264 D GNSSMGT : watchdog: PowerState[CP SLEEP], gps_flag[0], readcount[0], idle time = 0, HeartCount = 0
12-29 11:02:59.999   847  1057 D AlarmManager: waitForAlarm result:8currentTime=1640746979999, elapsedRealtime=498930574
12-29 11:02:56.193   636  1264 I chatty  : uid=1000(system) watchdog identical 3 lines
12-29 11:02:58.194   636  1264 D GNSSMGT : watchdog: PowerState[CP SLEEP], gps_flag[0], readcount[0], idle time = 0, HeartCount = 0
12-29 11:03:00.000   847  1057 D AlarmManagerService: set alarm to kernel: 499110.574000000, type=3 
12-29 11:03:00.195   636  1264 D GNSSMGT : watchdog: PowerState[CP SLEEP], gps_flag[0], readcount[0], idle time = 0, HeartCount = 0
12-29 11:03:00.549   847   870 E Watchdog: WDT_Monitor: checkSFStatus sfBlocked=false
12-29 11:03:00.550   847   870 E Watchdog: WDT_Monitor: writeWDTMonitor duration=50,shutdowning=false
12-29 11:03:05.414   847  1095 D DeviceStorageMonitorService: updateStateEx oldLevel = 0, newLevel = 0
12-29 11:03:21.803   847   847 D BroadcastQueue: Add broadcast <BroadcastRecord{e0472ab u-1 android.intent.action.BATTERY_CHANGED}> into [parallel | background], pending size 0
12-29 11:03:18.200   636  1264 I chatty  : uid=1000(system) watchdog identical 9 lines
12-29 11:03:20.201   636  1264 D GNSSMGT : watchdog: PowerState[CP SLEEP], gps_flag[0], readcount[0], idle time = 0, HeartCount = 0
12-29 11:03:21.807  1158  1158 D KeyguardUpdateMonitor: received broadcast android.intent.action.BATTERY_CHANGED
12-29 11:03:21.809   847   874 D BroadcastQueue: Done with parallel broadcast [background] [BroadcastRecord{e0472ab u-1 android.intent.action.BATTERY_CHANGED}]
12-29 11:03:21.810  1158  1158 D KeyguardUpdateMonitor: handleBatteryUpdate
12-29 11:03:22.201   636  1264 D GNSSMGT : watchdog: PowerState[CP SLEEP], gps_flag[0], readcount[0], idle time = 0, HeartCount = 0
12-29 11:03:30.557   847   870 E Watchdog: WDT_Monitor: checkSFStatus sfBlocked=false
12-29 11:03:30.558   847   870 E Watchdog: WDT_Monitor: writeWDTMonitor duration=50,shutdowning=false
12-29 11:04:00.564   847   870 E Watchdog: WDT_Monitor: checkSFStatus sfBlocked=false
12-29 11:04:00.565   847   870 E Watchdog: WDT_Monitor: writeWDTMonitor duration=50,shutdowning=false
