12-29 11:02:20.341   847  1084 V AlarmManager: set(null) : type=2 listener=android.app.AlarmManager$ListenerWrapper@beac871 listenerTag=WifiConnectivityManager Schedule Periodic Scan Timer triggerAtTime=498970913 win=60000 tElapsed=498970913 maxElapsed=499030913 interval=0 flags=0x8
12-29 11:02:20.341   847  1084 D AlarmManagerService: set alarm to kernel: 498970.913000000, type=2 
12-29 11:02:20.341   847  1084 D AlarmManagerService: set alarm to kernel: 498930.574000000, type=3 
12-29 11:02:20.351  1119 18004 V WifiHAL : event received NL80211_CMD_TRIGGER_SCAN
12-29 11:02:20.351   847  1087 V AlarmManager: set(null) : type=2 listener=android.app.AlarmManager$ListenerWrapper@6caa07e listenerTag=WificondScannerImpl Scan Timeout triggerAtTime=498905925 win=11250 tElapsed=498905925 maxElapsed=498917175 interval=0 flags=0x8
12-29 11:02:20.351   847  1087 D AlarmManagerService: set alarm to kernel: 498905.925000000, type=2 
12-29 11:02:20.496   847  1275 D SSense.fps: getFrameCount return len:6
12-29 11:02:20.496   847  1275 D SSense.fps: getFrameCount:22169
12-29 11:02:20.650   467   467 D enhanceHAL: slpSetBrightness: ambient = 48
12-29 11:02:20.810   467   467 D enhanceHAL: slpSetBrightness: ambient = 49
12-29 11:02:20.883  1119 18004 V WifiHAL : event received NL80211_CMD_NEW_SCAN_RESULTS
12-29 11:02:20.884   847  4744 D WifiNl80211Manager: Scan result ready event
12-29 11:02:20.884   847  4744 D WifiNative: Scan result ready event
12-29 11:02:20.886   847  1087 D AlarmManagerService: set alarm to kernel: 498970.913000000, type=2 
12-29 11:02:20.886   847  1087 D AlarmManagerService: set alarm to kernel: 498930.574000000, type=3 
12-29 11:02:20.891   847  1084 D BroadcastQueue: Add broadcast <BroadcastRecord{a0e9df u-1 android.net.wifi.SCAN_RESULTS}> into [parallel | background], pending size 0
12-29 11:02:20.891   847   874 D BroadcastQueue: Done with parallel broadcast [background] [BroadcastRecord{a0e9df u-1 android.net.wifi.SCAN_RESULTS}]
12-29 11:02:20.892   847   847 D UnisocWifiService: action = android.net.wifi.SCAN_RESULTS
12-29 11:02:20.971   467   467 D enhanceHAL: slpSetBrightness: ambient = 48
12-29 11:02:21.292   467   467 D enhanceHAL: slpSetBrightness: ambient = 47
12-29 11:02:21.497   847  1275 D SSense.fps: getFrameCount return len:6
12-29 11:02:21.498   847  1275 D SSense.fps: getFrameCount:22169
12-29 11:02:21.613   467   467 D enhanceHAL: slpSetBrightness: ambient = 46
12-29 11:02:21.773   467   467 D enhanceHAL: slpSetBrightness: ambient = 45
12-29 11:02:21.802   847   847 D BroadcastQueue: Add broadcast <BroadcastRecord{d3fb62c u-1 android.intent.action.BATTERY_CHANGED}> into [parallel | background], pending size 0
12-29 11:02:21.804  1158  1158 D KeyguardUpdateMonitor: received broadcast android.intent.action.BATTERY_CHANGED
12-29 11:02:21.805   847   874 D BroadcastQueue: Done with parallel broadcast [background] [BroadcastRecord{d3fb62c u-1 android.intent.action.BATTERY_CHANGED}]
12-29 11:02:21.810  1158  1158 D KeyguardUpdateMonitor: handleBatteryUpdate
12-29 11:02:22.183   636  1264 D GNSSMGT : watchdog: PowerState[CP SLEEP], gps_flag[0], readcount[0], idle time = 0, HeartCount = 0
12-29 11:02:22.499   847  1275 D SSense.fps: getFrameCount return len:6
12-29 11:02:22.499   847  1275 D SSense.fps: getFrameCount:22170
12-29 11:02:22.736   467   467 D enhanceHAL: slpSetBrightness: ambient = 44
12-29 11:02:23.218   467   467 D enhanceHAL: slpSetBrightness: ambient = 45
12-29 11:02:23.500   847  1275 D SSense.fps: getFrameCount return len:6
12-29 11:02:23.501   847  1275 D SSense.fps: getFrameCount:22170
12-29 11:02:23.539   467   467 D enhanceHAL: slpSetBrightness: ambient = 46
12-29 11:02:24.183   636  1264 D GNSSMGT : watchdog: PowerState[CP SLEEP], gps_flag[0], readcount[0], idle time = 0, HeartCount = 0
12-29 11:02:24.502   847  1275 D SSense.fps: getFrameCount return len:6
12-29 11:02:24.502   847  1275 D SSense.fps: getFrameCount:22170
12-29 11:02:24.823   467   467 D enhanceHAL: slpSetBrightness: ambient = 45
12-29 11:02:25.305   467   467 D enhanceHAL: slpSetBrightness: ambient = 44
12-29 11:02:25.465   467   467 D enhanceHAL: slpSetBrightness: ambient = 45
12-29 11:02:25.504   847  1275 D SSense.fps: getFrameCount return len:6
12-29 11:02:25.504   847  1275 D SSense.fps: getFrameCount:22170
12-29 11:02:25.613   847   889 D malijie : mAmbientLux=45.46508
12-29 11:02:25.626   467   467 D enhanceHAL: slpSetBrightness: ambient = 44
12-29 11:02:25.786   467   467 D enhanceHAL: slpSetBrightness: ambient = 45
12-29 11:02:25.947   467   467 D enhanceHAL: slpSetBrightness: ambient = 44
12-29 11:02:26.184   636  1264 D GNSSMGT : watchdog: PowerState[CP SLEEP], gps_flag[0], readcount[0], idle time = 0, HeartCount = 0
12-29 11:02:26.268   467   467 D enhanceHAL: slpSetBrightness: ambient = 45
12-29 11:02:26.428   467   467 D enhanceHAL: slpSetBrightness: ambient = 46
12-29 11:02:26.481   847  1275 D SSense  : onTouchRateChanged: rate:0.5
12-29 11:02:26.481   847  1272 D SSense.SRecogCollector: current touchRate:0.5 lastTouch Rate:1.0
12-29 11:02:26.482   847  1272 D SSense.SRecogCollector: Rect 0 for uid:10122 pkg name:com.android.launcher3 is:Rect(0, 53 - 720, 1556)
12-29 11:02:26.482   847  1272 D SSense.SRecogCollector: isNormalBounds rect:Rect(0, 53 - 720, 1556)
12-29 11:02:26.482   847  1272 D SSense.SRecogCollector: Normal Bounds
12-29 11:02:26.482   847  1272 D SSense.SRecogCollector: Normal Screen
12-29 11:02:26.482   847  1272 D SSense.SRecogCollector: checkSceneOfVisibleApp: SSense.AppBehaviorInfo{packageName: com.android.launcher3, uid: 10122, mVisibleComponent:com.android.launcher3/.uioverrides.QuickstepLauncher, mRequestSensorType: 0, mRequestAudioType: 0, mRequestmAudioPlayerState: 0, mRequestVideoType: 0, mRequestScreenType: 4, mRequestFpsType: 0, mRequestTouchRateType: 0, mRequestGPSType: 0, mVideoWidth: 0, mVideoHeight: 0, mScreenTypeWhenStarted: 4, mStartUpComponent:com.android.launcher3/.uioverrides.QuickstepLauncher, mAppFirstStartStamp: 42064, mLastAudioStartStamp: 0, mLastVideoStartStamp: 0, mTouchRateDuration: 0, mVideoStartType: 0, mVideoPlaying: false, mVisible:true, mGetHFullScreenWhenRotationEnabled:false, mAudioStartCountSinceScreenChanged:0, mVisibleWindowCount:1, mRequestScreenTypeForMaxWindow:4 }
12-29 11:02:26.483   847  1272 D SSense.SRecogCollector: Rect 0 for uid:10137 pkg name:org.yl.mycamera is:Rect(18, 633 - 701, 976)
12-29 11:02:26.483   847  1272 D SSense.SRecogCollector: isNormalBounds rect:Rect(18, 633 - 701, 976)
12-29 11:02:26.483   847  1272 D SSense.SRecogCollector: Normal Bounds
12-29 11:02:26.483   847  1272 D SSense.SRecogCollector: Small Screen
12-29 11:02:26.484   847  1272 D SSense.SRecogCollector: checkSceneOfVisibleApp: SSense.AppBehaviorInfo{packageName: org.yl.mycamera, uid: 10137, mVisibleComponent:org.yl.mycamera/.MainActivity, mRequestSensorType: 0, mRequestAudioType: 0, mRequestmAudioPlayerState: 0, mRequestVideoType: 0, mRequestScreenType: 5, mRequestFpsType: 0, mRequestTouchRateType: 0, mRequestGPSType: 0, mVideoWidth: 0, mVideoHeight: 0, mScreenTypeWhenStarted: 4, mStartUpComponent:org.yl.mycamera/.MainActivity, mAppFirstStartStamp: 498819689, mLastAudioStartStamp: 0, mLastVideoStartStamp: 0, mTouchRateDuration: 0, mVideoStartType: 0, mVideoPlaying: false, mVisible:true, mGetHFullScreenWhenRotationEnabled:false, mAudioStartCountSinceScreenChanged:0, mVisibleWindowCount:1, mRequestScreenTypeForMaxWindow:5 }
12-29 11:02:26.484   847  1272 D SSense.VideoRecognizer: highFps mCurrentFPS:0.0
12-29 11:02:26.484   847  1272 D SSense.VideoRecognizer: VideoScene for uid:10122 pkg name:com.android.launcher3 sceneId:0 changed:false mHasVideoPlaying:false
12-29 11:02:26.484   847  1272 D SSense.GameRecognizer: highFps mCurrentFPS:0.0
12-29 11:02:26.484   847  1272 D SSense.GameRecognizer: GameScene for uid:10122 pkg name:com.android.launcher3 sceneId:0 changed:false mHasGamePlaying:false mCurrentGameAppName:null
12-29 11:02:26.484   847  1272 D SSense.VideoRecognizer: highFps mCurrentFPS:0.0
12-29 11:02:26.484   847  1272 D SSense.VideoRecognizer: VideoScene for uid:10137 pkg name:org.yl.mycamera sceneId:0 changed:false mHasVideoPlaying:false
12-29 11:02:26.484   847  1272 D SSense.GameRecognizer: highFps mCurrentFPS:0.0
12-29 11:02:26.484   847  1272 D SSense.GameRecognizer: GameScene for uid:10137 pkg name:org.yl.mycamera sceneId:0 changed:false mHasGamePlaying:false mCurrentGameAppName:null
12-29 11:02:26.504   847  1275 D SSense.fps: getFrameCount return len:6
12-29 11:02:26.505   847  1275 D SSense.fps: getFrameCount:22170
12-29 11:02:26.589   467   467 D enhanceHAL: slpSetBrightness: ambient = 47
12-29 11:02:26.749   467   467 D enhanceHAL: slpSetBrightness: ambient = 48
12-29 11:02:26.910   467   467 D enhanceHAL: slpSetBrightness: ambient = 47
12-29 11:02:28.034   467   467 D enhanceHAL: slpSetBrightness: ambient = 46
12-29 11:02:28.184   636  1264 D GNSSMGT : watchdog: PowerState[CP SLEEP], gps_flag[0], readcount[0], idle time = 0, HeartCount = 0
12-29 11:02:28.194   467   467 D enhanceHAL: slpSetBrightness: ambient = 47
12-29 11:02:28.989   847   889 D malijie : mAmbientLux=45.46508
12-29 11:02:28.991   847   889 V DisplayPowerController: Brightness [0.05] reason changing to: 'automatic [ dim ]', previous reason: 'automatic'.
12-29 11:02:29.002   459   459 D LIGHTS  : func:write_int, path=/sys/class/backlight/sprd_backlight/brightness, value=33
12-29 11:02:29.003   628   764 D refnotify: refnotify_parse_event: SOURCE = sysfs!
12-29 11:02:29.004   628   763 D refnotify: status : refnotify_sleep=0 
12-29 11:02:29.019   459   459 D LIGHTS  : func:write_int, path=/sys/class/backlight/sprd_backlight/brightness, value=18
12-29 11:02:29.019   628   764 D refnotify: refnotify_parse_event: SOURCE = sysfs!
12-29 11:02:29.020   628   763 D refnotify: status : refnotify_sleep=0 
12-29 11:02:29.036   459   459 D LIGHTS  : func:write_int, path=/sys/class/backlight/sprd_backlight/brightness, value=14
12-29 11:02:29.036   628   764 D refnotify: refnotify_parse_event: SOURCE = sysfs!
12-29 11:02:29.037   628   763 D refnotify: status : refnotify_sleep=0 
12-29 11:02:29.960   467   467 D enhanceHAL: slpSetBrightness: ambient = 48
12-29 11:02:30.185   636  1264 D GNSSMGT : watchdog: PowerState[CP SLEEP], gps_flag[0], readcount[0], idle time = 0, HeartCount = 0
12-29 11:02:30.281   467   467 D enhanceHAL: slpSetBrightness: ambient = 47
12-29 11:02:30.543   847   870 E Watchdog: WDT_Monitor: checkSFStatus sfBlocked=false
12-29 11:02:30.543   847   870 E Watchdog: WDT_Monitor: writeWDTMonitor duration=50,shutdowning=false
12-29 11:02:31.405   467   467 D enhanceHAL: slpSetBrightness: ambient = 48
12-29 11:02:31.510   847  1275 D SSense.fps: getFrameCount return len:6
12-29 11:02:31.510   847  1275 D SSense.fps: getFrameCount:22170
12-29 11:02:31.565   467   467 D enhanceHAL: slpSetBrightness: ambient = 47
12-29 11:02:32.047   467   467 D enhanceHAL: slpSetBrightness: ambient = 46
12-29 11:02:32.185   636  1264 D GNSSMGT : watchdog: PowerState[CP SLEEP], gps_flag[0], readcount[0], idle time = 0, HeartCount = 0
12-29 11:02:32.207   467   467 D enhanceHAL: slpSetBrightness: ambient = 47
12-29 11:02:32.689   467   467 D enhanceHAL: slpSetBrightness: ambient = 48
12-29 11:02:33.170   467   467 D enhanceHAL: slpSetBrightness: ambient = 47
12-29 11:02:33.491   467   467 D enhanceHAL: slpSetBrightness: ambient = 46
12-29 11:02:33.652   467   467 D enhanceHAL: slpSetBrightness: ambient = 45
12-29 11:02:33.813   467   467 D enhanceHAL: slpSetBrightness: ambient = 44
12-29 11:02:34.186   636  1264 D GNSSMGT : watchdog: PowerState[CP SLEEP], gps_flag[0], readcount[0], idle time = 0, HeartCount = 0
12-29 11:02:34.454   467   467 D enhanceHAL: slpSetBrightness: ambient = 45
12-29 11:02:34.775   467   467 D enhanceHAL: slpSetBrightness: ambient = 46
12-29 11:02:34.936   467   467 D enhanceHAL: slpSetBrightness: ambient = 47
12-29 11:02:34.989   847   889 I PowerManagerService: Going to sleep due to timeout (uid 1000)...
12-29 11:02:34.991   847   889 I DisplayPowerController: Blocking screen off
12-29 11:02:34.992   847   889 I DisplayPowerController: Unblocked screen off after 0 ms
12-29 11:02:34.993   847   889 I WindowManager: Screen turned off...
12-29 11:02:34.993   847   882 D BatteryExternalStatsWorker: begin updateExternalStatsSync reason=screen-state
12-29 11:02:34.994   447   447 D IMGGralloc: GBuffer--------------(*format)=1
12-29 11:02:34.994   447   447 D IMGGralloc: Gralloc alloc start  w:576, h:1312, f:0x1, usage:0x366, line = 1643
12-29 11:02:34.995   447   447 D IMGGralloc: Gralloc Alloc end  w:576, h:1312, f:0x1, usage:0x366, handle:0xf6d923c0, ui64Stamp:22435, sSize:3022848, line = 2047
12-29 11:02:34.996   447   447 D IMGGralloc: Gralloc Free  w:576, h:1312, f:0x1, usage:0x366, ui64Stamp:22435 line = 2441
12-29 11:02:34.997   485   511 D IMGGralloc: Gralloc Register  w:576, h:1312, f:0x1, usage:0x366, ui64Stamp:22435, sSize:3022848, line = 2335
12-29 11:02:35.004   847   867 D IMGGralloc: Gralloc Register  w:576, h:1312, f:0x1, usage:0x366, ui64Stamp:22435, sSize:3022848, line = 2335
12-29 11:02:35.006   447   447 D IMGGralloc: GBuffer--------------(*format)=1
12-29 11:02:35.006   447   447 D IMGGralloc: Gralloc alloc start  w:576, h:1312, f:0x1, usage:0x366, line = 1643
12-29 11:02:35.007   447   447 D IMGGralloc: Gralloc Alloc end  w:576, h:1312, f:0x1, usage:0x366, handle:0xf6d923c0, ui64Stamp:22443, sSize:3022848, line = 2047
12-29 11:02:35.007   447   447 D IMGGralloc: Gralloc Free  w:576, h:1312, f:0x1, usage:0x366, ui64Stamp:22443 line = 2441
12-29 11:02:35.008   485   512 D IMGGralloc: Gralloc Register  w:576, h:1312, f:0x1, usage:0x366, ui64Stamp:22443, sSize:3022848, line = 2335
12-29 11:02:35.009   485   485 D IMGGralloc: Gralloc Free  w:576, h:1312, f:0x1, usage:0x366, ui64Stamp:22435 line = 2441
12-29 11:02:35.013   374   379 E android.system.suspend@1.0-service: Error opening event_count for wakeup10: Permission denied
12-29 11:02:35.011   374   374 W Binder:374_2: type=1400 audit(0.0:11987): avc: denied { read } for name="event_count" dev="sysfs" ino=27790 scontext=u:r:system_suspend:s0 tcontext=u:object_r:sysfs:s0 tclass=file permissive=0
12-29 11:02:35.013   374   379 E android.system.suspend@1.0-service: Error reading event_count for wakeup10: Bad file descriptor
12-29 11:02:35.013   374   379 E android.system.suspend@1.0-service: Error opening max_time_ms for wakeup10: Permission denied
12-29 11:02:35.011   374   374 W Binder:374_2: type=1400 audit(0.0:11988): avc: denied { read } for name="max_time_ms" dev="sysfs" ino=27795 scontext=u:r:system_suspend:s0 tcontext=u:object_r:sysfs:s0 tclass=file permissive=0
12-29 11:02:35.014   374   379 E android.system.suspend@1.0-service: Error reading max_time_ms for wakeup10: Bad file descriptor
12-29 11:02:35.014   374   379 E android.system.suspend@1.0-service: Error opening wakeup_count for wakeup10: Permission denied
12-29 11:02:35.014   374   379 E android.system.suspend@1.0-service: Error reading wakeup_count for wakeup10: Bad file descriptor
12-29 11:02:35.014   374   379 E android.system.suspend@1.0-service: Error opening total_time_ms for wakeup10: Permission denied
12-29 11:02:35.011   374   374 W Binder:374_2: type=1400 audit(0.0:11989): avc: denied { read } for name="wakeup_count" dev="sysfs" ino=27791 scontext=u:r:system_suspend:s0 tcontext=u:object_r:sysfs:s0 tclass=file permissive=0
12-29 11:02:35.011   374   374 W Binder:374_2: type=1400 audit(0.0:11990): avc: denied { read } for name="total_time_ms" dev="sysfs" ino=27794 scontext=u:r:system_suspend:s0 tcontext=u:object_r:sysfs:s0 tclass=file permissive=0
12-29 11:02:35.011   374   374 W Binder:374_2: type=1400 audit(0.0:11991): avc: denied { read } for name="expire_count" dev="sysfs" ino=27792 scontext=u:r:system_suspend:s0 tcontext=u:object_r:sysfs:s0 tclass=file permissive=0
12-29 11:02:35.011   374   374 W Binder:374_2: type=1400 audit(0.0:11992): avc: denied { read } for name="active_count" dev="sysfs" ino=27789 scontext=u:r:system_suspend:s0 tcontext=u:object_r:sysfs:s0 tclass=file permissive=0
12-29 11:02:35.014   374   374 W Binder:374_2: type=1400 audit(0.0:11993): avc: denied { read } for name="last_change_ms" dev="sysfs" ino=27796 scontext=u:r:system_suspend:s0 tcontext=u:object_r:sysfs:s0 tclass=file permissive=0
12-29 11:02:35.014   374   374 W Binder:374_2: type=1400 audit(0.0:11994): avc: denied { read } for name="prevent_suspend_time_ms" dev="sysfs" ino=27797 scontext=u:r:system_suspend:s0 tcontext=u:object_r:sysfs:s0 tclass=file permissive=0
12-29 11:02:35.014   374   374 W Binder:374_2: type=1400 audit(0.0:11995): avc: denied { read } for name="name" dev="sysfs" ino=27788 scontext=u:r:system_suspend:s0 tcontext=u:object_r:sysfs:s0 tclass=file permissive=0
12-29 11:02:35.014   374   379 E android.system.suspend@1.0-service: Error reading total_time_ms for wakeup10: Bad file descriptor
12-29 11:02:35.014   847   867 D IMGGralloc: Gralloc Register  w:576, h:1312, f:0x1, usage:0x366, ui64Stamp:22443, sSize:3022848, line = 2335
12-29 11:02:35.014   374   379 E android.system.suspend@1.0-service: Error opening expire_count for wakeup10: Permission denied
12-29 11:02:35.014   374   379 E android.system.suspend@1.0-service: Error reading expire_count for wakeup10: Bad file descriptor
12-29 11:02:35.014   374   379 E android.system.suspend@1.0-service: Error opening active_count for wakeup10: Permission denied
12-29 11:02:35.014   374   379 E android.system.suspend@1.0-service: Error reading active_count for wakeup10: Bad file descriptor
12-29 11:02:35.015   847   889 D ActivityTaskManager: Top Process State changed to PROCESS_STATE_TOP_SLEEPING
12-29 11:02:35.015   847   847 I WindowManager: Started going to sleep... (why=OFF_BECAUSE_OF_TIMEOUT)
12-29 11:02:35.015   374   379 E android.system.suspend@1.0-service: Error opening last_change_ms for wakeup10: Permission denied
12-29 11:02:35.015  1158 17484 D KeyguardViewMediator: onStartedGoingToSleep(3)
12-29 11:02:35.016   374   379 E android.system.suspend@1.0-service: Error reading last_change_ms for wakeup10: Bad file descriptor
12-29 11:02:35.016   374   379 E android.system.suspend@1.0-service: Error opening prevent_suspend_time_ms for wakeup10: Permission denied
12-29 11:02:35.016   374   379 E android.system.suspend@1.0-service: Error reading prevent_suspend_time_ms for wakeup10: Bad file descriptor
12-29 11:02:35.016   374   379 E android.system.suspend@1.0-service: Error opening name for wakeup10: Permission denied
12-29 11:02:35.016   374   379 E android.system.suspend@1.0-service: Error reading name for wakeup10: Bad file descriptor
12-29 11:02:35.016   374   379 E android.system.suspend@1.0-service: Error opening active_time_ms for wakeup10: Permission denied
12-29 11:02:35.016   374   379 E android.system.suspend@1.0-service: Error reading active_time_ms for wakeup10: Bad file descriptor
12-29 11:02:35.017  1158  1158 D KeyguardSubsidyController: not Support SubsidyLock
12-29 11:02:35.018   374   379 E android.system.suspend@1.0-service: Error opening event_count for wakeup3: Permission denied
12-29 11:02:35.018   374   379 E android.system.suspend@1.0-service: Error reading event_count for wakeup3: Bad file descriptor
12-29 11:02:35.018   374   379 E android.system.suspend@1.0-service: Error opening max_time_ms for wakeup3: Permission denied
12-29 11:02:35.018   374   379 E android.system.suspend@1.0-service: Error reading max_time_ms for wakeup3: Bad file descriptor
12-29 11:02:35.018   847  4744 V AlarmManager: set(PendingIntent{80918: PendingIntentRecord{6c15f71 com.android.systemui broadcastIntent}}) : type=2 listener=null listenerTag=null triggerAtTime=498910592 win=0 tElapsed=498910593 maxElapsed=498910593 interval=0 flags=0x9
12-29 11:02:35.018   374   379 E android.system.suspend@1.0-service: Error opening wakeup_count for wakeup3: Permission denied
12-29 11:02:35.018   374   379 E android.system.suspend@1.0-service: Error reading wakeup_count for wakeup3: Bad file descriptor
12-29 11:02:35.019   847  4744 D AlarmManagerService: set alarm to kernel: 498910.593000000, type=2 
12-29 11:02:35.019   374   379 E android.system.suspend@1.0-service: Error opening total_time_ms for wakeup3: Permission denied
12-29 11:02:35.019   374   379 E android.system.suspend@1.0-service: Error reading total_time_ms for wakeup3: Bad file descriptor
12-29 11:02:35.019   374   379 E android.system.suspend@1.0-service: Error opening expire_count for wakeup3: Permission denied
12-29 11:02:35.019   374   379 E android.system.suspend@1.0-service: Error reading expire_count for wakeup3: Bad file descriptor
12-29 11:02:35.019   374   379 E android.system.suspend@1.0-service: Error opening active_count for wakeup3: Permission denied
12-29 11:02:35.020   374   379 E android.system.suspend@1.0-service: Error reading active_count for wakeup3: Bad file descriptor
12-29 11:02:35.020   374   379 E android.system.suspend@1.0-service: Error opening last_change_ms for wakeup3: Permission denied
12-29 11:02:35.020   374   379 E android.system.suspend@1.0-service: Error reading last_change_ms for wakeup3: Bad file descriptor
12-29 11:02:35.020   374   379 E android.system.suspend@1.0-service: Error opening prevent_suspend_time_ms for wakeup3: Permission denied
12-29 11:02:35.020   374   379 E android.system.suspend@1.0-service: Error reading prevent_suspend_time_ms for wakeup3: Bad file descriptor
12-29 11:02:35.020   374   379 E android.system.suspend@1.0-service: Error opening name for wakeup3: Permission denied
12-29 11:02:35.020   374   379 E android.system.suspend@1.0-service: Error reading name for wakeup3: Bad file descriptor
12-29 11:02:35.020   374   379 E android.system.suspend@1.0-service: Error opening active_time_ms for wakeup3: Permission denied
12-29 11:02:35.020   374   379 E android.system.suspend@1.0-service: Error reading active_time_ms for wakeup3: Bad file descriptor
12-29 11:02:35.022  1158 17484 D KeyguardViewMediator: setting alarm to turn off keyguard, seq = 50
12-29 11:02:35.023  1158 17484 D KeyguardViewMediator: notifyStartedGoingToSleep
12-29 11:02:35.025   847  4744 V FaceService: getFaceDaemon getFaceEnabledOnKeyguard true hasEnrolledBiometrics false mAllowGetFaceDaemon false
12-29 11:02:35.025   847  4744 V FaceService: getFaceDaemon was not allowed
12-29 11:02:35.026  1158  1158 D LockscreenLockIconController: getState canDismissLockScreen =false isShowing =false isKeyguardGoingAway =false isKeyguardFadingAway =false mSimLocked =false
12-29 11:02:35.027  1158  1158 D KeyguardSubsidyController: not Support SubsidyLock
12-29 11:02:35.027  1158  1158 V KeyguardUpdateMonitor: startListeningForFingerprint()
12-29 11:02:35.027   847   882 D BatteryExternalStatsWorker: end updateExternalStatsSync
12-29 11:02:35.028  1158  1158 D KeyguardSubsidyController: not Support SubsidyLock
12-29 11:02:35.030  1158 17484 D KeyguardViewMediator: notifyScreenTurnedOff
12-29 11:02:35.030   847   889 D SensorManager: unregisterListenerImpl sensor = null, listener = com.android.server.display.AutomaticBrightnessController$2@76160c0
12-29 11:02:35.030   454   827 D SensorHub: SPRD[451]batch::handle[5], flags[0], period_ns[200000000], timeout[0]
12-29 11:02:35.032   847  1272 D SSense.SRecogCollector: sensor type for uid:1000 pkg name:android.uid.system:1000 is:0
12-29 11:02:35.033  1158  1158 D KeyguardSubsidyController: not Support SubsidyLock
12-29 11:02:35.033  1158  1158 D KeyguardViewMediator: handleNotifyStartedGoingToSleep
12-29 11:02:35.033   847  1129 D SensorManager: unregisterListenerImpl sensor = null, listener = com.android.server.display.SunLightProtector$1@1487845
12-29 11:02:35.034   454   827 D SensorHub: SPRD[451]batch::handle[5], flags[0], period_ns[200000000], timeout[0]
12-29 11:02:35.035  1158  1158 D KeyguardViewMediator: handleNotifyScreenTurnedOff
12-29 11:02:35.035  1158  1158 D KeyguardUpdateMonitor: [destoryDialogAndMedia]
12-29 11:02:35.035   467   467 D enhanceHAL: abcSetMode: mode = 0
12-29 11:02:35.035   847   889 V DisplayPowerController: Brightness [-1.0] reason changing to: 'screen_off', previous reason: 'automatic [ dim ]'.
12-29 11:02:35.036   459   459 D LIGHTS  : func:write_int, path=/sys/class/backlight/sprd_backlight/brightness, value=0
12-29 11:02:35.037   628   763 D refnotify: status : sleep 
12-29 11:02:35.037   628   764 D refnotify: refnotify_parse_event: SOURCE = sysfs!
12-29 11:02:35.039   450   450 D IMGGralloc: Gralloc Free  w:720, h:1640, f:0x1, usage:0xb00, ui64Stamp:22415 line = 2441
12-29 11:02:35.040   450   450 D IMGGralloc: Gralloc Free  w:720, h:1640, f:0x1, usage:0xb00, ui64Stamp:22418 line = 2441
12-29 11:02:35.040   450   450 D IMGGralloc: Gralloc Free  w:720, h:1640, f:0x1, usage:0xb00, ui64Stamp:22422 line = 2441
12-29 11:02:35.040   450   450 D IMGGralloc: Gralloc Free  w:1440, h:1640, f:0x1102, usage:0xb00, ui64Stamp:523 line = 2441
12-29 11:02:35.042   485   485 D IMGGralloc: Gralloc Free  w:576, h:1312, f:0x1, usage:0x366, ui64Stamp:22443 line = 2441
12-29 11:02:35.042  1158  1158 D LockscreenLockIconController: getState canDismissLockScreen =false isShowing =false isKeyguardGoingAway =false isKeyguardFadingAway =false mSimLocked =false
12-29 11:02:35.043   847  4744 D AS.AudioService: Volume controller visible: false
12-29 11:02:35.046  1158  1238 D Tile.CellularTile: handleUpdateState() mobileDataEnabled = false
12-29 11:02:35.050   485   485 D SurfaceFlinger: Setting power mode 0 on display 0
12-29 11:02:35.059   847   867 I DisplayManagerService: Display device changed state: "", OFF
12-29 11:02:35.061   847   873 D SensorManager: unregisterListenerImpl sensor = null, listener = com.android.server.display.BrightnessTracker$SensorListener@f9e95f4
12-29 11:02:35.061   454   827 D SensorHub: SPRD[379]setEnable::handle[5], enabled[0]
12-29 11:02:35.064   847   867 I InputManager-JNI: Viewport [0] to add: local:0, isActive: false
12-29 11:02:35.067   847  1060 I InputReader: Reconfiguring input devices, changes=DISPLAY_INFO | 
12-29 11:02:35.068   847  1060 I InputReader: Device reconfigured: id=2, name='fts_ts', size 720x1640, orientation 0, mode 1, display id 0
12-29 11:02:35.068   847   867 D SensorManager: unregisterListenerImpl sensor = null, listener = com.android.server.display.DisplayModeDirector$BrightnessObserver$LightSensorEventListener@d55c40d
12-29 11:02:35.092  1431  2098 D IMGGralloc: Gralloc Free  w:720, h:1640, f:0x1, usage:0xb00, ui64Stamp:22415 line = 2441
12-29 11:02:35.092  1431  2098 D IMGGralloc: Gralloc Free  w:720, h:1640, f:0x1, usage:0xb00, ui64Stamp:22418 line = 2441
12-29 11:02:35.093  1431  2098 D IMGGralloc: Gralloc Free  w:720, h:1640, f:0x1, usage:0xb00, ui64Stamp:22422 line = 2441
12-29 11:02:35.093   485   587 D IMGGralloc: Gralloc Free  w:720, h:1640, f:0x1, usage:0xb00, ui64Stamp:22418 line = 2441
12-29 11:02:35.095   485   587 D IMGGralloc: Gralloc Free  w:720, h:1640, f:0x1, usage:0xb00, ui64Stamp:22422 line = 2441
12-29 11:02:35.257   847  1272 D SSense.SRecogCollector: Rect 0 for uid:10137 pkg name:org.yl.mycamera is:Rect(18, 633 - 701, 976)
12-29 11:02:35.257   847  1272 D SSense.SRecogCollector: isNormalBounds rect:Rect(18, 633 - 701, 976)
12-29 11:02:35.257   847  1272 D SSense.SRecogCollector: Normal Bounds
12-29 11:02:35.257   847  1272 D SSense.SRecogCollector: Small Screen
12-29 11:02:35.258   847  1272 D SSense.SRecogCollector: top comp:ComponentInfo{com.android.launcher3/com.android.launcher3.uioverrides.QuickstepLauncher}
12-29 11:02:35.258   847  1272 D SSense.SRecogCollector: re add org.yl.mycamera/.MainActivity to visible app list!
12-29 11:02:35.259   847  1272 D SSense.SRecogCollector: handleVisibleAppChanged: SSense.AppBehaviorInfo{packageName: com.android.launcher3, uid: 10122, mVisibleComponent:com.android.launcher3/.uioverrides.QuickstepLauncher, mRequestSensorType: 0, mRequestAudioType: 0, mRequestmAudioPlayerState: 0, mRequestVideoType: 0, mRequestScreenType: 0, mRequestFpsType: 0, mRequestTouchRateType: 0, mRequestGPSType: 0, mVideoWidth: 0, mVideoHeight: 0, mScreenTypeWhenStarted: 4, mStartUpComponent:com.android.launcher3/.uioverrides.QuickstepLauncher, mAppFirstStartStamp: 42064, mLastAudioStartStamp: 0, mLastVideoStartStamp: 0, mTouchRateDuration: 0, mVideoStartType: 0, mVideoPlaying: false, mVisible:true, mGetHFullScreenWhenRotationEnabled:false, mAudioStartCountSinceScreenChanged:0, mVisibleWindowCount:1, mRequestScreenTypeForMaxWindow:4 }
12-29 11:02:35.259   847  1272 D SSense.SRecogCollector: Rect 0 for uid:10137 pkg name:org.yl.mycamera is:Rect(18, 633 - 701, 976)
12-29 11:02:35.259   847  1272 D SSense.SRecogCollector: isNormalBounds rect:Rect(18, 633 - 701, 976)
12-29 11:02:35.259   847  1272 D SSense.SRecogCollector: Normal Bounds
12-29 11:02:35.259   847  1272 D SSense.SRecogCollector: Small Screen
12-29 11:02:35.260   847  1272 D SSense.SRecogCollector: handleVisibleAppChanged: SSense.AppBehaviorInfo{packageName: org.yl.mycamera, uid: 10137, mVisibleComponent:org.yl.mycamera/.MainActivity, mRequestSensorType: 0, mRequestAudioType: 0, mRequestmAudioPlayerState: 0, mRequestVideoType: 0, mRequestScreenType: 5, mRequestFpsType: 0, mRequestTouchRateType: 0, mRequestGPSType: 0, mVideoWidth: 0, mVideoHeight: 0, mScreenTypeWhenStarted: 4, mStartUpComponent:org.yl.mycamera/.MainActivity, mAppFirstStartStamp: 498819689, mLastAudioStartStamp: 0, mLastVideoStartStamp: 0, mTouchRateDuration: 0, mVideoStartType: 0, mVideoPlaying: false, mVisible:true, mGetHFullScreenWhenRotationEnabled:false, mAudioStartCountSinceScreenChanged:0, mVisibleWindowCount:1, mRequestScreenTypeForMaxWindow:5 }
12-29 11:02:35.260   847  1272 D SSense.VideoRecognizer: highFps mCurrentFPS:0.0
12-29 11:02:35.260   847  1272 D SSense.VideoRecognizer: VideoScene for uid:10122 pkg name:com.android.launcher3 sceneId:0 changed:false mHasVideoPlaying:false
12-29 11:02:35.260   847  1272 D SSense.GameRecognizer: highFps mCurrentFPS:0.0
12-29 11:02:35.260   847  1272 D SSense.GameRecognizer: GameScene for uid:10122 pkg name:com.android.launcher3 sceneId:0 changed:false mHasGamePlaying:false mCurrentGameAppName:null
12-29 11:02:35.260   847  1272 D SSense.VideoRecognizer: highFps mCurrentFPS:0.0
12-29 11:02:35.260   847  1272 D SSense.VideoRecognizer: VideoScene for uid:10137 pkg name:org.yl.mycamera sceneId:0 changed:false mHasVideoPlaying:false
12-29 11:02:35.260   847  1272 D SSense.GameRecognizer: highFps mCurrentFPS:0.0
12-29 11:02:35.260   847  1272 D SSense.GameRecognizer: GameScene for uid:10137 pkg name:org.yl.mycamera sceneId:0 changed:false mHasGamePlaying:false mCurrentGameAppName:null
12-29 11:02:35.465   450   450 D SPRDHWComposer: Excessive delay in drm_blank(): 413ms
12-29 11:02:35.466   485   485 D SurfaceFlinger: Finished setting power mode 0 on display 0
12-29 11:02:35.466   847  1130 D SurfaceControl: Excessive delay in setPowerMode()
12-29 11:02:35.467   457   457 D PowerHAL: Enter power_set_interactive: 0
12-29 11:02:35.467   457   457 E PowerHAL: scene_id_to_string(2147418163, 0) fail
12-29 11:02:35.467   457   457 D PowerHAL: ###Enter screen_off scene bgn###
12-29 11:02:35.467   457   457 D PowerHAL: Enter common_set: enable:1, duration: 0, /sys/devices/system/cpu/cpu0/cpufreq/schedutil/freq_margin: 0
12-29 11:02:35.468   457   457 D PowerHAL: Enter common_set: enable:1, duration: 0, /sys/devices/system/cpu/cpu4/cpufreq/schedutil/freq_margin: 0
12-29 11:02:35.468   457   457 D PowerHAL: Enter common_set: enable:1, duration: 0, /proc/sys/kernel/sched_walt_cross_window_util: 0
12-29 11:02:35.468   457   457 D PowerHAL: ###Enter screen_off scene end###
12-29 11:02:35.468   457   457 D PowerHAL: Exit power_set_interactive: 0
12-29 11:02:35.468   847   889 I DreamManagerService: Entering dreamland.
12-29 11:02:35.469   847   889 I PowerManagerService: Dozing...
12-29 11:02:35.469   847   864 D BroadcastQueue: Add broadcast <BroadcastRecord{23b81ad u-1 android.intent.action.CLOSE_SYSTEM_DIALOGS}> into [parallel | background], pending size 0
12-29 11:02:35.470   847   864 I DreamController: Starting dream: name=ComponentInfo{com.android.systemui/com.android.systemui.doze.DozeService}, isTest=false, canDoze=true, userId=0
12-29 11:02:35.471   847   874 D BroadcastQueue: Done with parallel broadcast [background] [BroadcastRecord{23b81ad u-1 android.intent.action.CLOSE_SYSTEM_DIALOGS}]
12-29 11:02:35.472  1158  1158 V ShadeControllerImpl: NotificationShadeWindow: com.android.systemui.statusbar.phone.NotificationShadeWindowView{4f385bf I.E...... ......ID 0,0-720,1640} canPanelBeCollapsed(): false isQsCustomizerShowing = false
12-29 11:02:35.472  1134  1134 D StkAppService: Exception Exception :java.lang.StringIndexOutOfBoundsException: length=0; index=3
12-29 11:02:35.473   847   865 D IMGGralloc: Gralloc Free  w:795, h:455, f:0x1, usage:0x966, ui64Stamp:22386 line = 2441
12-29 11:02:35.473   847  2011 D AS.AudioService: Volume controller visible: false
12-29 11:02:35.473   485   587 D IMGGralloc: Gralloc Free  w:795, h:455, f:0x1, usage:0x966, ui64Stamp:22386 line = 2441
12-29 11:02:35.474   847   865 D IMGGralloc: Gralloc Free  w:795, h:455, f:0x1, usage:0x966, ui64Stamp:22390 line = 2441
12-29 11:02:35.474   847   864 D AutofillManagerService: Close system dialogs
12-29 11:02:35.480  1158  1158 V KeyguardUpdateMonitor: *** register callback for com.android.systemui.doze.DozeUi$1@b2fb4e2
12-29 11:02:35.480  1158  1158 V KeyguardUpdateMonitor: *** unregister callback for null
12-29 11:02:35.481   847   865 I WindowManager: Input focus has changed to null
12-29 11:02:35.482   847   868 D WindowManager: update input focus to null , run:true
12-29 11:02:35.482   847   867 D SSense  : windowsChanged
12-29 11:02:35.483   847  5818 I ActivityManager: Killing 1247:org.yl.mycamera/u0a137 (adj 800): crash
12-29 11:02:35.483   847  5818 V ActivityManager: Clean up application record for ProcessRecord{b0d836b 1247:org.yl.mycamera/u0a137} restarting=false allowRestart=false index=-1 replacingPid=false
12-29 11:02:35.486   847  1272 D SSense.SRecogCollector: top comp:ComponentInfo{com.android.launcher3/com.android.launcher3.uioverrides.QuickstepLauncher}
12-29 11:02:35.486   847  1272 D SSense.SRecogCollector: handleVisibleAppChanged: SSense.AppBehaviorInfo{packageName: com.android.launcher3, uid: 10122, mVisibleComponent:com.android.launcher3/.uioverrides.QuickstepLauncher, mRequestSensorType: 0, mRequestAudioType: 0, mRequestmAudioPlayerState: 0, mRequestVideoType: 0, mRequestScreenType: 0, mRequestFpsType: 0, mRequestTouchRateType: 0, mRequestGPSType: 0, mVideoWidth: 0, mVideoHeight: 0, mScreenTypeWhenStarted: 4, mStartUpComponent:com.android.launcher3/.uioverrides.QuickstepLauncher, mAppFirstStartStamp: 42064, mLastAudioStartStamp: 0, mLastVideoStartStamp: 0, mTouchRateDuration: 0, mVideoStartType: 0, mVideoPlaying: false, mVisible:true, mGetHFullScreenWhenRotationEnabled:false, mAudioStartCountSinceScreenChanged:0, mVisibleWindowCount:1, mRequestScreenTypeForMaxWindow:4 }
12-29 11:02:35.486   847  1272 D SSense.VideoRecognizer: highFps mCurrentFPS:0.0
12-29 11:02:35.486   847  1272 D SSense.VideoRecognizer: VideoScene for uid:10122 pkg name:com.android.launcher3 sceneId:0 changed:false mHasVideoPlaying:false
12-29 11:02:35.486   847  1272 D SSense.GameRecognizer: highFps mCurrentFPS:0.0
12-29 11:02:35.486   847  1272 D SSense.GameRecognizer: GameScene for uid:10122 pkg name:com.android.launcher3 sceneId:0 changed:false mHasGamePlaying:false mCurrentGameAppName:null
12-29 11:02:35.486   847  1272 D SSense.VideoRecognizer: highFps mCurrentFPS:0.0
12-29 11:02:35.487   847  1272 D SSense.VideoRecognizer: VideoScene for uid:10137 pkg name:org.yl.mycamera sceneId:0 changed:false mHasVideoPlaying:false
12-29 11:02:35.487   847  1272 D SSense.GameRecognizer: GameScene for uid:10137 pkg name:org.yl.mycamera sceneId:0 changed:false mHasGamePlaying:false mCurrentGameAppName:null
12-29 11:02:35.487   847   864 D BroadcastQueue: Add broadcast <BroadcastRecord{e3c62eb u-1 android.intent.action.DREAMING_STARTED}> into [parallel | background], pending size 0
12-29 11:02:35.489   847   874 D BroadcastQueue: Done with parallel broadcast [background] [BroadcastRecord{e3c62eb u-1 android.intent.action.DREAMING_STARTED}]
12-29 11:02:35.489   847   847 V AlarmManager: set(null) : type=2 listener=android.app.AlarmManager$ListenerWrapper@29be848 listenerTag=JS idleness triggerAtTime=500766063 win=300000 tElapsed=500766063 maxElapsed=501066063 interval=0 flags=0x8
12-29 11:02:35.490   847  2011 I InputDispatcher: Focus left window: Window{99db3d2 u0 Application Error: org.yl.mycamera} in display 0
12-29 11:02:35.491   847  2011 V AlarmManager: set(PendingIntent{cab40f4: PendingIntentRecord{6490135 com.google.android.gms/com.google.android.gms.gcm broadcastIntent}}) : type=3 listener=null listenerTag=null triggerAtTime=499806066 win=675000 tElapsed=499806066 maxElapsed=500481066 interval=0 flags=0x0
12-29 11:02:35.498  1158  1158 D StatusBar: updateQsExpansionEnabled - QS Expand enabled: false
12-29 11:02:35.501  1158  1332 D KeyguardViewMediator: updateActivityLockScreenState(false, true)
12-29 11:02:35.504   847   867 V UsbDeviceManager: onKeyguardStateChanged: isShowing:false secure:true user:0
12-29 11:02:35.504   847   867 I StorageManagerService: Cmd send onSecureKeyguardStateChanged isShowing = false mSecureKeyguardShowing = false
12-29 11:02:35.506  1158  1470 D SmartSpaceViewCtrl: Setup client library, type: com.google.android.apps.oemsmartspace.SMARTSPACE_FOR_SYSUI
12-29 11:02:35.506  1158  1158 D StatusBar: updateQsExpansionEnabled - QS Expand enabled: false
12-29 11:02:35.507  1158  1470 D SmartSpaceViewCtrl: Register package for smartspace update
12-29 11:02:35.507  1158  1470 D SmartSpaceViewCtrl: smartspaceType: com.google.android.apps.oemsmartspace.SMARTSPACE_FOR_SYSUI
12-29 11:02:35.507  1158  1470 D SmartSpaceViewCtrl: package name:com.android.systemui
12-29 11:02:35.508  1158  1470 E ProtoStore: no cached data for card type: weather
12-29 11:02:35.512   847  1418 V FaceService: getFaceDaemon getFaceEnabledOnKeyguard true hasEnrolledBiometrics false mAllowGetFaceDaemon false
12-29 11:02:35.513   847  1418 V FaceService: getFaceDaemon was not allowed
12-29 11:02:35.514  1158  1158 D StatusBar: onKeyguardViewManagerStatesUpdated
12-29 11:02:35.514  1158  1158 D EmergencyButton: onDozingChanged isDozing true
12-29 11:02:35.514  1158  1158 D EmergencyButton: updateEmergencyCallButton isInsideKeyguardBottomArea
12-29 11:02:35.514  1158  1158 D LockscreenLockIconController: getState canDismissLockScreen =false isShowing =false isKeyguardGoingAway =false isKeyguardFadingAway =false mSimLocked =false
12-29 11:02:35.516  1158  1158 D StatusBar: updateQsExpansionEnabled - QS Expand enabled: false
12-29 11:02:35.524  1158  1158 D StatusBar: disable<e i a s b h r c s > disable2<q i n >
12-29 11:02:35.528   847  1418 D BroadcastQueue: Add broadcast <BroadcastRecord{41fdcdb u-1 android.intent.action.SIM_STATE_CHANGED}> into [parallel | background], pending size 0
12-29 11:02:35.529   847   874 D BroadcastQueue: Done with parallel broadcast [background] [BroadcastRecord{41fdcdb u-1 android.intent.action.SIM_STATE_CHANGED}]
12-29 11:02:35.526  1158  1158 D StatusBar: disable<e i a s b h r c s > disable2<q i n >
12-29 11:02:35.530  1158  1238 D Tile.CellularTile: handleUpdateState() mobileDataEnabled = false
12-29 11:02:35.535  1158  1158 D KeyguardSubsidyController: not Support SubsidyLock
12-29 11:02:35.535  1158  1158 V KeyguardUpdateMonitor: startListeningForFingerprint()
12-29 11:02:35.536   847   847 I WindowManager: Finished going to sleep... (why=OFF_BECAUSE_OF_TIMEOUT)
12-29 11:02:35.536  1158  1158 D KeyguardSubsidyController: not Support SubsidyLock
12-29 11:02:35.536  1158 17484 D KeyguardViewMediator: onFinishedGoingToSleep(3)
12-29 11:02:35.536  1158 17484 D KeyguardViewMediator: notifyFinishedGoingToSleep
12-29 11:02:35.538  1158  1158 D KeyguardSubsidyController: not Support SubsidyLock
12-29 11:02:35.538   847   847 D BroadcastQueue: Add broadcast <BroadcastRecord{587d28e u-1 android.intent.action.SCREEN_OFF}> into [ordered | foreground], pending size 0
12-29 11:02:35.538   847   847 D BroadcastQueue: Header is BroadcastRecord{587d28e u-1 android.intent.action.SCREEN_OFF} now
12-29 11:02:35.543   847  1275 D SSense.fps: onScreenOn:false
12-29 11:02:35.551  1134  1886 D SubscriptionController: mSubsidyLock = false
12-29 11:02:35.552  1158  1158 D StatusBar: disable<e i a s b h r c s > disable2<q i n >
12-29 11:02:35.552  1158  1158 W View    : requestLayout() improperly called by com.android.keyguard.CarrierText{451365e V.ED..... ......ID 28,0-302,70 #7f0a027f app:id/keyguard_carrier_text} during layout: running second layout pass
12-29 11:02:35.553   447   447 D IMGGralloc: GBuffer--------------(*format)=1
12-29 11:02:35.553   447   447 D IMGGralloc: Gralloc alloc start  w:720, h:1640, f:0x1, usage:0x900, line = 1643
12-29 11:02:35.554   447   447 D IMGGralloc: Gralloc Alloc end  w:720, h:1640, f:0x1, usage:0x900, handle:0xf6d923c0, ui64Stamp:22458, sSize:4747264, line = 2047
12-29 11:02:35.554   447   447 D IMGGralloc: Gralloc Free  w:720, h:1640, f:0x1, usage:0x900, ui64Stamp:22458 line = 2441
12-29 11:02:35.555   485   891 D IMGGralloc: Gralloc Register  w:720, h:1640, f:0x1, usage:0x900, ui64Stamp:22458, sSize:4747264, line = 2335
12-29 11:02:35.555   847   847 D AS.AudioService: onReceive()  action= android.intent.action.SCREEN_OFF
12-29 11:02:35.555   447   447 D IMGGralloc: GBuffer--------------(*format)=1
12-29 11:02:35.555   447   447 D IMGGralloc: Gralloc alloc start  w:720, h:1640, f:0x1, usage:0x900, line = 1643
12-29 11:02:35.556   440  9800 I audio_hw_primary: adev_set_parameters  kvpairs : screen_state=off
12-29 11:02:35.556   440  9800 I audio_hw_primary: yyy,vendor/sprd/moudle/audio/normal,adev_set_parameters  ret_on : -2
12-29 11:02:35.556   440  9800 I audio_hw_primary: yyy,vendor/sprd/moudle/audio/normal,adev_set_parameters  ret0 : -2
12-29 11:02:35.556   440  9800 I audio_hw_primary: yyy,audio_para_ptr!=NULL
12-29 11:02:35.556   440  9800 I audio_hw_primary: jwq.d screen_off disable normal pownerhint
12-29 11:02:35.556   440  9800 I AudioCustom_MMI: AudioMMIParse MMI test is close!
12-29 11:02:35.556   440  9800 V audio_hw_primary: AudioCustom_MmiParse Is OFF
12-29 11:02:35.556   447   447 D IMGGralloc: Gralloc Alloc end  w:720, h:1640, f:0x1, usage:0x900, handle:0xf6d923c0, ui64Stamp:22462, sSize:4747264, line = 2047
12-29 11:02:35.557   447   447 D IMGGralloc: Gralloc Free  w:720, h:1640, f:0x1, usage:0x900, ui64Stamp:22462 line = 2441
12-29 11:02:35.558   485   891 D IMGGralloc: Gralloc Register  w:720, h:1640, f:0x1, usage:0x900, ui64Stamp:22462, sSize:4747264, line = 2335
12-29 11:02:35.558   447   447 D IMGGralloc: GBuffer--------------(*format)=1
12-29 11:02:35.558   447   447 D IMGGralloc: Gralloc alloc start  w:720, h:1640, f:0x1, usage:0x900, line = 1643
12-29 11:02:35.559   847   847 V AlarmManager: set(null) : type=2 listener=android.app.AlarmManager$ListenerWrapper@29be848 listenerTag=JS idleness triggerAtTime=500766133 win=300000 tElapsed=500766133 maxElapsed=501066133 interval=0 flags=0x8
12-29 11:02:35.559  1134  1886 D SubscriptionController: mSubsidyLock = false
12-29 11:02:35.560   447   447 D IMGGralloc: Gralloc Alloc end  w:720, h:1640, f:0x1, usage:0x900, handle:0xf6d923c0, ui64Stamp:22466, sSize:4747264, line = 2047
12-29 11:02:35.560   447   447 D IMGGralloc: Gralloc Free  w:720, h:1640, f:0x1, usage:0x900, ui64Stamp:22466 line = 2441
12-29 11:02:35.561   847   847 D AlarmManagerService: set alarm to kernel: 498910.592000000, type=2 
12-29 11:02:35.562   485   891 D IMGGralloc: Gralloc Register  w:720, h:1640, f:0x1, usage:0x900, ui64Stamp:22466, sSize:4747264, line = 2335
12-29 11:02:35.562   435   435 I Zygote  : Process 1247 exited due to signal 9 (Killed)
12-29 11:02:35.564  1158  1238 D Tile.CellularTile: handleUpdateState() mobileDataEnabled = false
12-29 11:02:35.566  1158  1238 I chatty  : uid=10118(com.android.systemui) SysUiBg identical 1 line
12-29 11:02:35.567  1158  1238 D Tile.CellularTile: handleUpdateState() mobileDataEnabled = false
12-29 11:02:35.568   485   891 D IMGGralloc: Gralloc Free  w:720, h:1640, f:0x1, usage:0x900, ui64Stamp:22466 line = 2441
12-29 11:02:35.569   447   447 D IMGGralloc: GBuffer--------------(*format)=1
12-29 11:02:35.569   447   447 D IMGGralloc: Gralloc alloc start  w:720, h:1640, f:0x1, usage:0xb00, line = 1643
12-29 11:02:35.570   847   864 I GnssLocationProvider: receive broadcast intent, action: android.intent.action.SCREEN_OFF
12-29 11:02:35.571   447   447 D IMGGralloc: Gralloc Alloc end  w:720, h:1640, f:0x1, usage:0xb00, handle:0xf6d923c0, ui64Stamp:22470, sSize:4747264, line = 2047
12-29 11:02:35.571   447   447 D IMGGralloc: Gralloc Free  w:720, h:1640, f:0x1, usage:0xb00, ui64Stamp:22470 line = 2441
12-29 11:02:35.571   485   891 D IMGGralloc: Gralloc Register  w:720, h:1640, f:0x1, usage:0xb00, ui64Stamp:22470, sSize:4747264, line = 2335
12-29 11:02:35.572  1158  1474 D IMGGralloc: Gralloc Register  w:720, h:1640, f:0x1, usage:0xb00, ui64Stamp:22470, sSize:4747264, line = 2335
12-29 11:02:35.572   847   876 I libprocessgroup: Successfully killed process cgroup uid 10137 pid 1247 in 88ms
12-29 11:02:35.585  1158  1158 D SmartspaceView: onNoCardAndChipShown, height: 47
12-29 11:02:35.589  1158  1158 D SmartspaceView: onNoCardAndChipShown, height: 47
12-29 11:02:35.595  1158  1158 D KeyguardViewMediator: handleNotifyFinishedGoingToSleep
12-29 11:02:35.595  1158  1158 V KeyguardStatusView: Schedule setEnableMarquee: Disable
12-29 11:02:35.595  1158  1158 V KeyguardStatusView: Disable transport text marquee
12-29 11:02:35.596  1158  1158 D KeyguardSubsidyController: not Support SubsidyLock
12-29 11:02:35.596  1158  1158 V KeyguardUpdateMonitor: startListeningForFingerprint()
12-29 11:02:35.598  1158  1158 D KeyguardSubsidyController: not Support SubsidyLock
12-29 11:02:35.599  1158  1158 D KeyguardSubsidyController: not Support SubsidyLock
12-29 11:02:35.599  1158  1158 D LockscreenLockIconController: getState canDismissLockScreen =false isShowing =false isKeyguardGoingAway =false isKeyguardFadingAway =false mSimLocked =false
12-29 11:02:35.600  1158  1158 D StatusBar: disable<e i a s b h r c s > disable2<q i n >
12-29 11:02:35.600  1158  1158 I chatty  : uid=10118(com.android.systemui) identical 2 lines
12-29 11:02:35.600  1158  1158 D StatusBar: disable<e i a s b h r c s > disable2<q i n >
12-29 11:02:35.601  1158  1158 D malijie000: pwm=39
12-29 11:02:35.602  1134  1134 I UniLocationManager: mBroadcastReceiver: action android.intent.action.SCREEN_OFF isLocationEnabled true
12-29 11:02:35.602  1158  1158 D malijie0000: pwm=44
12-29 11:02:35.602  1158  1158 D malijie0000: x=37.34931068732102
12-29 11:02:35.602   847  2020 I LocationManagerService: remove 7b67973
12-29 11:02:35.603  1925  1925 I DeviceStatusMonitor: DeviceStatusMonitor$1.onReceive():57 onReceive() : Action = android.intent.action.SCREEN_OFF
12-29 11:02:35.604  1925  1925 I InputBundle: InputBundle.consumeEvent():944 Skip consuming an event as imeStatus is 0
12-29 11:02:35.606   847  2020 I LocationManagerService: applyRequirementsLocked, Name: passive, Packages: {android}
12-29 11:02:35.606   847  2020 I LocationManagerService: applyRequirementsLocked, isForegroundOnlyMode: false, shouldThrottleRequests: false
12-29 11:02:35.606  1134  1134 I UniLocationManager: stopReceivingLocationUpdates
12-29 11:02:35.607  1925  1925 I DeviceStatusMonitor: DeviceStatusMonitor.updateCountryInfo():117 updateCountryInfo(), notifyAnyway = false
12-29 11:02:35.607  1158  1158 V KeyguardUpdateMonitor: *** register callback for com.android.keyguard.CarrierTextController$2@d4fd74c
12-29 11:02:35.607  1158  1158 V KeyguardUpdateMonitor: *** unregister callback for null
12-29 11:02:35.607  1158  1158 D CarrierTextController: onRefreshCarrierInfo(), mTelephonyCapable: true
12-29 11:02:35.608  1158  1158 D CarrierTextController: getCellLacInfo(): 0
12-29 11:02:35.608  1158  1158 D CarrierTextController: updateCarrierText(): 0
12-29 11:02:35.608  1158  1158 D CarrierTextController: Getting plmn/spn sticky brdcst /
12-29 11:02:35.609  1158  1158 D CarrierTextController: onTelephonyCapable() mTelephonyCapable: true
12-29 11:02:35.609  1158  1158 D CarrierTextController: updateCarrierText(): 0
12-29 11:02:35.611  1158  1158 D CarrierTextController: Getting plmn/spn sticky brdcst /
12-29 11:02:35.611  1158  1158 D CarrierTextController: onSimStateChanged: SimMissing
12-29 11:02:35.613   847  1418 D BroadcastQueue: Add broadcast <BroadcastRecord{270b1f2 u0 com.google.android.gms.gcm.ACTION_SCHEDULE}> into [ordered | background], pending size 0
12-29 11:02:35.613   847  1418 D BroadcastQueue: Header is BroadcastRecord{270b1f2 u0 com.google.android.gms.gcm.ACTION_SCHEDULE} now
12-29 11:02:35.621   847  4013 I WindowManager: Input focus has changed to Window{c508d8b u0 NotificationShade}
12-29 11:02:35.622   847   868 D WindowManager: update input focus to Window{c508d8b u0 NotificationShade} , run:true
12-29 11:02:35.612  1158  1158 D CarrierTextController: onSimStateChanged: SimMissing
12-29 11:02:35.629  1158  1158 D vol.VolumeDialogImpl: mDialog.dismiss() faile reason return
12-29 11:02:35.630   847   867 V WindowManager: Orientation start waiting for draw, mDrawState=DRAW_PENDING in Window{c508d8b u0 NotificationShade}, surfaceController Surface(name=NotificationShade)/@0x1ac52b5
12-29 11:02:35.633   847   867 D SSense  : windowsChanged
12-29 11:02:35.634   847  1272 D SSense.SRecogCollector: top comp:ComponentInfo{com.android.launcher3/com.android.launcher3.uioverrides.QuickstepLauncher}
