--------- beginning of system
12-28 16:07:55.792   847  1307 I chatty  : uid=1000(system) Binder:847_7 expire 2 lines
12-28 16:07:56.600   847  1095 I chatty  : uid=1000(system) DeviceStorageMo expire 1 line
12-28 16:07:58.618   847   882 I chatty  : uid=1000(system) batterystats-wo expire 2 lines
12-28 16:07:58.672   847   847 I chatty  : uid=1000 system_server expire 3 lines
12-28 16:07:58.676   847   867 I chatty  : uid=1000(system) android.display expire 5 lines
12-28 16:07:58.681   847   874 I chatty  : uid=1000(system) ActivityManager expire 3 lines
12-28 16:07:58.706   847   868 I chatty  : uid=1000(system) android.anim expire 1 line
12-28 16:07:58.722   847  1115 I chatty  : uid=1000(system) SmartSS.bg expire 1 line
12-28 16:07:59.084   847   864 I chatty  : uid=1000(system) android.fg expire 4 lines
12-28 16:07:59.102   847  4076 I chatty  : uid=1000(system) Binder:847_18 expire 5 lines
12-28 16:07:59.110   847   867 I chatty  : uid=1000(system) android.display expire 4 lines
12-28 16:07:59.136   847   874 I chatty  : uid=1000(system) ActivityManager expire 2 lines
12-28 16:07:59.146   847   847 I chatty  : uid=1000 system_server expire 6 lines
12-28 16:07:59.148   847  1056 I chatty  : uid=1000(system) PowerGuruServic expire 1 line
12-28 16:07:59.156   847  1275 I chatty  : uid=1000(system) SSense expire 1 line
12-28 16:07:59.227   847   868 I chatty  : uid=1000(system) android.anim expire 1 line
12-28 16:07:59.242   847  1272 I chatty  : uid=1000(system) SRecogCollector expire 1 line
12-28 16:07:59.242   847  1923 I chatty  : uid=1000(system) Binder:847_9 expire 13 lines
12-28 16:07:59.254   847  2545 I chatty  : uid=1000(system) Binder:847_12 expire 4 lines
12-28 16:08:00.001   847  1057 I chatty  : uid=1000(system) AlarmManager expire 7 lines
12-28 16:08:03.672   847   882 I chatty  : uid=1000(system) batterystats-wo expire 2 lines
12-28 16:08:03.760   847   870 I chatty  : uid=1000(system) watchdog expire 2 lines
12-28 16:08:03.776   847  1307 I chatty  : uid=1000(system) Binder:847_7 expire 3 lines
12-28 16:08:03.803  1158  1158 V KeyguardStatusView: refresh statusview showing:true
12-28 16:08:03.815   847  1923 I chatty  : uid=1000(system) Binder:847_9 expire 3 lines
12-28 16:08:03.823   847   867 I chatty  : uid=1000(system) android.display expire 2 lines
12-28 16:08:03.823   847   847 I chatty  : uid=1000 system_server expire 6 lines
12-28 16:08:03.823   847   864 I chatty  : uid=1000(system) android.fg expire 1 line
12-28 16:09:59.710   847  1057 I chatty  : uid=1000(system) AlarmManager expire 20 lines
12-28 16:10:00.464   847   874 I chatty  : uid=1000(system) ActivityManager expire 6 lines
12-28 16:10:00.464   847  1084 I chatty  : uid=1000(system) WifiHandlerThre expire 2 lines
12-28 16:10:00.477   847  1087 I chatty  : uid=1000(system) WifiScanningSer expire 1 line
12-28 16:10:59.723   847   873 I chatty  : uid=1000(system) android.bg expire 3 lines
12-28 16:15:59.708   847   882 I chatty  : uid=1000(system) batterystats-wo expire 4 lines
12-28 16:25:00.741   847   874 I chatty  : uid=1000(system) ActivityManager expire 4 lines
12-28 16:25:00.744   847  1057 I chatty  : uid=1000(system) AlarmManager expire 19 lines
12-28 16:25:00.747   847  1923 I chatty  : uid=1000(system) Binder:847_9 expire 3 lines
12-28 16:25:00.790   847  1272 I chatty  : uid=1000(system) SRecogCollector expire 1 line
12-28 16:25:00.792   847   873 I chatty  : uid=1000(system) android.bg expire 3 lines
12-28 16:30:00.006   847   847 I chatty  : uid=1000 system_server expire 4 lines
12-28 16:30:00.025   847  1084 I chatty  : uid=1000(system) WifiHandlerThre expire 2 lines
12-28 16:30:00.026   847  1307 I chatty  : uid=1000(system) Binder:847_7 expire 2 lines
12-28 16:30:00.041   847  1087 I chatty  : uid=1000(system) WifiScanningSer expire 1 line
12-28 16:30:00.045   847  1080 I chatty  : uid=1000(system) NetworkStats expire 3 lines
12-28 16:30:00.047   847   875 I chatty  : uid=1000(system) ActivityManager expire 2 lines
12-28 16:30:00.056   847  2545 I chatty  : uid=1000(system) Binder:847_12 expire 6 lines
12-28 16:30:00.589   847   874 I chatty  : uid=1000(system) ActivityManager expire 3 lines
12-28 16:30:01.207   847  1057 I chatty  : uid=1000(system) AlarmManager expire 3 lines
12-28 16:30:01.215   847   865 I chatty  : uid=1000(system) android.ui expire 2 lines
12-28 16:30:01.218   847  1923 I chatty  : uid=1000(system) Binder:847_9 expire 3 lines
12-28 16:30:01.219   847   875 I chatty  : uid=1000(system) ActivityManager expire 26 lines
12-28 16:30:02.080 29379 29379 W ActivityThread: Main thread can not be idle for a long time.
12-28 16:30:02.169   847  4076 I chatty  : uid=1000(system) Binder:847_18 expire 3 lines
12-28 16:30:03.105   847   847 I chatty  : uid=1000 system_server expire 9 lines
12-28 16:30:03.265   847   875 I chatty  : uid=1000(system) ActivityManager expire 4 lines
12-28 16:30:03.347   847  4076 I chatty  : uid=1000(system) Binder:847_18 expire 2 lines
12-28 16:30:03.517   847  1996 I chatty  : uid=1000(system) Binder:847_B expire 3 lines
12-28 16:30:03.520   847  4436 I chatty  : uid=1000(system) Binder:847_19 expire 6 lines
12-28 16:30:03.662   847   861 I chatty  : uid=1000(system) Binder:847_1 expire 2 lines
12-28 16:30:03.673   847  1307 I chatty  : uid=1000(system) Binder:847_7 expire 1 line
12-28 16:30:03.673   847   874 I chatty  : uid=1000(system) ActivityManager expire 2 lines
12-28 16:30:03.681   847   882 I chatty  : uid=1000(system) batterystats-wo expire 2 lines
12-28 16:30:03.693 29582 29582 D ActivityThread: Loading provider contacts;com.android.contacts: com.android.providers.contacts.ContactsProvider2
12-28 16:30:03.751   847  2545 I chatty  : uid=1000(system) Binder:847_12 expire 1 line
12-28 16:30:03.760   847  1923 I chatty  : uid=1000(system) Binder:847_9 expire 1 line
12-28 16:30:03.895   847  1088 I chatty  : uid=1000(system) ConnectivitySer expire 2 lines
12-28 16:30:03.941   847  2563 I chatty  : uid=1000(system) Binder:847_13 expire 4 lines
12-28 16:30:03.942   847  1272 I chatty  : uid=1000(system) SRecogCollector expire 4 lines
12-28 16:30:03.979   847  5818 I chatty  : uid=1000(system) Binder:847_20 expire 3 lines
12-28 16:30:04.490   847   893 I chatty  : uid=1000(system) PackageManager expire 1 line
12-28 16:30:04.548   847  4013 I chatty  : uid=1000(system) Binder:847_17 expire 4 lines
12-28 16:30:04.557   847  2000 I chatty  : uid=1000(system) Binder:847_C expire 2 lines
12-28 16:30:04.656   847  4668 I chatty  : uid=1000(system) Binder:847_1A expire 3 lines
12-28 16:30:04.713   847   847 I chatty  : uid=1000 system_server expire 8 lines
12-28 16:30:04.765   847   864 I chatty  : uid=1000(system) android.fg expire 3 lines
12-28 16:30:04.795   847   875 I chatty  : uid=1000(system) ActivityManager expire 4 lines
12-28 16:30:04.989   847  5818 I chatty  : uid=1000(system) Binder:847_20 expire 1 line
12-28 16:30:05.155   847   873 I chatty  : uid=1000(system) android.bg expire 4 lines
12-28 16:30:05.191   847   874 I chatty  : uid=1000(system) ActivityManager expire 3 lines
12-28 16:31:42.719   847  1057 I chatty  : uid=1000(system) AlarmManager expire 17 lines
12-28 16:31:42.740   847  1094 I chatty  : uid=1000(system) onProviders.ECP expire 2 lines
12-28 16:31:47.918   847  2000 I chatty  : uid=1000(system) Binder:847_C expire 3 lines
12-28 16:31:48.022   847   882 I chatty  : uid=1000(system) batterystats-wo expire 5 lines
12-28 16:40:00.014   847  1057 I chatty  : uid=1000(system) AlarmManager expire 3 lines
12-28 16:40:00.016   847   873 I chatty  : uid=1000(system) android.bg expire 3 lines
12-28 16:40:00.018   847  2000 I chatty  : uid=1000(system) Binder:847_C expire 5 lines
12-28 16:40:00.020   847  1272 I chatty  : uid=1000(system) SRecogCollector expire 8 lines
12-28 16:40:00.108   847   847 I chatty  : uid=1000 system_server expire 4 lines
12-28 16:40:00.110   847   874 I chatty  : uid=1000(system) ActivityManager expire 5 lines
12-28 16:40:04.722   847   864 I chatty  : uid=1000(system) android.fg expire 3 lines
12-28 16:40:04.833   847   862 I chatty  : uid=1000(system) Binder:847_2 expire 4 lines
12-28 16:40:07.117   847  5818 I chatty  : uid=1000(system) Binder:847_20 expire 3 lines
12-28 16:40:07.117   847  5107 I chatty  : uid=1000(system) Binder:847_1C expire 2 lines
12-28 16:40:07.515   847   870 I chatty  : uid=1000(system) watchdog expire 2 lines
12-28 16:40:10.440   847  1088 I chatty  : uid=1000(system) ConnectivitySer expire 3 lines
12-28 16:40:15.080   847   882 I chatty  : uid=1000(system) batterystats-wo expire 3 lines
12-28 16:40:15.109   847  2000 I chatty  : uid=1000(system) Binder:847_C expire 3 lines
12-28 16:40:17.093   847  1057 I chatty  : uid=1000(system) AlarmManager expire 16 lines
12-28 16:40:30.447   847  1095 I chatty  : uid=1000(system) DeviceStorageMo expire 1 line
12-28 16:40:37.522   847   870 I chatty  : uid=1000(system) watchdog expire 2 lines
12-28 16:40:40.061   847   873 I chatty  : uid=1000(system) android.bg expire 4 lines
12-28 16:40:40.062   847   874 I chatty  : uid=1000(system) ActivityManager expire 7 lines
12-28 16:40:40.072   847  1272 I chatty  : uid=1000(system) SRecogCollector expire 2 lines
12-28 16:40:40.072   847   864 I chatty  : uid=1000(system) android.fg expire 1 line
12-28 16:40:40.078   847  5107 I chatty  : uid=1000(system) Binder:847_1C expire 1 line
12-28 16:40:40.082   847  4013 I chatty  : uid=1000(system) Binder:847_17 expire 1 line
12-28 16:50:00.730   847  1084 I chatty  : uid=1000(system) WifiHandlerThre expire 2 lines
12-28 16:50:00.731   847   847 I chatty  : uid=1000 system_server expire 4 lines
12-28 16:50:00.743   847  1087 I chatty  : uid=1000(system) WifiScanningSer expire 3 lines
12-28 17:10:00.017   847  1057 I chatty  : uid=1000(system) AlarmManager expire 11 lines
12-28 17:10:00.018   847   847 I chatty  : uid=1000 system_server expire 4 lines
12-28 17:10:00.019   847  1084 I chatty  : uid=1000(system) WifiHandlerThre expire 4 lines
12-28 17:10:00.069   847  1080 I chatty  : uid=1000(system) NetworkStats expire 7 lines
12-28 17:10:00.074   847   874 I chatty  : uid=1000(system) ActivityManager expire 7 lines
12-28 17:10:00.076   847   873 I chatty  : uid=1000(system) android.bg expire 4 lines
12-28 17:10:00.077   847   865 I chatty  : uid=1000(system) android.ui expire 1 line
12-28 17:10:00.078   847  2000 I chatty  : uid=1000(system) Binder:847_C expire 1 line
12-28 17:10:00.081   847  5818 I chatty  : uid=1000(system) Binder:847_20 expire 1 line
12-28 17:10:00.136   847  2034 I chatty  : uid=1000(system) Binder:847_11 expire 2 lines
12-28 17:10:00.140   847  4013 I chatty  : uid=1000(system) Binder:847_17 expire 9 lines
12-28 17:30:00.571   847   874 I chatty  : uid=1000(system) ActivityManager expire 8 lines
12-28 17:38:17.698   847  1057 I chatty  : uid=1000(system) AlarmManager expire 8 lines
12-28 17:38:17.699   847   882 I chatty  : uid=1000(system) batterystats-wo expire 2 lines
12-28 17:38:17.732   847   847 I chatty  : uid=1000 system_server expire 4 lines
12-28 17:38:17.743   847  4744 I chatty  : uid=1000(system) Binder:847_1B expire 10 lines
12-28 17:38:17.779   847   873 I chatty  : uid=1000(system) android.bg expire 2 lines
12-28 17:38:17.952   847  1996 I chatty  : uid=1000(system) Binder:847_B expire 5 lines
12-28 17:38:18.070   847   864 I chatty  : uid=1000(system) android.fg expire 2 lines
12-28 17:38:20.839   847   847 I chatty  : uid=1000 system_server expire 20 lines
12-28 17:38:20.863   847   875 I chatty  : uid=1000(system) ActivityManager expire 13 lines
12-28 17:38:20.874   847  1062 I chatty  : uid=1000(system) NetworkWatchlis expire 2 lines
12-28 17:38:21.069   847  4013 I chatty  : uid=1000(system) Binder:847_17 expire 1 line
12-28 17:38:21.317   847  2000 I chatty  : uid=1000(system) Binder:847_C expire 1 line
12-28 17:38:21.341 29938 29938 D ActivityThread: Loading provider contacts;com.android.contacts: com.android.providers.contacts.ContactsProvider2
12-28 17:38:21.388   847  5818 I chatty  : uid=1000(system) Binder:847_20 expire 1 line
12-28 17:38:21.389   847  1088 I chatty  : uid=1000(system) ConnectivitySer expire 2 lines
12-28 17:38:21.627   847 29843 I chatty  : uid=1000 system_server expire 1 line
12-28 17:38:22.029   847   873 I chatty  : uid=1000(system) android.bg expire 3 lines
12-28 17:38:22.039   847   874 I chatty  : uid=1000(system) ActivityManager expire 1 line
12-28 17:38:22.098   847  5669 I chatty  : uid=1000(system) Binder:847_1F expire 2 lines
12-28 17:38:22.779   847   882 I chatty  : uid=1000(system) batterystats-wo expire 4 lines
12-28 17:38:25.118   847  5669 I chatty  : uid=1000(system) Binder:847_1F expire 3 lines
12-28 17:38:25.122   847  1996 I chatty  : uid=1000(system) Binder:847_B expire 4 lines
12-28 17:38:25.192   847  2000 I chatty  : uid=1000(system) Binder:847_C expire 2 lines
12-28 17:38:25.212   847  4668 I chatty  : uid=1000(system) Binder:847_1A expire 6 lines
12-28 17:38:25.213   847  1088 I chatty  : uid=1000(system) ConnectivitySer expire 1 line
12-28 17:38:32.438   847   870 I chatty  : uid=1000(system) watchdog expire 3 lines
12-28 17:38:33.018   847  1923 I chatty  : uid=1000(system) Binder:847_9 expire 1 line
12-28 17:38:47.903   847   873 I chatty  : uid=1000(system) android.bg expire 4 lines
12-28 17:38:47.945   847   874 I chatty  : uid=1000(system) ActivityManager expire 4 lines
12-28 17:38:47.949   847  2013 I chatty  : uid=1000(system) Binder:847_E expire 2 lines
12-28 17:40:00.708   847  1057 I chatty  : uid=1000(system) AlarmManager expire 10 lines
12-28 17:40:00.718   847   847 I chatty  : uid=1000 system_server expire 2 lines
12-28 17:50:00.729   847  1084 I chatty  : uid=1000(system) WifiHandlerThre expire 2 lines
12-28 17:50:00.743   847  1087 I chatty  : uid=1000(system) WifiScanningSer expire 1 line
12-28 18:09:59.859   847  1095 I chatty  : uid=1000(system) DeviceStorageMo expire 1 line
12-28 18:10:00.442   847  1057 I chatty  : uid=1000(system) AlarmManager expire 11 lines
12-28 18:10:00.442   847  1084 I chatty  : uid=1000(system) WifiHandlerThre expire 5 lines
12-28 18:10:00.456   847  1087 I chatty  : uid=1000(system) WifiScanningSer expire 3 lines
12-28 18:10:00.476   847  1080 I chatty  : uid=1000(system) NetworkStats expire 5 lines
12-28 18:10:00.481   847   874 I chatty  : uid=1000(system) ActivityManager expire 9 lines
12-28 18:10:00.482   847  4013 I chatty  : uid=1000(system) Binder:847_17 expire 2 lines
12-28 18:10:00.484   847   865 I chatty  : uid=1000(system) android.ui expire 1 line
12-28 18:20:02.080   847   882 I chatty  : uid=1000(system) batterystats-wo expire 4 lines
12-28 18:30:00.396   847   870 I chatty  : uid=1000(system) watchdog expire 2 lines
12-28 18:30:00.401   847   847 I chatty  : uid=1000 system_server expire 3 lines
12-28 18:40:00.464   847   873 I chatty  : uid=1000(system) android.bg expire 4 lines
12-28 18:50:00.560   847  1084 I chatty  : uid=1000(system) WifiHandlerThre expire 3 lines
12-28 18:50:00.561   847   874 I chatty  : uid=1000(system) ActivityManager expire 8 lines
12-28 18:59:59.708   847  1057 I chatty  : uid=1000(system) AlarmManager expire 21 lines
12-28 19:00:00.462   847   847 I chatty  : uid=1000 system_server expire 8 lines
12-28 19:00:03.113   847   882 I chatty  : uid=1000(system) batterystats-wo expire 2 lines
12-28 19:10:00.724   847  1087 I chatty  : uid=1000(system) WifiScanningSer expire 1 line
12-28 19:10:00.748   847  1080 I chatty  : uid=1000(system) NetworkStats expire 2 lines
12-28 19:10:00.754   847  4013 I chatty  : uid=1000(system) Binder:847_17 expire 2 lines
12-28 19:10:00.756   847   865 I chatty  : uid=1000(system) android.ui expire 1 line
12-28 19:27:31.000   847  2013 I chatty  : uid=1000(system) Binder:847_E expire 15 lines
12-28 19:27:31.071   847   847 I chatty  : uid=1000 system_server expire 15 lines
12-28 19:27:31.096   847  4013 I chatty  : uid=1000(system) Binder:847_17 expire 8 lines
12-28 19:27:31.212   847   864 I chatty  : uid=1000(system) android.fg expire 2 lines
12-28 19:27:31.215   847   874 I chatty  : uid=1000(system) ActivityManager expire 7 lines
12-28 19:27:32.671   847   882 I chatty  : uid=1000(system) batterystats-wo expire 4 lines
12-28 19:27:34.234   847  1418 I chatty  : uid=1000(system) Binder:847_8 expire 4 lines
12-28 19:27:37.735   847   873 I chatty  : uid=1000(system) android.bg expire 1 line
12-28 19:27:38.263   847  1125 I chatty  : uid=1000(system) Binder:847_3 expire 7 lines
12-28 19:27:44.270   847   870 I chatty  : uid=1000(system) watchdog expire 4 lines
12-28 19:27:54.285   847   882 I chatty  : uid=1000(system) batterystats-wo expire 4 lines
12-28 19:27:59.245   847  1418 I chatty  : uid=1000(system) Binder:847_8 expire 3 lines
12-28 19:27:59.999   847  1057 I chatty  : uid=1000(system) AlarmManager expire 14 lines
12-28 19:28:01.148   847   873 I chatty  : uid=1000(system) android.bg expire 5 lines
12-28 19:28:01.188   847   874 I chatty  : uid=1000(system) ActivityManager expire 8 lines
12-28 19:30:00.016   847   847 I chatty  : uid=1000 system_server expire 4 lines
12-28 19:30:00.018   847  1084 I chatty  : uid=1000(system) WifiHandlerThre expire 4 lines
12-28 19:30:00.031   847  1087 I chatty  : uid=1000(system) WifiScanningSer expire 2 lines
12-28 19:30:00.060   847  1080 I chatty  : uid=1000(system) NetworkStats expire 2 lines
12-28 19:40:00.447   847  1095 I chatty  : uid=1000(system) DeviceStorageMo expire 1 line
12-28 20:00:01.885   847   882 I chatty  : uid=1000(system) batterystats-wo expire 4 lines
12-28 20:09:59.710   847  1057 I chatty  : uid=1000(system) AlarmManager expire 17 lines
12-28 20:10:00.439   847   847 I chatty  : uid=1000 system_server expire 4 lines
12-28 20:10:00.440   847   874 I chatty  : uid=1000(system) ActivityManager expire 9 lines
12-28 20:10:00.443   847  1084 I chatty  : uid=1000(system) WifiHandlerThre expire 4 lines
12-28 20:10:00.455   847  1087 I chatty  : uid=1000(system) WifiScanningSer expire 2 lines
12-28 20:10:00.484   847  1080 I chatty  : uid=1000(system) NetworkStats expire 5 lines
12-28 20:10:00.490   847   865 I chatty  : uid=1000(system) android.ui expire 1 line
12-28 20:10:00.491   847  1418 I chatty  : uid=1000(system) Binder:847_8 expire 1 line
12-28 20:50:00.004   847  1057 I chatty  : uid=1000(system) AlarmManager expire 14 lines
12-28 20:50:00.005   847  1084 I chatty  : uid=1000(system) WifiHandlerThre expire 7 lines
12-28 20:50:00.019   847  1087 I chatty  : uid=1000(system) WifiScanningSer expire 3 lines
12-28 20:50:00.042   847   873 I chatty  : uid=1000(system) android.bg expire 2 lines
12-28 20:50:00.045   847   874 I chatty  : uid=1000(system) ActivityManager expire 10 lines
12-28 21:00:00.453   847   847 I chatty  : uid=1000 system_server expire 4 lines
12-28 21:00:02.986   847   882 I chatty  : uid=1000(system) batterystats-wo expire 4 lines
12-28 21:10:00.745   847  1080 I chatty  : uid=1000(system) NetworkStats expire 8 lines
12-28 21:50:00.715   847  1087 I chatty  : uid=1000(system) WifiScanningSer expire 3 lines
12-28 21:50:01.262   847  1084 I chatty  : uid=1000(system) WifiHandlerThre expire 4 lines
12-28 21:50:01.263   847   874 I chatty  : uid=1000(system) ActivityManager expire 8 lines
12-28 21:50:03.017   847  2000 I chatty  : uid=1000(system) Binder:847_C expire 1 line
12-28 22:00:00.700   847  1057 I chatty  : uid=1000(system) AlarmManager expire 14 lines
12-28 22:00:00.702   847   847 I chatty  : uid=1000 system_server expire 10 lines
12-28 22:00:00.841   847   870 I chatty  : uid=1000(system) watchdog expire 2 lines
12-28 22:09:59.744   847   882 I chatty  : uid=1000(system) batterystats-wo expire 6 lines
12-28 22:30:01.010   847  1084 I chatty  : uid=1000(system) WifiHandlerThre expire 5 lines
12-28 22:30:01.011   847   874 I chatty  : uid=1000(system) ActivityManager expire 8 lines
12-28 22:39:59.702   847  1057 I chatty  : uid=1000(system) AlarmManager expire 17 lines
12-28 22:40:00.464   847   847 I chatty  : uid=1000 system_server expire 6 lines
12-28 22:50:00.476   847  1087 I chatty  : uid=1000(system) WifiScanningSer expire 2 lines
12-28 23:00:00.894   847  1125 I chatty  : uid=1000(system) Binder:847_3 expire 1 line
12-28 23:10:00.052   847  1080 I chatty  : uid=1000(system) NetworkStats expire 3 lines
12-28 23:10:00.194   847   873 I chatty  : uid=1000(system) android.bg expire 1 line
12-28 23:10:01.118   847  2000 I chatty  : uid=1000(system) Binder:847_C expire 7 lines
12-28 23:20:00.721   847   874 I chatty  : uid=1000(system) ActivityManager expire 2 lines
12-28 23:21:50.148   847  1057 I chatty  : uid=1000(system) AlarmManager expire 17 lines
12-28 23:21:50.151   847   873 I chatty  : uid=1000(system) android.bg expire 9 lines
12-28 23:21:50.748   847  1095 I chatty  : uid=1000(system) DeviceStorageMo expire 1 line
12-28 23:21:51.543   847   882 I chatty  : uid=1000(system) batterystats-wo expire 2 lines
12-28 23:23:04.724   847   847 I chatty  : uid=1000 system_server expire 1 line
12-28 23:23:04.736   847  1418 I chatty  : uid=1000(system) Binder:847_8 expire 5 lines
12-28 23:23:04.738   847  1125 I chatty  : uid=1000(system) Binder:847_3 expire 9 lines
12-28 23:23:04.758   847  4013 I chatty  : uid=1000(system) Binder:847_17 expire 11 lines
12-28 23:23:04.888   847  1125 I chatty  : uid=1000(system) Binder:847_3 expire 6 lines
12-28 23:23:04.897   847   874 I chatty  : uid=1000(system) ActivityManager expire 7 lines
12-28 23:23:05.047   847   864 I chatty  : uid=1000(system) android.fg expire 2 lines
12-28 23:23:05.054   847   861 I chatty  : uid=1000(system) Binder:847_1 expire 10 lines
12-28 23:23:05.755   847   870 I chatty  : uid=1000(system) watchdog expire 2 lines
12-28 23:23:07.768   847   847 I chatty  : uid=1000 system_server expire 10 lines
12-28 23:23:07.776   847   875 I chatty  : uid=1000(system) ActivityManager expire 19 lines
12-28 23:23:07.952   847   861 I chatty  : uid=1000(system) Binder:847_1 expire 8 lines
12-28 23:23:07.995   847  4013 I chatty  : uid=1000(system) Binder:847_17 expire 7 lines
12-28 23:23:08.032   847  1418 I chatty  : uid=1000(system) Binder:847_8 expire 19 lines
12-28 23:23:08.122   847  1088 I chatty  : uid=1000(system) ConnectivitySer expire 8 lines
12-28 23:23:08.133   847  2000 I chatty  : uid=1000(system) Binder:847_C expire 1 line
12-28 23:23:08.145  1598  4977 V PackageManager: [0c239a67-3767-4dbc-bc01-6d1ebcff8deb] Phase1 called; posting
12-28 23:23:08.146  1598  1598 D PackageManager: [0c239a67-3767-4dbc-bc01-6d1ebcff8deb] Phase1 request; prefix: [-1471975424, -815509504, -769789952, 420749312, 735252480, 791134208, 823734272, 925204480, 930091008, 1341722624, 1741287424, 1762959360, 2023370752, 2038964224], userId: 0
12-28 23:23:08.309   847  1057 I chatty  : uid=1000(system) AlarmManager expire 1 line
12-28 23:23:08.544 30043 30149 E ActivityThread: Failed to find provider info for com.facebook.appmanager.nekodirect
12-28 23:23:09.099   847  1125 I chatty  : uid=1000(system) Binder:847_3 expire 3 lines
12-28 23:23:09.727   847   882 I chatty  : uid=1000(system) batterystats-wo expire 4 lines
12-28 23:23:25.953   847  5107 I chatty  : uid=1000(system) Binder:847_1C expire 2 lines
12-28 23:23:33.931   847   862 I chatty  : uid=1000(system) Binder:847_2 expire 1 line
12-28 23:23:33.931   847  2013 I chatty  : uid=1000(system) Binder:847_E expire 3 lines
12-28 23:23:34.835   847   873 I chatty  : uid=1000(system) android.bg expire 11 lines
12-28 23:23:34.873   847   874 I chatty  : uid=1000(system) ActivityManager expire 7 lines
12-28 23:23:34.882   847  4744 I chatty  : uid=1000(system) Binder:847_1B expire 2 lines
12-28 23:23:35.817   847   870 I chatty  : uid=1000(system) watchdog expire 2 lines
12-28 23:29:59.691   847  1057 I chatty  : uid=1000(system) AlarmManager expire 12 lines
12-28 23:30:00.432   847  1084 I chatty  : uid=1000(system) WifiHandlerThre expire 4 lines
12-28 23:30:00.435   847   847 I chatty  : uid=1000 system_server expire 3 lines
12-28 23:30:00.446   847  1087 I chatty  : uid=1000(system) WifiScanningSer expire 2 lines
12-28 23:30:00.463   847  1080 I chatty  : uid=1000(system) NetworkStats expire 2 lines
12-28 23:40:00.714   847   882 I chatty  : uid=1000(system) batterystats-wo expire 6 lines
12-29 00:00:00.718   847  1057 I chatty  : uid=1000(system) AlarmManager expire 17 lines
12-29 00:00:00.723   847   847 I chatty  : uid=1000 system_server expire 3 lines
12-29 00:00:00.725   847   874 I chatty  : uid=1000(system) ActivityManager expire 6 lines
12-29 00:00:00.725   847  2013 I chatty  : uid=1000(system) Binder:847_E expire 4 lines
12-29 00:05:00.462   847   862 I chatty  : uid=1000(system) Binder:847_2 expire 2 lines
12-29 00:10:00.016   847  1084 I chatty  : uid=1000(system) WifiHandlerThre expire 3 lines
12-29 00:10:00.030   847  1087 I chatty  : uid=1000(system) WifiScanningSer expire 2 lines
12-29 00:10:00.050   847  1080 I chatty  : uid=1000(system) NetworkStats expire 10 lines
12-29 00:30:00.104   847   847 I chatty  : uid=1000 system_server expire 4 lines
12-29 00:30:00.106   847   874 I chatty  : uid=1000(system) ActivityManager expire 8 lines
12-29 00:30:00.566   847  1084 I chatty  : uid=1000(system) WifiHandlerThre expire 7 lines
12-29 00:39:59.695   847  1057 I chatty  : uid=1000(system) AlarmManager expire 14 lines
12-29 00:40:00.430   847  1095 I chatty  : uid=1000(system) DeviceStorageMo expire 1 line
12-29 00:40:02.975   847   882 I chatty  : uid=1000(system) batterystats-wo expire 4 lines
12-29 00:50:00.733   847  1087 I chatty  : uid=1000(system) WifiScanningSer expire 3 lines
12-29 01:10:00.711   847   870 I chatty  : uid=1000(system) watchdog expire 2 lines
12-29 01:30:00.763   847   874 I chatty  : uid=1000(system) ActivityManager expire 11 lines
12-29 01:30:01.279   847  1084 I chatty  : uid=1000(system) WifiHandlerThre expire 5 lines
12-29 01:40:00.697   847  1057 I chatty  : uid=1000(system) AlarmManager expire 11 lines
12-29 01:40:00.702   847   847 I chatty  : uid=1000 system_server expire 6 lines
12-29 01:49:59.708   847   882 I chatty  : uid=1000(system) batterystats-wo expire 6 lines
12-29 01:49:59.716   847   875 I chatty  : uid=1000(system) ActivityManager expire 2 lines
12-29 01:50:00.448   847  1087 I chatty  : uid=1000(system) WifiScanningSer expire 2 lines
12-29 01:50:00.486   847   862 I chatty  : uid=1000(system) Binder:847_2 expire 2 lines
12-29 01:50:00.486 30316 30316 W ActivityThread: Main thread can not be idle for a long time.
12-29 01:50:00.557   847  4744 I chatty  : uid=1000(system) Binder:847_1B expire 2 lines
12-29 02:10:00.058   847  1080 I chatty  : uid=1000(system) NetworkStats expire 8 lines
12-29 02:20:00.106   847   847 I chatty  : uid=1000 system_server expire 5 lines
12-29 02:20:00.108   847   874 I chatty  : uid=1000(system) ActivityManager expire 10 lines
12-29 02:29:59.707   847  1057 I chatty  : uid=1000(system) AlarmManager expire 15 lines
12-29 02:30:00.455   847  1084 I chatty  : uid=1000(system) WifiHandlerThre expire 6 lines
12-29 02:30:00.471   847  1087 I chatty  : uid=1000(system) WifiScanningSer expire 3 lines
12-29 02:30:01.432   847   882 I chatty  : uid=1000(system) batterystats-wo expire 4 lines
12-29 03:29:59.708   847   870 I chatty  : uid=1000(system) watchdog expire 2 lines
12-29 03:29:59.710   847  1057 I chatty  : uid=1000(system) AlarmManager expire 16 lines
12-29 03:30:00.004   847  1084 I chatty  : uid=1000(system) WifiHandlerThre expire 6 lines
12-29 03:30:00.018   847  1087 I chatty  : uid=1000(system) WifiScanningSer expire 3 lines
12-29 03:30:00.046   847  1080 I chatty  : uid=1000(system) NetworkStats expire 5 lines
12-29 03:30:00.049   847   874 I chatty  : uid=1000(system) ActivityManager expire 10 lines
12-29 03:30:00.105   847   847 I chatty  : uid=1000 system_server expire 5 lines
12-29 03:40:03.268   847   882 I chatty  : uid=1000(system) batterystats-wo expire 6 lines
12-29 04:30:00.716   847  1057 I chatty  : uid=1000(system) AlarmManager expire 18 lines
12-29 04:30:00.719   847  1084 I chatty  : uid=1000(system) WifiHandlerThre expire 6 lines
12-29 04:30:00.720   847   847 I chatty  : uid=1000 system_server expire 5 lines
12-29 04:30:00.723   847   874 I chatty  : uid=1000(system) ActivityManager expire 8 lines
12-29 04:30:00.732   847  1087 I chatty  : uid=1000(system) WifiScanningSer expire 3 lines
12-29 04:30:00.749   847  1080 I chatty  : uid=1000(system) NetworkStats expire 5 lines
12-29 05:00:00.772   847  1095 I chatty  : uid=1000(system) DeviceStorageMo expire 1 line
12-29 05:00:00.997   847  4744 I chatty  : uid=1000(system) Binder:847_1B expire 10 lines
12-29 05:17:16.701   847   882 I chatty  : uid=1000(system) batterystats-wo expire 2 lines
12-29 05:17:16.701   847  1057 I chatty  : uid=1000(system) AlarmManager expire 15 lines
12-29 05:17:16.732   847   847 I chatty  : uid=1000 system_server expire 3 lines
12-29 05:17:16.733   847   874 I chatty  : uid=1000(system) ActivityManager expire 11 lines
12-29 05:17:16.748   847  2563 I chatty  : uid=1000(system) Binder:847_13 expire 11 lines
12-29 05:17:16.773   847   875 I chatty  : uid=1000(system) ActivityManager expire 2 lines
12-29 05:17:16.775   847   873 I chatty  : uid=1000(system) android.bg expire 2 lines
12-29 05:17:16.928   847   862 I chatty  : uid=1000(system) Binder:847_2 expire 5 lines
12-29 05:17:16.929   847  2563 I chatty  : uid=1000(system) Binder:847_13 expire 7 lines
12-29 05:17:16.940   847  4744 I chatty  : uid=1000(system) Binder:847_1B expire 11 lines
12-29 05:17:17.108   847   864 I chatty  : uid=1000(system) android.fg expire 2 lines
12-29 05:17:17.110   847  2013 I chatty  : uid=1000(system) Binder:847_E expire 4 lines
12-29 05:17:17.115   847   874 I chatty  : uid=1000(system) ActivityManager expire 5 lines
12-29 05:17:17.937   847  1057 I chatty  : uid=1000(system) AlarmManager expire 11 lines
12-29 05:17:17.948   847   875 I chatty  : uid=1000(system) ActivityManager expire 2 lines
12-29 05:17:17.951   847   865 I chatty  : uid=1000(system) android.ui expire 2 lines
12-29 05:17:17.962   847  1996 I chatty  : uid=1000(system) Binder:847_B expire 14 lines
12-29 05:17:18.798 30386 30386 W ActivityThread: Main thread can not be idle for a long time.
12-29 05:17:18.895   847  2563 I chatty  : uid=1000(system) Binder:847_13 expire 23 lines
12-29 05:17:18.953   847   870 I chatty  : uid=1000(system) watchdog expire 2 lines
12-29 05:17:19.803   847   847 I chatty  : uid=1000 system_server expire 10 lines
12-29 05:17:19.820   847   875 I chatty  : uid=1000(system) ActivityManager expire 10 lines
12-29 05:17:19.833   847   864 I chatty  : uid=1000(system) android.fg expire 1 line
12-29 05:17:19.838   329 30464 D vold    : idle maintenance started
12-29 05:17:19.843   329 30464 D vold    : Start GC on /sys/fs/f2fs/dm-12
12-29 05:17:19.844   329 30464 D vold    : Stop GC on /sys/fs/f2fs/dm-12
12-29 05:17:19.847   329 30464 D vold    : Starting trim of /data
12-29 05:17:19.860   329 30464 I vold    : Trimmed 0 bytes on /data in 12ms
12-29 05:17:19.860   329 30464 D vold    : Starting trim of /metadata
12-29 05:17:19.860   329 30464 I vold    : Trimmed 0 bytes on /metadata in 0ms
12-29 05:17:19.860   329 30464 D vold    : Starting trim of /mnt/vendor
12-29 05:17:19.860   329 30464 I vold    : Trimmed 0 bytes on /mnt/vendor in 0ms
12-29 05:17:19.860   329 30464 D vold    : Starting trim of /mnt/vendor/elabel
12-29 05:17:19.860   329 30464 W vold    : Failed to open /mnt/vendor/elabel: Permission denied
12-29 05:17:19.860   329 30464 D vold    : Starting trim of /cache
12-29 05:17:19.861   329 30464 I vold    : Trimmed 0 bytes on /cache in 0ms
12-29 05:17:19.866   847   873 I chatty  : uid=1000(system) android.bg expire 1 line
12-29 05:17:19.866   329 30464 D vold    : idle maintenance completed
12-29 05:17:19.884   847  1062 I chatty  : uid=1000(system) NetworkWatchlis expire 1 line
12-29 05:17:19.894   847  1968 I chatty  : uid=1000(system) backup-0 expire 5 lines
12-29 05:17:19.915   847   875 I chatty  : uid=1000(system) ActivityManager expire 31 lines
12-29 05:17:19.918   847  2563 I chatty  : uid=1000(system) Binder:847_13 expire 2 lines
12-29 05:17:20.199   847  1062 I chatty  : uid=1000(system) NetworkWatchlis expire 1 line
12-29 05:17:20.340   847  1996 I chatty  : uid=1000(system) Binder:847_B expire 1 line
12-29 05:17:20.351   847  2013 I chatty  : uid=1000(system) Binder:847_E expire 3 lines
12-29 05:17:20.357   847   847 I chatty  : uid=1000 system_server expire 4 lines
12-29 05:17:20.432   847  1307 I chatty  : uid=1000(system) Binder:847_7 expire 1 line
12-29 05:17:20.433   847  1088 I chatty  : uid=1000(system) ConnectivitySer expire 2 lines
12-29 05:17:20.488   847   862 I chatty  : uid=1000(system) Binder:847_2 expire 1 line
12-29 05:17:20.493   847   874 I chatty  : uid=1000(system) ActivityManager expire 6 lines
12-29 05:17:20.626   847   847 I chatty  : uid=1000 system_server expire 1 line
12-29 05:17:20.715   847  1125 I chatty  : uid=1000(system) Binder:847_3 expire 13 lines
12-29 05:17:20.776   847  4744 I chatty  : uid=1000(system) Binder:847_1B expire 2 lines
12-29 05:17:20.776   847   875 I chatty  : uid=1000(system) ActivityManager expire 9 lines
12-29 05:17:21.225   847  1418 I chatty  : uid=1000(system) Binder:847_8 expire 3 lines
12-29 05:17:21.725   847  2000 I chatty  : uid=1000(system) Binder:847_C expire 5 lines
12-29 05:17:21.740   847  1088 I chatty  : uid=1000(system) ConnectivitySer expire 3 lines
12-29 05:17:21.775   847   882 I chatty  : uid=1000(system) batterystats-wo expire 2 lines
12-29 05:17:21.784   847  1307 I chatty  : uid=1000(system) Binder:847_7 expire 1 line
12-29 05:17:21.809   847  4668 I chatty  : uid=1000(system) Binder:847_1A expire 1 line
12-29 05:17:22.343   847  2563 I chatty  : uid=1000(system) Binder:847_13 expire 4 lines
12-29 05:17:22.525 30043 30043 I ActivityThread: Removing dead content provider:android.content.ContentProviderProxy@b9f217d
12-29 05:17:22.555   847   893 I chatty  : uid=1000(system) PackageManager expire 1 line
12-29 05:17:22.556   847  1095 I chatty  : uid=1000(system) DeviceStorageMo expire 1 line
12-29 05:17:22.560   847   893 I chatty  : uid=1000(system) PackageManager expire 3 lines
12-29 05:17:22.562   847   874 I chatty  : uid=1000(system) ActivityManager expire 1 line
12-29 05:17:22.576   847  4668 I chatty  : uid=1000(system) Binder:847_1A expire 7 lines
12-29 05:17:22.577   847   875 I chatty  : uid=1000(system) ActivityManager expire 8 lines
12-29 05:17:22.580   847  1923 I chatty  : uid=1000(system) Binder:847_9 expire 4 lines
12-29 05:17:22.808   847  4013 I chatty  : uid=1000(system) Binder:847_17 expire 1 line
12-29 05:17:22.835   847  2000 I chatty  : uid=1000(system) Binder:847_C expire 4 lines
12-29 05:17:23.004   847  5818 I chatty  : uid=1000(system) Binder:847_20 expire 3 lines
12-29 05:17:23.096   847  1307 I chatty  : uid=1000(system) Binder:847_7 expire 1 line
12-29 05:17:23.240   847  5404 I chatty  : uid=1000(system) Binder:847_1D expire 1 line
12-29 05:17:23.240   847   862 I chatty  : uid=1000(system) Binder:847_2 expire 2 lines
12-29 05:17:23.241   847  4744 I chatty  : uid=1000(system) Binder:847_1B expire 4 lines
12-29 05:17:23.241   847  1088 I chatty  : uid=1000(system) ConnectivitySer expire 3 lines
12-29 05:17:23.405   847  1272 I chatty  : uid=1000(system) SRecogCollector expire 4 lines
12-29 05:17:23.437   847  3069 I chatty  : uid=1000(system) Binder:847_15 expire 1 line
12-29 05:17:23.877   847  2563 I chatty  : uid=1000(system) Binder:847_13 expire 9 lines
12-29 05:17:24.407   847   874 I chatty  : uid=1000(system) ActivityManager expire 3 lines
12-29 05:17:24.479   847  2000 I chatty  : uid=1000(system) Binder:847_C expire 5 lines
12-29 05:17:24.535   847  4744 I chatty  : uid=1000(system) Binder:847_1B expire 5 lines
12-29 05:17:24.536   847  2011 I chatty  : uid=1000(system) Binder:847_D expire 19 lines
12-29 05:17:24.624   847   847 I chatty  : uid=1000 system_server expire 3 lines
12-29 05:17:24.694   847   864 I chatty  : uid=1000(system) android.fg expire 2 lines
12-29 05:17:24.739   847   873 I chatty  : uid=1000(system) android.bg expire 3 lines
12-29 05:17:24.822   847   875 I chatty  : uid=1000(system) ActivityManager expire 4 lines
12-29 05:17:25.022 30500 30500 W ActivityThread: Main thread can not be idle for a long time.
12-29 05:17:27.308   847   882 I chatty  : uid=1000(system) batterystats-wo expire 2 lines
12-29 05:17:28.448   847  1088 I chatty  : uid=1000(system) ConnectivitySer expire 3 lines
12-29 05:17:32.336   847  2013 I chatty  : uid=1000(system) Binder:847_E expire 3 lines
12-29 05:17:32.337   847  2011 I chatty  : uid=1000(system) Binder:847_D expire 1 line
12-29 05:17:32.358   847  3861 I chatty  : uid=1000(system) Binder:847_16 expire 1 line
12-29 05:17:32.358   847  2563 I chatty  : uid=1000(system) Binder:847_13 expire 4 lines
12-29 05:17:32.358   847  3069 I chatty  : uid=1000(system) Binder:847_15 expire 6 lines
12-29 05:17:32.358   847  1088 I chatty  : uid=1000(system) ConnectivitySer expire 1 line
12-29 05:17:33.340   847   874 I chatty  : uid=1000(system) ActivityManager expire 6 lines
12-29 05:17:33.341   847   875 I chatty  : uid=1000(system) ActivityManager expire 2 lines
12-29 05:17:34.589   847  2000 I chatty  : uid=1000(system) Binder:847_C expire 4 lines
12-29 05:17:35.186   847  2729 I chatty  : uid=1000(system) Binder:847_14 expire 1 line
12-29 05:17:35.216   847  4436 I chatty  : uid=1000(system) Binder:847_19 expire 2 lines
12-29 05:17:35.299   847  1197 I chatty  : uid=1000(system) Binder:847_6 expire 5 lines
12-29 05:17:37.199   847   882 I chatty  : uid=1000(system) batterystats-wo expire 2 lines
12-29 05:17:41.846   847  1307 I chatty  : uid=1000(system) Binder:847_7 expire 2 lines
12-29 05:17:46.872   847   873 I chatty  : uid=1000(system) android.bg expire 5 lines
12-29 05:17:46.916   847  1193 I chatty  : uid=1000(system) Binder:847_4 expire 3 lines
12-29 05:20:00.691   847  1057 I chatty  : uid=1000(system) AlarmManager expire 2 lines
12-29 05:20:00.700   847   847 I chatty  : uid=1000 system_server expire 1 line
12-29 05:29:59.690   847   870 I chatty  : uid=1000(system) watchdog expire 3 lines
12-29 05:29:59.698   847  1193 I chatty  : uid=1000(system) Binder:847_4 expire 5 lines
12-29 05:29:59.701   847  1307 I chatty  : uid=1000(system) Binder:847_7 expire 1 line
12-29 05:29:59.763   847  2729 I chatty  : uid=1000(system) Binder:847_14 expire 2 lines
12-29 05:30:00.450   847  1057 I chatty  : uid=1000(system) AlarmManager expire 14 lines
12-29 05:30:00.456   847  1084 I chatty  : uid=1000(system) WifiHandlerThre expire 5 lines
12-29 05:30:00.458   847   847 I chatty  : uid=1000 system_server expire 4 lines
12-29 05:30:00.460   847   874 I chatty  : uid=1000(system) ActivityManager expire 7 lines
12-29 05:30:00.470   847  1087 I chatty  : uid=1000(system) WifiScanningSer expire 3 lines
12-29 05:30:00.493   847  1080 I chatty  : uid=1000(system) NetworkStats expire 3 lines
12-29 05:39:59.716   847   882 I chatty  : uid=1000(system) batterystats-wo expire 4 lines
12-29 05:59:59.762   847  3069 I chatty  : uid=1000(system) Binder:847_15 expire 2 lines
12-29 05:59:59.783   847  1993 I chatty  : uid=1000(system) Binder:847_A expire 2 lines
12-29 06:10:00.755   847  1080 I chatty  : uid=1000(system) NetworkStats expire 7 lines
12-29 06:10:00.758   847   874 I chatty  : uid=1000(system) ActivityManager expire 11 lines
12-29 06:10:01.264   847  1084 I chatty  : uid=1000(system) WifiHandlerThre expire 7 lines
12-29 06:20:00.686   847  1057 I chatty  : uid=1000(system) AlarmManager expire 16 lines
12-29 06:30:00.708   847   847 I chatty  : uid=1000 system_server expire 10 lines
12-29 06:30:00.724   847  1087 I chatty  : uid=1000(system) WifiScanningSer expire 3 lines
12-29 06:40:00.684   847   882 I chatty  : uid=1000(system) batterystats-wo expire 6 lines
12-29 07:30:00.697   847  1057 I chatty  : uid=1000(system) AlarmManager expire 17 lines
12-29 07:30:00.701   847  1084 I chatty  : uid=1000(system) WifiHandlerThre expire 6 lines
12-29 07:30:00.716   847  1087 I chatty  : uid=1000(system) WifiScanningSer expire 3 lines
12-29 07:30:00.740   847  1080 I chatty  : uid=1000(system) NetworkStats expire 5 lines
12-29 07:30:00.743   847   874 I chatty  : uid=1000(system) ActivityManager expire 10 lines
12-29 07:40:00.712   847   847 I chatty  : uid=1000 system_server expire 5 lines
12-29 07:49:59.879   847   870 I chatty  : uid=1000(system) watchdog expire 2 lines
12-29 08:09:59.690   847  1095 I chatty  : uid=1000(system) DeviceStorageMo expire 1 line
12-29 08:10:00.431   847  1108 I chatty  : uid=1000(system) GraphicsStats-d expire 1 line
12-29 08:29:59.697   847  1057 I chatty  : uid=1000(system) AlarmManager expire 18 lines
12-29 08:30:00.418   847   882 I chatty  : uid=1000(system) batterystats-wo expire 6 lines
12-29 08:30:00.423   847   847 I chatty  : uid=1000 system_server expire 5 lines
12-29 08:30:00.425   847   874 I chatty  : uid=1000(system) ActivityManager expire 10 lines
12-29 08:30:00.451   847  1084 I chatty  : uid=1000(system) WifiHandlerThre expire 6 lines
12-29 08:30:00.464   847  1087 I chatty  : uid=1000(system) WifiScanningSer expire 3 lines
12-29 08:30:00.488   847  1080 I chatty  : uid=1000(system) NetworkStats expire 10 lines
12-29 09:30:00.006   847  1057 I chatty  : uid=1000(system) AlarmManager expire 17 lines
12-29 09:30:00.007   847  1084 I chatty  : uid=1000(system) WifiHandlerThre expire 7 lines
12-29 09:30:00.020   847  1087 I chatty  : uid=1000(system) WifiScanningSer expire 3 lines
12-29 09:30:00.049   847   874 I chatty  : uid=1000(system) ActivityManager expire 10 lines
12-29 09:30:00.105   847   847 I chatty  : uid=1000 system_server expire 5 lines
12-29 09:40:02.973   847   882 I chatty  : uid=1000(system) batterystats-wo expire 4 lines
12-29 09:50:00.781   847   870 I chatty  : uid=1000(system) watchdog expire 2 lines
12-29 10:30:00.697   847   847 I chatty  : uid=1000 system_server expire 9 lines
12-29 10:30:00.699   847   874 I chatty  : uid=1000(system) ActivityManager expire 5 lines
12-29 10:30:00.709   847  1087 I chatty  : uid=1000(system) WifiScanningSer expire 2 lines
12-29 10:30:00.738   847  1080 I chatty  : uid=1000(system) NetworkStats expire 2 lines
12-29 10:30:01.256   847  1084 I chatty  : uid=1000(system) WifiHandlerThre expire 2 lines
12-29 10:40:00.688   847  1057 I chatty  : uid=1000(system) AlarmManager expire 2 lines
12-29 10:45:22.479   847  1060 I chatty  : uid=1000(system) InputReader expire 5 lines
12-29 10:45:22.494   847   882 I chatty  : uid=1000(system) batterystats-wo expire 2 lines
12-29 10:45:22.516   847   889 I chatty  : uid=1000(system) PowerManagerSer expire 3 lines
12-29 10:45:22.518   847  4668 I chatty  : uid=1000(system) Binder:847_1A expire 3 lines
12-29 10:45:22.546   847   865 I chatty  : uid=1000(system) android.ui expire 1 line
12-29 10:45:22.546   847  1272 I chatty  : uid=1000(system) SRecogCollector expire 1 line
12-29 10:45:22.552   847   867 I chatty  : uid=1000(system) android.display expire 3 lines
12-29 10:45:22.560   847  1056 I chatty  : uid=1000(system) PowerGuruServic expire 1 line
12-29 10:45:22.565   847  1275 I chatty  : uid=1000(system) SSense expire 1 line
12-29 10:45:22.607   847  5818 I chatty  : uid=1000(system) Binder:847_20 expire 2 lines
12-29 10:45:22.623   847  1193 I chatty  : uid=1000(system) Binder:847_4 expire 17 lines
12-29 10:45:22.678   847   867 I chatty  : uid=1000(system) android.display expire 2 lines
12-29 10:45:22.678   847   865 I chatty  : uid=1000(system) android.ui expire 2 lines
12-29 10:45:22.679   847   889 I chatty  : uid=1000(system) PowerManagerSer expire 4 lines
12-29 10:45:22.807   847   864 I chatty  : uid=1000(system) android.fg expire 4 lines
12-29 10:45:22.813   847   847 I chatty  : uid=1000 system_server expire 2 lines
12-29 10:45:22.855   847  1993 I chatty  : uid=1000(system) Binder:847_A expire 10 lines
12-29 10:45:22.859   847   874 I chatty  : uid=1000(system) ActivityManager expire 2 lines
12-29 10:45:23.126   847  1084 I chatty  : uid=1000(system) WifiHandlerThre expire 1 line
12-29 10:45:23.429   847  5818 I chatty  : uid=1000(system) Binder:847_20 expire 6 lines
12-29 10:45:23.566   847  1275 I chatty  : uid=1000(system) SSense expire 2 lines
12-29 10:45:24.011   847  1272 I chatty  : uid=1000(system) SRecogCollector expire 1 line
12-29 10:45:24.992   847  1197 I chatty  : uid=1000(system) Binder:847_6 expire 4 lines
12-29 10:45:24.996   847  1115 I chatty  : uid=1000(system) SmartSS.bg expire 5 lines
12-29 10:45:25.016   847   867 I chatty  : uid=1000(system) android.display expire 5 lines
12-29 10:45:25.032   847  1272 I chatty  : uid=1000(system) SRecogCollector expire 4 lines
12-29 10:45:25.034   847  1993 I chatty  : uid=1000(system) Binder:847_A expire 4 lines
12-29 10:45:25.036   847  5818 I chatty  : uid=1000(system) Binder:847_20 expire 2 lines
12-29 10:45:25.037   847   874 I chatty  : uid=1000(system) ActivityManager expire 4 lines
12-29 10:45:25.075   847  4668 I chatty  : uid=1000(system) Binder:847_1A expire 4 lines
12-29 10:45:25.089   847  1057 I chatty  : uid=1000(system) AlarmManager expire 10 lines
12-29 10:45:25.090   847   847 I chatty  : uid=1000 system_server expire 1 line
12-29 10:45:25.102   847   868 I chatty  : uid=1000(system) android.anim expire 2 lines
12-29 10:45:25.106   847   861 I chatty  : uid=1000(system) Binder:847_1 expire 3 lines
12-29 10:45:25.119 10085 10085 I ActivityThread: smart_link is  not supported!!!
12-29 10:45:25.134   847   873 I chatty  : uid=1000(system) android.bg expire 1 line
12-29 10:45:25.168   847  1272 I chatty  : uid=1000(system) SRecogCollector expire 3 lines
12-29 10:45:25.169   847  1993 I chatty  : uid=1000(system) Binder:847_A expire 2 lines
12-29 10:45:25.177   847  1057 I chatty  : uid=1000(system) AlarmManager expire 4 lines
12-29 10:45:25.222   847   861 I chatty  : uid=1000(system) Binder:847_1 expire 3 lines
12-29 10:45:25.225   847   847 I chatty  : uid=1000 system_server expire 1 line
12-29 10:45:25.232   847  2034 I chatty  : uid=1000(system) Binder:847_11 expire 4 lines
12-29 10:45:25.238   847  1197 I chatty  : uid=1000(system) Binder:847_6 expire 4 lines
12-29 10:45:25.242   847   874 I chatty  : uid=1000(system) ActivityManager expire 11 lines
12-29 10:45:25.250   847  5669 I chatty  : uid=1000(system) Binder:847_1F expire 4 lines
12-29 10:45:25.272   847  1193 I chatty  : uid=1000(system) Binder:847_4 expire 1 line
12-29 10:45:25.328   847  4668 I chatty  : uid=1000(system) Binder:847_1A expire 1 line
12-29 10:45:25.353   847  2729 I chatty  : uid=1000(system) Binder:847_14 expire 2 lines
12-29 10:45:25.411   847  1087 I chatty  : uid=1000(system) WifiScanningSer expire 1 line
12-29 10:45:25.435   847   864 I chatty  : uid=1000(system) android.fg expire 4 lines
12-29 10:45:25.454   847  4668 I chatty  : uid=1000(system) Binder:847_1A expire 1 line
12-29 10:45:25.483   847  2034 I chatty  : uid=1000(system) Binder:847_11 expire 3 lines
12-29 10:45:25.577   847   867 I chatty  : uid=1000(system) android.display expire 3 lines
12-29 10:45:25.578   847  1272 I chatty  : uid=1000(system) SRecogCollector expire 24 lines
12-29 10:45:25.951   847  1084 I chatty  : uid=1000(system) WifiHandlerThre expire 1 line
12-29 10:45:25.952   847   874 I chatty  : uid=1000(system) ActivityManager expire 3 lines
12-29 10:45:26.040   847  1275 I chatty  : uid=1000(system) SSense expire 2 lines
12-29 10:45:26.107   847  1193 I chatty  : uid=1000(system) Binder:847_4 expire 1 line
12-29 10:45:26.110   847   865 I chatty  : uid=1000(system) android.ui expire 5 lines
12-29 10:45:26.126   847   868 I chatty  : uid=1000(system) android.anim expire 2 lines
12-29 10:45:26.158  1431  1431 I ActivityThread: smart_link is  not supported!!!
12-29 10:45:26.619   847  1272 I chatty  : uid=1000(system) SRecogCollector expire 12 lines
12-29 10:45:27.419   847  1275 I chatty  : uid=1000(system) SSense expire 2 lines
12-29 10:45:28.277   847   847 I chatty  : uid=1000 system_server expire 6 lines
12-29 10:45:28.284   847   875 I chatty  : uid=1000(system) ActivityManager expire 25 lines
12-29 10:45:28.595   847  2729 I chatty  : uid=1000(system) Binder:847_14 expire 3 lines
12-29 10:45:28.647   847  5669 I chatty  : uid=1000(system) Binder:847_1F expire 8 lines
12-29 10:45:28.648   847  1088 I chatty  : uid=1000(system) ConnectivitySer expire 2 lines
12-29 10:45:28.680   847  1193 I chatty  : uid=1000(system) Binder:847_4 expire 1 line
12-29 10:45:28.739  1598 19837 V PackageManager: [ef0278a5-cc48-4d5d-86e3-8bb8c766bc82] Phase1 called; posting
12-29 10:45:28.740  1598  1598 D PackageManager: [ef0278a5-cc48-4d5d-86e3-8bb8c766bc82] Phase1 request; prefix: [-2082852864, -1963732992, -1599680512, -1479131136, -1097801728, -1036242944, -947097600, 420974592, 765689856, 823734272, 914915328, 944726016, 1518612480, 1530519552, 1762959360, 1810841600, 1982357504], userId: 0
12-29 10:45:28.801   847   875 I chatty  : uid=1000(system) ActivityManager expire 6 lines
12-29 10:45:28.926   847  4668 I chatty  : uid=1000(system) Binder:847_1A expire 2 lines
12-29 10:45:29.016 31269 31401 E ActivityThread: Failed to find provider info for com.facebook.appmanager.nekodirect
12-29 10:45:29.029   847   864 I chatty  : uid=1000(system) android.fg expire 1 line
12-29 10:45:29.053   847   874 I chatty  : uid=1000(system) ActivityManager expire 1 line
12-29 10:45:29.060   847  2034 I chatty  : uid=1000(system) Binder:847_11 expire 2 lines
12-29 10:45:29.547   847  2545 I chatty  : uid=1000(system) Binder:847_12 expire 2 lines
12-29 10:45:31.891   847  1996 I chatty  : uid=1000(system) Binder:847_B expire 1 line
12-29 10:45:32.235 31330 31330 W ActivityThread: Main thread can not be idle for a long time.
12-29 10:45:32.235   847  1195 I chatty  : uid=1000(system) Binder:847_5 expire 1 line
12-29 10:45:32.420   847  1275 I chatty  : uid=1000(system) SSense expire 9 lines
12-29 10:45:36.420   847  1272 I chatty  : uid=1000(system) SRecogCollector expire 10 lines
