12-29 10:45:39.396   847  4668 I chatty  : uid=1000(system) Binder:847_1A expire 7 lines
12-29 10:45:39.397   847   875 I chatty  : uid=1000(system) ActivityManager expire 3 lines
12-29 10:45:39.474   847  1996 I chatty  : uid=1000(system) Binder:847_B expire 6 lines
12-29 10:45:39.505   847   874 I chatty  : uid=1000(system) ActivityManager expire 3 lines
12-29 10:45:39.714   847  1195 I chatty  : uid=1000(system) Binder:847_5 expire 5 lines
12-29 10:45:40.306 18591 18591 W ActivityThread: Main thread can not be idle for a long time.
12-29 10:45:40.330   847  5669 I chatty  : uid=1000(system) Binder:847_1F expire 4 lines
12-29 10:45:40.426   847  1275 I chatty  : uid=1000(system) SSense expire 2 lines
12-29 10:45:40.599   847  2545 I chatty  : uid=1000(system) Binder:847_12 expire 3 lines
12-29 10:45:40.814   847   862 I chatty  : uid=1000(system) Binder:847_2 expire 3 lines
12-29 10:45:40.818 31281 31281 W ActivityThread: com.google.android.partnersetup.GservicesChangedReceiver running onReceive took long time
12-29 10:45:42.574   847  1057 I chatty  : uid=1000(system) AlarmManager expire 17 lines
12-29 10:45:42.598   847  1084 I chatty  : uid=1000(system) WifiHandlerThre expire 2 lines
12-29 10:45:42.599   847  1087 I chatty  : uid=1000(system) WifiScanningSer expire 1 line
12-29 10:45:42.612   847   875 I chatty  : uid=1000(system) ActivityManager expire 5 lines
12-29 10:45:42.616   847  2545 I chatty  : uid=1000(system) Binder:847_12 expire 7 lines
12-29 10:45:42.656   847  1195 I chatty  : uid=1000(system) Binder:847_5 expire 11 lines
12-29 10:45:42.909   847   870 I chatty  : uid=1000(system) watchdog expire 2 lines
12-29 10:45:42.942   847  5669 I chatty  : uid=1000(system) Binder:847_1F expire 5 lines
12-29 10:45:42.957   847   847 I chatty  : uid=1000 system_server expire 1 line
12-29 10:45:43.139   847   874 I chatty  : uid=1000(system) ActivityManager expire 2 lines
12-29 10:45:43.319   847  1088 I chatty  : uid=1000(system) ConnectivitySer expire 1 line
12-29 10:45:43.319   847   862 I chatty  : uid=1000(system) Binder:847_2 expire 3 lines
12-29 10:45:43.389   847  5404 I chatty  : uid=1000(system) Binder:847_1D expire 1 line
12-29 10:45:43.448   847  4668 I chatty  : uid=1000(system) Binder:847_1A expire 2 lines
12-29 10:45:43.525   847  2034 I chatty  : uid=1000(system) Binder:847_11 expire 3 lines
12-29 10:45:43.555   847  1195 I chatty  : uid=1000(system) Binder:847_5 expire 9 lines
12-29 10:45:44.112   847  1057 I chatty  : uid=1000(system) AlarmManager expire 3 lines
12-29 10:45:44.123   847   875 I chatty  : uid=1000(system) ActivityManager expire 11 lines
12-29 10:45:44.126   847   865 I chatty  : uid=1000(system) android.ui expire 2 lines
12-29 10:45:44.126   847   874 I chatty  : uid=1000(system) ActivityManager expire 2 lines
12-29 10:45:44.323   847  4668 I chatty  : uid=1000(system) Binder:847_1A expire 1 line
12-29 10:45:44.898 31763 31763 W ActivityThread: Main thread can not be idle for a long time.
12-29 10:45:44.913   847  5404 I chatty  : uid=1000(system) Binder:847_1D expire 2 lines
12-29 10:45:44.979   847  1996 I chatty  : uid=1000(system) Binder:847_B expire 7 lines
12-29 10:45:45.427   847  1275 I chatty  : uid=1000(system) SSense expire 3 lines
12-29 10:45:46.422   847  1272 I chatty  : uid=1000(system) SRecogCollector expire 10 lines
12-29 10:45:46.671   847  1095 I chatty  : uid=1000(system) DeviceStorageMo expire 1 line
12-29 10:45:49.499   847   847 I chatty  : uid=1000 system_server expire 5 lines
12-29 10:45:49.650   847  1996 I chatty  : uid=1000(system) Binder:847_B expire 17 lines
12-29 10:45:49.653   847  1195 I chatty  : uid=1000(system) Binder:847_5 expire 4 lines
12-29 10:45:49.689   847  5404 I chatty  : uid=1000(system) Binder:847_1D expire 5 lines
12-29 10:45:49.826   847  2017 I chatty  : uid=1000(system) Binder:847_F expire 2 lines
12-29 10:45:49.858   847  2011 I chatty  : uid=1000(system) Binder:847_D expire 1 line
12-29 10:45:49.858   847  1088 I chatty  : uid=1000(system) ConnectivitySer expire 1 line
12-29 10:45:50.115   847   889 I chatty  : uid=1000(system) PowerManagerSer expire 7 lines
12-29 10:45:50.429   847  1275 I chatty  : uid=1000(system) SSense expire 4 lines
12-29 10:45:54.951   847   873 I chatty  : uid=1000(system) android.bg expire 2 lines
12-29 10:45:54.954   847   874 I chatty  : uid=1000(system) ActivityManager expire 3 lines
12-29 10:45:56.115   847   882 I chatty  : uid=1000(system) batterystats-wo expire 2 lines
12-29 10:45:56.144   847  1923 I chatty  : uid=1000(system) Binder:847_9 expire 3 lines
12-29 10:45:56.177   847   867 I chatty  : uid=1000(system) android.display expire 7 lines
12-29 10:45:56.188   847   868 I chatty  : uid=1000(system) android.anim expire 2 lines
12-29 10:45:56.199   847  1272 I chatty  : uid=1000(system) SRecogCollector expire 26 lines
12-29 10:45:56.610   847   889 I chatty  : uid=1000(system) PowerManagerSer expire 2 lines
12-29 10:45:56.612   847   864 I chatty  : uid=1000(system) android.fg expire 4 lines
12-29 10:45:56.613   847   874 I chatty  : uid=1000(system) ActivityManager expire 3 lines
12-29 10:45:56.626   847   847 I chatty  : uid=1000 system_server expire 6 lines
12-29 10:45:56.633   847  1923 I chatty  : uid=1000(system) Binder:847_9 expire 2 lines
12-29 10:45:56.642   847  4013 I chatty  : uid=1000(system) Binder:847_17 expire 5 lines
12-29 10:45:56.671   847  1056 I chatty  : uid=1000(system) PowerGuruServic expire 1 line
12-29 10:45:56.690   847  1275 I chatty  : uid=1000(system) SSense expire 1 line
12-29 10:45:56.791   847  4013 I chatty  : uid=1000(system) Binder:847_17 expire 8 lines
12-29 10:45:57.888   847  5818 I chatty  : uid=1000(system) Binder:847_20 expire 16 lines
12-29 10:45:57.889   847   874 I chatty  : uid=1000(system) ActivityManager expire 7 lines
12-29 10:45:57.999   847  1996 I chatty  : uid=1000(system) Binder:847_B expire 1 line
12-29 10:46:00.000   847  1057 I chatty  : uid=1000(system) AlarmManager expire 8 lines
12-29 10:46:01.144   847   847 I chatty  : uid=1000 system_server expire 5 lines
12-29 10:46:01.144   847   867 I chatty  : uid=1000(system) android.display expire 3 lines
12-29 10:46:01.170   847   882 I chatty  : uid=1000(system) batterystats-wo expire 4 lines
12-29 10:46:01.255   847  1923 I chatty  : uid=1000(system) Binder:847_9 expire 5 lines
12-29 10:46:01.282  1158  1158 V KeyguardStatusView: refresh statusview showing:true
12-29 10:46:01.304   847   864 I chatty  : uid=1000(system) android.fg expire 1 line
12-29 10:46:21.791   847   866 I chatty  : uid=1000(system) android.io expire 1 line
12-29 10:46:21.794   847   889 I chatty  : uid=1000(system) PowerManagerSer expire 4 lines
12-29 10:46:21.794   847   874 I chatty  : uid=1000(system) ActivityManager expire 8 lines
12-29 10:46:21.795   847   847 I chatty  : uid=1000 system_server expire 4 lines
12-29 10:46:21.795   847  1056 I chatty  : uid=1000(system) PowerGuruServic expire 1 line
12-29 10:46:21.798   847   875 I chatty  : uid=1000(system) ActivityManager expire 6 lines
12-29 10:46:21.815   847   882 I chatty  : uid=1000(system) batterystats-wo expire 9 lines
12-29 10:46:21.830   847  1272 I chatty  : uid=1000(system) SRecogCollector expire 18 lines
12-29 10:46:21.867   847   867 I chatty  : uid=1000(system) android.display expire 1 line
12-29 10:46:21.910   847  4668 I chatty  : uid=1000(system) Binder:847_1A expire 2 lines
12-29 10:46:21.941   847  1060 I chatty  : uid=1000(system) InputReader expire 2 lines
12-29 10:46:21.955   847   862 I chatty  : uid=1000(system) Binder:847_2 expire 1 line
12-29 10:46:21.965   847   865 I chatty  : uid=1000(system) android.ui expire 1 line
12-29 10:46:21.970   847  1275 I chatty  : uid=1000(system) SSense expire 1 line
12-29 10:46:21.978   847  4668 I chatty  : uid=1000(system) Binder:847_1A expire 5 lines
12-29 10:46:21.980   847  1084 I chatty  : uid=1000(system) WifiHandlerThre expire 1 line
12-29 10:46:21.993   847   867 I chatty  : uid=1000(system) android.display expire 3 lines
12-29 10:46:21.998   847  1087 I chatty  : uid=1000(system) WifiScanningSer expire 1 line
12-29 10:46:22.004   847  2011 I chatty  : uid=1000(system) Binder:847_D expire 7 lines
12-29 10:46:22.066   847   873 I chatty  : uid=1000(system) android.bg expire 1 line
12-29 10:46:22.067   847   874 I chatty  : uid=1000(system) ActivityManager expire 3 lines
12-29 10:46:22.097   847   865 I chatty  : uid=1000(system) android.ui expire 2 lines
12-29 10:46:22.099   847   889 I chatty  : uid=1000(system) PowerManagerSer expire 4 lines
12-29 10:46:22.105   847   847 I chatty  : uid=1000 system_server expire 5 lines
12-29 10:46:22.110   847  1272 I chatty  : uid=1000(system) SRecogCollector expire 5 lines
12-29 10:46:22.119   847   864 I chatty  : uid=1000(system) android.fg expire 8 lines
12-29 10:46:22.122   847   875 I chatty  : uid=1000(system) ActivityManager expire 9 lines
12-29 10:46:22.128   847  1100 I chatty  : uid=1000(system) UEventObserver expire 2 lines
12-29 10:46:22.232   847  1193 I chatty  : uid=1000(system) Binder:847_4 expire 5 lines
12-29 10:46:22.241   847  1060 I chatty  : uid=1000(system) InputReader expire 4 lines
12-29 10:46:22.244   847   889 I chatty  : uid=1000(system) PowerManagerSer expire 4 lines
12-29 10:46:22.246   847   847 I chatty  : uid=1000 system_server expire 3 lines
12-29 10:46:22.248   847   882 I chatty  : uid=1000(system) batterystats-wo expire 2 lines
12-29 10:46:22.259   847  1272 I chatty  : uid=1000(system) SRecogCollector expire 8 lines
12-29 10:46:22.277   847  1100 I chatty  : uid=1000(system) UEventObserver expire 2 lines
12-29 10:46:22.284   847   864 I chatty  : uid=1000(system) android.fg expire 3 lines
12-29 10:46:22.284   847   875 I chatty  : uid=1000(system) ActivityManager expire 14 lines
12-29 10:46:22.306   847   874 I chatty  : uid=1000(system) ActivityManager expire 2 lines
12-29 10:46:22.313   847   862 I chatty  : uid=1000(system) Binder:847_2 expire 5 lines
12-29 10:46:22.330   847  5818 I chatty  : uid=1000(system) Binder:847_20 expire 2 lines
12-29 10:46:22.347   847   867 I chatty  : uid=1000(system) android.display expire 1 line
12-29 10:46:22.395   847  5669 I chatty  : uid=1000(system) Binder:847_1F expire 1 line
12-29 10:46:22.466 31927 31927 W ActivityThread: Main thread can not be idle for a long time.
12-29 10:46:22.470   847  1996 I chatty  : uid=1000(system) Binder:847_B expire 2 lines
12-29 10:46:22.552   847  1084 I chatty  : uid=1000(system) WifiHandlerThre expire 1 line
12-29 10:46:22.663   847  1060 I chatty  : uid=1000(system) InputReader expire 4 lines
12-29 10:46:22.668   847   847 I chatty  : uid=1000 system_server expire 5 lines
12-29 10:46:22.668   847   889 I chatty  : uid=1000(system) PowerManagerSer expire 6 lines
12-29 10:46:22.668   847   882 I chatty  : uid=1000(system) batterystats-wo expire 2 lines
12-29 10:46:22.683   847  2034 I chatty  : uid=1000(system) Binder:847_11 expire 4 lines
12-29 10:46:22.692   847  1272 I chatty  : uid=1000(system) SRecogCollector expire 6 lines
12-29 10:46:22.699   847  1275 I chatty  : uid=1000(system) SSense expire 1 line
12-29 10:46:22.705   847  1193 I chatty  : uid=1000(system) Binder:847_4 expire 5 lines
12-29 10:46:22.709   847  5669 I chatty  : uid=1000(system) Binder:847_1F expire 1 line
12-29 10:46:22.711   847   865 I chatty  : uid=1000(system) android.ui expire 3 lines
12-29 10:46:22.721   847  1996 I chatty  : uid=1000(system) Binder:847_B expire 5 lines
12-29 10:46:22.723   847  4013 I chatty  : uid=1000(system) Binder:847_17 expire 3 lines
12-29 10:46:22.726   847  1923 I chatty  : uid=1000(system) Binder:847_9 expire 2 lines
12-29 10:46:22.750   847   867 I chatty  : uid=1000(system) android.display expire 2 lines
12-29 10:46:22.897   847  1088 I chatty  : uid=1000(system) ConnectivitySer expire 5 lines
12-29 10:46:22.961   847  5818 I chatty  : uid=1000(system) Binder:847_20 expire 3 lines
12-29 10:46:23.025   847  1272 I chatty  : uid=1000(system) SRecogCollector expire 4 lines
12-29 10:46:23.065   847  4013 I chatty  : uid=1000(system) Binder:847_17 expire 3 lines
12-29 10:46:23.076   847  2017 I chatty  : uid=1000(system) Binder:847_F expire 5 lines
12-29 10:46:23.077   847  1088 I chatty  : uid=1000(system) ConnectivitySer expire 7 lines
12-29 10:46:23.090   847   847 I chatty  : uid=1000 system_server expire 3 lines
12-29 10:46:23.130   847  1275 I chatty  : uid=1000(system) SSense expire 1 line
12-29 10:46:23.181   847  1084 I chatty  : uid=1000(system) WifiHandlerThre expire 1 line
12-29 10:46:23.195   847  1923 I chatty  : uid=1000(system) Binder:847_9 expire 4 lines
12-29 10:46:23.290   847  5669 I chatty  : uid=1000(system) Binder:847_1F expire 1 line
12-29 10:46:23.290   847   875 I chatty  : uid=1000(system) ActivityManager expire 6 lines
12-29 10:46:23.399   847  2011 I chatty  : uid=1000(system) Binder:847_D expire 10 lines
12-29 10:46:23.502   847  1996 I chatty  : uid=1000(system) Binder:847_B expire 3 lines
12-29 10:46:23.539   847  5404 I chatty  : uid=1000(system) Binder:847_1D expire 1 line
12-29 10:46:23.810   847  2034 I chatty  : uid=1000(system) Binder:847_11 expire 1 line
12-29 10:46:23.895   847  1195 I chatty  : uid=1000(system) Binder:847_5 expire 8 lines
12-29 10:46:24.036   847  1272 I chatty  : uid=1000(system) SRecogCollector expire 23 lines
12-29 10:46:24.130   847  1275 I chatty  : uid=1000(system) SSense expire 2 lines
12-29 10:46:24.150   847  2011 I chatty  : uid=1000(system) Binder:847_D expire 2 lines
12-29 10:46:24.226   847   867 I chatty  : uid=1000(system) android.display expire 1 line
12-29 10:46:24.391   847  1996 I chatty  : uid=1000(system) Binder:847_B expire 6 lines
12-29 10:46:24.602   847  5669 I chatty  : uid=1000(system) Binder:847_1F expire 4 lines
12-29 10:46:24.724   847  2034 I chatty  : uid=1000(system) Binder:847_11 expire 8 lines
12-29 10:46:24.849   847   875 I chatty  : uid=1000(system) ActivityManager expire 2 lines
12-29 10:46:25.072 32288 32288 D ActivityThread: Loading provider contacts;com.android.contacts: com.android.providers.contacts.ContactsProvider2
12-29 10:46:26.277   847  2017 I chatty  : uid=1000(system) Binder:847_F expire 13 lines
12-29 10:46:26.926   847  2034 I chatty  : uid=1000(system) Binder:847_11 expire 6 lines
12-29 10:46:26.933   847   847 I chatty  : uid=1000 system_server expire 1 line
12-29 10:46:27.071   847  5669 I chatty  : uid=1000(system) Binder:847_1F expire 6 lines
12-29 10:46:27.094  1431  1431 I ActivityThread: smart_link is  not supported!!!
12-29 10:46:27.152   847   867 I chatty  : uid=1000(system) android.display expire 3 lines
12-29 10:46:27.158   847  1272 I chatty  : uid=1000(system) SRecogCollector expire 27 lines
12-29 10:46:27.208   847   874 I chatty  : uid=1000(system) ActivityManager expire 8 lines
12-29 10:46:27.215   847   868 I chatty  : uid=1000(system) android.anim expire 1 line
12-29 10:46:27.290   847  1195 I chatty  : uid=1000(system) Binder:847_5 expire 2 lines
12-29 10:46:27.360   847  1272 I chatty  : uid=1000(system) SRecogCollector expire 23 lines
12-29 10:46:28.159   847  1275 I chatty  : uid=1000(system) SSense expire 16 lines
12-29 10:46:30.321   847   870 I chatty  : uid=1000(system) watchdog expire 2 lines
12-29 10:46:37.651   847  5404 I chatty  : uid=1000(system) Binder:847_1D expire 4 lines
12-29 10:46:43.063   847  1057 I chatty  : uid=1000(system) AlarmManager expire 6 lines
12-29 10:46:43.070   847  1084 I chatty  : uid=1000(system) WifiHandlerThre expire 2 lines
12-29 10:46:43.072   847   864 I chatty  : uid=1000(system) android.fg expire 1 line
12-29 10:46:43.078   847   847 I chatty  : uid=1000 system_server expire 1 line
12-29 10:46:43.081   847  1087 I chatty  : uid=1000(system) WifiScanningSer expire 1 line
12-29 10:46:43.621   847   874 I chatty  : uid=1000(system) ActivityManager expire 5 lines
12-29 10:46:47.165   847  1272 I chatty  : uid=1000(system) SRecogCollector expire 11 lines
12-29 10:46:47.177   847  1275 I chatty  : uid=1000(system) SSense expire 9 lines
12-29 10:46:50.847   847   889 I chatty  : uid=1000(system) PowerManagerSer expire 2 lines
12-29 10:46:52.223   847   847 I chatty  : uid=1000 system_server expire 2 lines
12-29 10:46:56.221   847   893 I chatty  : uid=1000(system) PackageManager expire 14 lines
12-29 10:46:56.232   847  1063 I chatty  : uid=1000(system) AppIntegrityMan expire 1 line
12-29 10:46:56.250   847  5404 I chatty  : uid=1000(system) Binder:847_1D expire 3 lines
12-29 10:46:58.409   847  2020 I chatty  : uid=1000(system) Binder:847_10 expire 3 lines
12-29 10:46:59.850   847  5559 I chatty  : uid=1000(system) Binder:847_1E expire 2 lines
12-29 10:47:00.000   847  1057 I chatty  : uid=1000(system) AlarmManager expire 6 lines
12-29 10:47:00.327   847   870 I chatty  : uid=1000(system) watchdog expire 2 lines
12-29 10:47:03.069   847  1084 I chatty  : uid=1000(system) WifiHandlerThre expire 2 lines
12-29 10:47:03.081   847  1087 I chatty  : uid=1000(system) WifiScanningSer expire 1 line
12-29 10:47:03.185   847  1275 I chatty  : uid=1000(system) SSense expire 16 lines
12-29 10:47:03.621   847   874 I chatty  : uid=1000(system) ActivityManager expire 4 lines
12-29 10:47:04.130   847  1095 I chatty  : uid=1000(system) DeviceStorageMo expire 1 line
12-29 10:47:06.272   847   873 I chatty  : uid=1000(system) android.bg expire 2 lines
12-29 10:47:07.167   847  1272 I chatty  : uid=1000(system) SRecogCollector expire 21 lines
12-29 10:47:18.429   847   889 I chatty  : uid=1000(system) PowerManagerSer expire 6 lines
12-29 10:47:21.802   847   847 I chatty  : uid=1000 system_server expire 2 lines
12-29 10:47:24.430   847   882 I chatty  : uid=1000(system) batterystats-wo expire 2 lines
12-29 10:47:24.471   847   889 I chatty  : uid=1000(system) PowerManagerSer expire 3 lines
12-29 10:47:24.472   847  1993 I chatty  : uid=1000(system) Binder:847_A expire 5 lines
12-29 10:47:24.475   847   867 I chatty  : uid=1000(system) android.display expire 7 lines
12-29 10:47:24.482   847   868 I chatty  : uid=1000(system) android.anim expire 2 lines
12-29 10:47:24.501   847  1272 I chatty  : uid=1000(system) SRecogCollector expire 22 lines
12-29 10:47:24.877   847   864 I chatty  : uid=1000(system) android.fg expire 4 lines
12-29 10:47:24.878   847   874 I chatty  : uid=1000(system) ActivityManager expire 3 lines
12-29 10:47:24.890   847   847 I chatty  : uid=1000 system_server expire 4 lines
12-29 10:47:24.893   847  5559 I chatty  : uid=1000(system) Binder:847_1E expire 1 line
12-29 10:47:24.909   847  4744 I chatty  : uid=1000(system) Binder:847_1B expire 3 lines
12-29 10:47:24.940   847  1275 I chatty  : uid=1000(system) SSense expire 1 line
12-29 10:47:25.007   847  4436 I chatty  : uid=1000(system) Binder:847_19 expire 3 lines
12-29 10:47:25.030   847  1272 I chatty  : uid=1000(system) SRecogCollector expire 5 lines
12-29 10:47:25.030   847  1993 I chatty  : uid=1000(system) Binder:847_A expire 4 lines
12-29 10:47:25.051   847  5559 I chatty  : uid=1000(system) Binder:847_1E expire 1 line
12-29 10:47:25.172   847  4744 I chatty  : uid=1000(system) Binder:847_1B expire 1 line
12-29 10:47:25.173   847  4013 I chatty  : uid=1000(system) Binder:847_17 expire 13 lines
12-29 10:47:25.173   847  1193 I chatty  : uid=1000(system) Binder:847_4 expire 9 lines
12-29 10:47:25.173   847  1088 I chatty  : uid=1000(system) ConnectivitySer expire 2 lines
12-29 10:47:29.457   847   867 I chatty  : uid=1000(system) android.display expire 4 lines
12-29 10:47:29.470   847  1057 I chatty  : uid=1000(system) AlarmManager expire 3 lines
12-29 10:47:29.555  1158  1158 V KeyguardStatusView: refresh statusview showing:true
12-29 10:47:29.576   847   847 I chatty  : uid=1000 system_server expire 3 lines
12-29 10:47:30.334   847   870 I chatty  : uid=1000(system) watchdog expire 2 lines
12-29 10:47:38.851   847  1060 I chatty  : uid=1000(system) InputReader expire 4 lines
12-29 10:47:38.865   847   889 I chatty  : uid=1000(system) PowerManagerSer expire 3 lines
12-29 10:47:38.865   847   882 I chatty  : uid=1000(system) batterystats-wo expire 2 lines
12-29 10:47:38.896   847   865 I chatty  : uid=1000(system) android.ui expire 3 lines
12-29 10:47:38.904   847   861 I chatty  : uid=1000(system) Binder:847_1 expire 4 lines
12-29 10:47:38.907   847   847 I chatty  : uid=1000 system_server expire 3 lines
12-29 10:47:38.909   847  4668 I chatty  : uid=1000(system) Binder:847_1A expire 2 lines
12-29 10:47:38.911   847  1275 I chatty  : uid=1000(system) SSense expire 3 lines
12-29 10:47:38.912   847  4013 I chatty  : uid=1000(system) Binder:847_17 expire 2 lines
12-29 10:47:38.919   847   867 I chatty  : uid=1000(system) android.display expire 4 lines
12-29 10:47:38.926   847  1418 I chatty  : uid=1000(system) Binder:847_8 expire 22 lines
12-29 10:47:38.929   847  1084 I chatty  : uid=1000(system) WifiHandlerThre expire 2 lines
12-29 10:47:38.941   847  1087 I chatty  : uid=1000(system) WifiScanningSer expire 1 line
12-29 10:47:38.989   847   889 I chatty  : uid=1000(system) PowerManagerSer expire 4 lines
12-29 10:47:39.046   847  1060 I chatty  : uid=1000(system) InputReader expire 1 line
12-29 10:47:39.154   847   864 I chatty  : uid=1000(system) android.fg expire 4 lines
12-29 10:47:39.206   847   874 I chatty  : uid=1000(system) ActivityManager expire 2 lines
12-29 10:47:40.309   847  1272 I chatty  : uid=1000(system) SRecogCollector expire 22 lines
12-29 10:47:41.170   847  1418 I chatty  : uid=1000(system) Binder:847_8 expire 11 lines
12-29 10:47:41.247   847   861 I chatty  : uid=1000(system) Binder:847_1 expire 12 lines
12-29 10:47:41.313   847  4668 I chatty  : uid=1000(system) Binder:847_1A expire 2 lines
12-29 10:47:41.318   847   847 I chatty  : uid=1000 system_server expire 1 line
12-29 10:47:41.489  1431  1431 I ActivityThread: smart_link is  not supported!!!
12-29 10:47:41.552   847   867 I chatty  : uid=1000(system) android.display expire 3 lines
12-29 10:47:41.579   847  1193 I chatty  : uid=1000(system) Binder:847_4 expire 3 lines
12-29 10:47:41.595   847   874 I chatty  : uid=1000(system) ActivityManager expire 7 lines
12-29 10:47:41.601   847   868 I chatty  : uid=1000(system) android.anim expire 2 lines
12-29 10:47:41.606   847   874 I chatty  : uid=1000(system) ActivityManager expire 2 lines
12-29 10:47:41.615   847  4668 I chatty  : uid=1000(system) Binder:847_1A expire 3 lines
12-29 10:47:41.640   847  1193 I chatty  : uid=1000(system) Binder:847_4 expire 3 lines
12-29 10:47:41.660   847  1418 I chatty  : uid=1000(system) Binder:847_8 expire 4 lines
12-29 10:47:41.680   847   861 I chatty  : uid=1000(system) Binder:847_1 expire 2 lines
12-29 10:47:41.752   847  1272 I chatty  : uid=1000(system) SRecogCollector expire 36 lines
12-29 10:47:42.552   847  1275 I chatty  : uid=1000(system) SSense expire 2 lines
12-29 10:47:44.691   847   867 I chatty  : uid=1000(system) android.display expire 5 lines
12-29 10:47:44.716   847  1272 I chatty  : uid=1000(system) SRecogCollector expire 44 lines
12-29 10:47:44.780   847  1193 I chatty  : uid=1000(system) Binder:847_4 expire 2 lines
12-29 10:47:44.780   847   874 I chatty  : uid=1000(system) ActivityManager expire 2 lines
12-29 10:47:44.786   847  4668 I chatty  : uid=1000(system) Binder:847_1A expire 1 line
12-29 10:47:44.790 10085 10085 I ActivityThread: smart_link is  not supported!!!
12-29 10:47:45.075   847   868 I chatty  : uid=1000(system) android.anim expire 1 line
12-29 10:47:46.073   847  1275 I chatty  : uid=1000(system) SSense expire 2 lines
12-29 10:47:48.570   847  4013 I chatty  : uid=1000(system) Binder:847_17 expire 2 lines
12-29 10:47:48.571   847   864 I chatty  : uid=1000(system) android.fg expire 8 lines
12-29 10:47:48.578   847  1100 I chatty  : uid=1000(system) UEventObserver expire 1 line
12-29 10:47:48.593   847   868 I chatty  : uid=1000(system) android.anim expire 2 lines
12-29 10:47:48.596   847   867 I chatty  : uid=1000(system) android.display expire 3 lines
12-29 10:47:48.597   847  1272 I chatty  : uid=1000(system) SRecogCollector expire 26 lines
12-29 10:47:48.625  1431  1431 I ActivityThread: smart_link is  not supported!!!
12-29 10:47:48.629   847 17319 I chatty  : uid=1000(system) AdbDebuggingMan expire 2 lines
12-29 10:47:48.645   847   861 I chatty  : uid=1000(system) Binder:847_1 expire 1 line
12-29 10:47:48.681   847   874 I chatty  : uid=1000(system) ActivityManager expire 3 lines
12-29 10:47:48.742   847  1993 I chatty  : uid=1000(system) Binder:847_A expire 1 line
12-29 10:47:48.745   847  4668 I chatty  : uid=1000(system) Binder:847_1A expire 3 lines
12-29 10:47:48.909   847  1272 I chatty  : uid=1000(system) SRecogCollector expire 24 lines
12-29 10:47:49.089   847  1100 I chatty  : uid=1000(system) UEventObserver expire 4 lines
12-29 10:47:49.090   847   864 I chatty  : uid=1000(system) android.fg expire 9 lines
12-29 10:47:49.093   847   874 I chatty  : uid=1000(system) ActivityManager expire 2 lines
12-29 10:47:49.100   847  1993 I chatty  : uid=1000(system) Binder:847_A expire 4 lines
12-29 10:47:49.296   847   847 I chatty  : uid=1000 system_server expire 1 line
12-29 10:47:49.872   847  1275 I chatty  : uid=1000(system) SSense expire 11 lines
12-29 10:47:58.872   847  1272 I chatty  : uid=1000(system) SRecogCollector expire 10 lines
12-29 10:47:58.928   847  1057 I chatty  : uid=1000(system) AlarmManager expire 8 lines
12-29 10:47:58.934   847   847 I chatty  : uid=1000 system_server expire 4 lines
12-29 10:47:58.935   847  1084 I chatty  : uid=1000(system) WifiHandlerThre expire 2 lines
12-29 10:47:58.939   847   875 I chatty  : uid=1000(system) ActivityManager expire 4 lines
12-29 10:47:58.940   847  1418 I chatty  : uid=1000(system) Binder:847_8 expire 4 lines
12-29 10:47:58.945   847  1087 I chatty  : uid=1000(system) WifiScanningSer expire 1 line
12-29 10:47:59.330   847  1993 I chatty  : uid=1000(system) Binder:847_A expire 5 lines
12-29 10:47:59.483   847   874 I chatty  : uid=1000(system) ActivityManager expire 4 lines
12-29 10:48:00.341   847   870 I chatty  : uid=1000(system) watchdog expire 2 lines
12-29 10:48:01.969   847   868 I chatty  : uid=1000(system) android.anim expire 3 lines
12-29 10:48:01.980   847  4013 I chatty  : uid=1000(system) Binder:847_17 expire 2 lines
12-29 10:48:02.001   847   882 I chatty  : uid=1000(system) batterystats-wo expire 27 lines
12-29 10:48:02.005   847   867 I chatty  : uid=1000(system) android.display expire 2 lines
12-29 10:48:02.006   847  1272 I chatty  : uid=1000(system) SRecogCollector expire 16 lines
12-29 10:48:02.017   847  1418 I chatty  : uid=1000(system) Binder:847_8 expire 1 line
12-29 10:48:02.030 10085 10085 I ActivityThread: smart_link is  not supported!!!
12-29 10:48:02.043   847   861 I chatty  : uid=1000(system) Binder:847_1 expire 2 lines
12-29 10:48:02.044   847   868 I chatty  : uid=1000(system) android.anim expire 1 line
12-29 10:48:02.110   847   875 I chatty  : uid=1000(system) ActivityManager expire 2 lines
12-29 10:48:02.227   847  1272 I chatty  : uid=1000(system) SRecogCollector expire 29 lines
12-29 10:48:03.223   847  1275 I chatty  : uid=1000(system) SSense expire 4 lines
12-29 10:48:04.203   847  1095 I chatty  : uid=1000(system) DeviceStorageMo expire 1 line
12-29 10:48:06.611   847   847 I chatty  : uid=1000 system_server expire 1 line
12-29 10:48:08.488   847  2563 I chatty  : uid=1000(system) Binder:847_13 expire 2 lines
12-29 10:48:08.499   847   867 I chatty  : uid=1000(system) android.display expire 3 lines
12-29 10:48:08.503   847  5818 I chatty  : uid=1000(system) Binder:847_20 expire 6 lines
12-29 10:48:08.511   847   868 I chatty  : uid=1000(system) android.anim expire 2 lines
12-29 10:48:08.596   847   874 I chatty  : uid=1000(system) ActivityManager expire 2 lines
12-29 10:48:08.860 10085 10085 I ActivityThread: smart_link is  not supported!!!
12-29 10:48:08.868   847  1993 I chatty  : uid=1000(system) Binder:847_A expire 2 lines
12-29 10:48:08.952 10085 10085 I ActivityThread: smart_link is  not supported!!!
12-29 10:48:08.984   847  4013 I chatty  : uid=1000(system) Binder:847_17 expire 1 line
12-29 10:48:08.988   847  1272 I chatty  : uid=1000(system) SRecogCollector expire 16 lines
12-29 10:48:09.226   847  1275 I chatty  : uid=1000(system) SSense expire 6 lines
12-29 10:48:09.428   847   867 I chatty  : uid=1000(system) android.display expire 8 lines
12-29 10:48:10.164   847  2563 I chatty  : uid=1000(system) Binder:847_13 expire 5 lines
12-29 10:48:10.203   847   875 I chatty  : uid=1000(system) ActivityManager expire 3 lines
12-29 10:48:10.240   847   868 I chatty  : uid=1000(system) android.anim expire 4 lines
12-29 10:48:10.409   847  5818 I chatty  : uid=1000(system) Binder:847_20 expire 3 lines
12-29 10:48:10.455 32546 32546 I ActivityThread: smart_link is  not supported!!!
12-29 10:48:12.404   847   893 I chatty  : uid=1000(system) PackageManager expire 1 line
12-29 10:48:12.407   847   874 I chatty  : uid=1000(system) ActivityManager expire 1 line
12-29 10:48:12.498   847  4668 I chatty  : uid=1000(system) Binder:847_1A expire 2 lines
12-29 10:48:12.508   847   873 I chatty  : uid=1000(system) android.bg expire 1 line
12-29 10:48:12.813 32573 32573 I ActivityThread: smart_link is  not supported!!!
12-29 10:48:12.860   847  1272 I chatty  : uid=1000(system) SRecogCollector expire 37 lines
12-29 10:48:12.914   847  4668 I chatty  : uid=1000(system) Binder:847_1A expire 2 lines
12-29 10:48:12.941   847  1193 I chatty  : uid=1000(system) Binder:847_4 expire 2 lines
12-29 10:48:12.945   847  5818 I chatty  : uid=1000(system) Binder:847_20 expire 3 lines
12-29 10:48:12.957   847   868 I chatty  : uid=1000(system) android.anim expire 2 lines
12-29 10:48:12.961   847   867 I chatty  : uid=1000(system) android.display expire 4 lines
12-29 10:48:13.304 32573 32573 I ActivityThread: smart_link is  not supported!!!
12-29 10:48:13.371   847  1272 I chatty  : uid=1000(system) SRecogCollector expire 38 lines
12-29 10:48:13.893   847  5818 I chatty  : uid=1000(system) Binder:847_20 expire 13 lines
12-29 10:48:14.041   847  1272 I chatty  : uid=1000(system) SRecogCollector expire 32 lines
12-29 10:48:14.079   847   867 I chatty  : uid=1000(system) android.display expire 3 lines
12-29 10:48:14.227   847  4013 I chatty  : uid=1000(system) Binder:847_17 expire 6 lines
12-29 10:48:14.227   847   874 I chatty  : uid=1000(system) ActivityManager expire 4 lines
12-29 10:48:14.387   847  2563 I chatty  : uid=1000(system) Binder:847_13 expire 2 lines
12-29 10:48:14.839   847  1275 I chatty  : uid=1000(system) SSense expire 2 lines
12-29 10:48:16.075   847  1044 I chatty  : uid=1000(system) PackageInstalle expire 1 line
12-29 10:48:16.101   847   875 I chatty  : uid=1000(system) ActivityManager expire 2 lines
12-29 10:48:16.106   847  1272 I chatty  : uid=1000(system) SRecogCollector expire 34 lines
12-29 10:48:16.172   847  4013 I chatty  : uid=1000(system) Binder:847_17 expire 6 lines
12-29 10:48:16.175   847   868 I chatty  : uid=1000(system) android.anim expire 2 lines
12-29 10:48:16.176   847   873 I chatty  : uid=1000(system) android.bg expire 1 line
12-29 10:48:16.187   847  1115 I chatty  : uid=1000(system) SmartSS.bg expire 1 line
12-29 10:48:16.263   847  2563 I chatty  : uid=1000(system) Binder:847_13 expire 8 lines
12-29 10:48:16.273   847   867 I chatty  : uid=1000(system) android.display expire 4 lines
12-29 10:48:16.496 32661 32661 I ActivityThread: smart_link is  not supported!!!
12-29 10:48:16.497   847  1993 I chatty  : uid=1000(system) Binder:847_A expire 1 line
12-29 10:48:16.505   847   868 I chatty  : uid=1000(system) android.anim expire 1 line
12-29 10:48:16.518   847  1272 I chatty  : uid=1000(system) SRecogCollector expire 94 lines
12-29 10:48:18.101   847  1275 I chatty  : uid=1000(system) SSense expire 2 lines
12-29 10:48:18.114   847   873 I chatty  : uid=1000(system) android.bg expire 2 lines
12-29 10:48:18.437   847  4013 I chatty  : uid=1000(system) Binder:847_17 expire 5 lines
12-29 10:48:18.450   847   867 I chatty  : uid=1000(system) android.display expire 2 lines
12-29 10:48:18.482   847   868 I chatty  : uid=1000(system) android.anim expire 1 line
12-29 10:48:18.565   847  2013 I chatty  : uid=1000(system) Binder:847_E expire 1 line
12-29 10:48:18.614   847  4013 I chatty  : uid=1000(system) Binder:847_17 expire 2 lines
12-29 10:48:18.615   847   874 I chatty  : uid=1000(system) ActivityManager expire 1 line
12-29 10:48:18.650 10085 10085 I ActivityThread: smart_link is  not supported!!!
12-29 10:48:18.682   847   868 I chatty  : uid=1000(system) android.anim expire 3 lines
12-29 10:48:18.682   847   867 I chatty  : uid=1000(system) android.display expire 3 lines
12-29 10:48:18.683   847  1272 I chatty  : uid=1000(system) SRecogCollector expire 38 lines
12-29 10:48:20.118   847  1275 I chatty  : uid=1000(system) SSense expire 2 lines
12-29 10:48:20.240   847  4668 I chatty  : uid=1000(system) Binder:847_1A expire 4 lines
12-29 10:48:20.551   847   865 I chatty  : uid=1000(system) android.ui expire 1 line
12-29 10:48:20.635 32661 32661 I ActivityThread: smart_link is  not supported!!!
12-29 10:48:20.657   847  1993 I chatty  : uid=1000(system) Binder:847_A expire 1 line
12-29 10:48:21.080   847  1272 I chatty  : uid=1000(system) SRecogCollector expire 35 lines
12-29 10:48:21.090   847   867 I chatty  : uid=1000(system) android.display expire 1 line
12-29 10:48:21.568   847   893 I chatty  : uid=1000(system) PackageManager expire 8 lines
12-29 10:48:21.591   847   874 I chatty  : uid=1000(system) ActivityManager expire 3 lines
12-29 10:48:21.597   847  5559 I chatty  : uid=1000(system) Binder:847_1E expire 1 line
12-29 10:48:21.620   847   868 I chatty  : uid=1000(system) android.anim expire 1 line
12-29 10:48:21.625   847  1063 I chatty  : uid=1000(system) AppIntegrityMan expire 2 lines
12-29 10:48:21.649   847  2013 I chatty  : uid=1000(system) Binder:847_E expire 1 line
12-29 10:48:21.656 10085 10085 I ActivityThread: smart_link is  not supported!!!
12-29 10:48:21.683   847   867 I chatty  : uid=1000(system) android.display expire 4 lines
12-29 10:48:21.691   847  1272 I chatty  : uid=1000(system) SRecogCollector expire 12 lines
12-29 10:48:21.699   847   893 I chatty  : uid=1000(system) PackageManager expire 6 lines
12-29 10:48:21.700   847  2563 I chatty  : uid=1000(system) Binder:847_13 expire 3 lines
12-29 10:48:21.761   847  1193 I chatty  : uid=1000(system) Binder:847_4 expire 1 line
12-29 10:48:21.762   847  1993 I chatty  : uid=1000(system) Binder:847_A expire 1 line
12-29 10:48:21.762   847  1088 I chatty  : uid=1000(system) ConnectivitySer expire 3 lines
12-29 10:48:21.763   847  5818 I chatty  : uid=1000(system) Binder:847_20 expire 1 line
12-29 10:48:21.763   847  4013 I chatty  : uid=1000(system) Binder:847_17 expire 4 lines
12-29 10:48:21.799   847   847 I chatty  : uid=1000 system_server expire 1 line
12-29 10:48:21.807   847   874 I chatty  : uid=1000(system) ActivityManager expire 4 lines
12-29 10:48:22.865   847  1275 I chatty  : uid=1000(system) SSense expire 2 lines
12-29 10:48:24.091   847   865 I chatty  : uid=1000(system) android.ui expire 5 lines
12-29 10:48:24.091   847   864 I chatty  : uid=1000(system) android.fg expire 2 lines
12-29 10:48:24.109   847   868 I chatty  : uid=1000(system) android.anim expire 2 lines
12-29 10:48:24.126  1431  1431 I ActivityThread: smart_link is  not supported!!!
12-29 10:48:24.351   847  1272 I chatty  : uid=1000(system) SRecogCollector expire 37 lines
12-29 10:48:25.349   847  1275 I chatty  : uid=1000(system) SSense expire 12 lines
12-29 10:48:30.348   847   870 I chatty  : uid=1000(system) watchdog expire 2 lines
12-29 10:48:30.596   847   865 I chatty  : uid=1000(system) android.ui expire 1 line
12-29 10:48:31.688   847   873 I chatty  : uid=1000(system) android.bg expire 2 lines
12-29 10:48:31.689   847   874 I chatty  : uid=1000(system) ActivityManager expire 2 lines
12-29 10:48:33.361   847  1115 I chatty  : uid=1000(system) SmartSS.bg expire 1 line
12-29 10:48:33.362   847  1272 I chatty  : uid=1000(system) SRecogCollector expire 30 lines
12-29 10:48:34.349   847  1275 I chatty  : uid=1000(system) SSense expire 1 line
12-29 10:48:35.877   847  2020 I chatty  : uid=1000(system) Binder:847_10 expire 3 lines
12-29 10:48:35.879   847  4013 I chatty  : uid=1000(system) Binder:847_17 expire 1 line
12-29 10:48:35.880   847   874 I chatty  : uid=1000(system) ActivityManager expire 5 lines
12-29 10:48:35.889   847   864 I chatty  : uid=1000(system) android.fg expire 1 line
12-29 10:48:36.393   847  2013 I chatty  : uid=1000(system) Binder:847_E expire 3 lines
12-29 10:48:36.393   847  4436 I chatty  : uid=1000(system) Binder:847_19 expire 1 line
12-29 10:48:36.810   847   868 I chatty  : uid=1000(system) android.anim expire 2 lines
12-29 10:48:36.855   847   867 I chatty  : uid=1000(system) android.display expire 2 lines
12-29 10:48:36.888   847  5818 I chatty  : uid=1000(system) Binder:847_20 expire 2 lines
12-29 10:48:36.896 10085 10085 I ActivityThread: smart_link is  not supported!!!
12-29 10:48:37.001   847  1272 I chatty  : uid=1000(system) SRecogCollector expire 32 lines
12-29 10:48:37.109   847   867 I chatty  : uid=1000(system) android.display expire 3 lines
12-29 10:48:37.886   847   864 I chatty  : uid=1000(system) android.fg expire 2 lines
12-29 10:48:37.887   847   874 I chatty  : uid=1000(system) ActivityManager expire 6 lines
12-29 10:48:37.897   847  1418 I chatty  : uid=1000(system) Binder:847_8 expire 4 lines
12-29 10:48:37.926   847  4436 I chatty  : uid=1000(system) Binder:847_19 expire 2 lines
12-29 10:48:37.955   847   868 I chatty  : uid=1000(system) android.anim expire 4 lines
12-29 10:48:38.041 32546 32546 I ActivityThread: smart_link is  not supported!!!
12-29 10:48:38.066   847  2013 I chatty  : uid=1000(system) Binder:847_E expire 3 lines
12-29 10:48:38.067   847   867 I chatty  : uid=1000(system) android.display expire 6 lines
12-29 10:48:38.071   847  1272 I chatty  : uid=1000(system) SRecogCollector expire 25 lines
12-29 10:48:38.107   847  1275 I chatty  : uid=1000(system) SSense expire 4 lines
12-29 10:48:39.320   847   893 I chatty  : uid=1000(system) PackageManager expire 1 line
12-29 10:48:39.321   847   874 I chatty  : uid=1000(system) ActivityManager expire 1 line
12-29 10:48:39.339   847   875 I chatty  : uid=1000(system) ActivityManager expire 2 lines
12-29 10:48:39.410   847  4436 I chatty  : uid=1000(system) Binder:847_19 expire 1 line
12-29 10:48:39.666   847  1418 I chatty  : uid=1000(system) Binder:847_8 expire 3 lines
12-29 10:48:39.721 32717 32717 I ActivityThread: smart_link is  not supported!!!
12-29 10:48:39.759   847  5559 I chatty  : uid=1000(system) Binder:847_1E expire 3 lines
12-29 10:48:39.862   847   868 I chatty  : uid=1000(system) android.anim expire 2 lines
12-29 10:48:39.879   847   867 I chatty  : uid=1000(system) android.display expire 3 lines
12-29 10:48:39.880   847  1272 I chatty  : uid=1000(system) SRecogCollector expire 40 lines
12-29 10:48:40.199 32717 32717 I ActivityThread: smart_link is  not supported!!!
12-29 10:48:40.254   847  1418 I chatty  : uid=1000(system) Binder:847_8 expire 1 line
12-29 10:48:40.572   847  4668 I chatty  : uid=1000(system) Binder:847_1A expire 6 lines
12-29 10:48:40.710   847  1272 I chatty  : uid=1000(system) SRecogCollector expire 45 lines
12-29 10:48:40.955   847   867 I chatty  : uid=1000(system) android.display expire 1 line
12-29 10:48:41.710   847  1275 I chatty  : uid=1000(system) SSense expire 2 lines
12-29 10:48:43.107   847  1418 I chatty  : uid=1000(system) Binder:847_8 expire 2 lines
12-29 10:48:43.285   847  1044 I chatty  : uid=1000(system) PackageInstalle expire 1 line
12-29 10:48:43.285   847   874 I chatty  : uid=1000(system) ActivityManager expire 1 line
12-29 10:48:43.288   847  5559 I chatty  : uid=1000(system) Binder:847_1E expire 5 lines
12-29 10:48:43.308   847   867 I chatty  : uid=1000(system) android.display expire 2 lines
12-29 10:48:43.309   847  1272 I chatty  : uid=1000(system) SRecogCollector expire 42 lines
12-29 10:48:43.344   847   868 I chatty  : uid=1000(system) android.anim expire 1 line
12-29 10:48:43.367   847  1418 I chatty  : uid=1000(system) Binder:847_8 expire 4 lines
12-29 10:48:43.430   847  5559 I chatty  : uid=1000(system) Binder:847_1E expire 1 line
12-29 10:48:43.481 32661 32661 I ActivityThread: smart_link is  not supported!!!
12-29 10:48:43.505   847   868 I chatty  : uid=1000(system) android.anim expire 1 line
12-29 10:48:43.506   847   867 I chatty  : uid=1000(system) android.display expire 2 lines
12-29 10:48:43.507   847  1272 I chatty  : uid=1000(system) SRecogCollector expire 90 lines
12-29 10:48:44.542   847  1275 I chatty  : uid=1000(system) SSense expire 2 lines
12-29 10:48:45.040   847   893 I chatty  : uid=1000(system) PackageManager expire 8 lines
12-29 10:48:45.073   847  4668 I chatty  : uid=1000(system) Binder:847_1A expire 1 line
12-29 10:48:45.089 32717 32717 I ActivityThread: smart_link is  not supported!!!
12-29 10:48:45.096   847   868 I chatty  : uid=1000(system) android.anim expire 1 line
12-29 10:48:45.111   847   874 I chatty  : uid=1000(system) ActivityManager expire 2 lines
12-29 10:48:45.136   847  1063 I chatty  : uid=1000(system) AppIntegrityMan expire 1 line
12-29 10:48:45.160   847   867 I chatty  : uid=1000(system) android.display expire 2 lines
12-29 10:48:45.164   847  1272 I chatty  : uid=1000(system) SRecogCollector expire 43 lines
12-29 10:48:45.165   847  1418 I chatty  : uid=1000(system) Binder:847_8 expire 1 line
12-29 10:48:45.201   847   893 I chatty  : uid=1000(system) PackageManager expire 6 lines
12-29 10:48:45.540   847   874 I chatty  : uid=1000(system) ActivityManager expire 2 lines
12-29 10:48:45.562   847  1044 I chatty  : uid=1000(system) PackageInstalle expire 1 line
12-29 10:48:46.326   847  1275 I chatty  : uid=1000(system) SSense expire 16 lines
12-29 10:48:55.139   847   873 I chatty  : uid=1000(system) android.bg expire 2 lines
12-29 10:48:55.139   847   874 I chatty  : uid=1000(system) ActivityManager expire 4 lines
12-29 10:48:55.326   847  1272 I chatty  : uid=1000(system) SRecogCollector expire 17 lines
12-29 10:48:59.328   847  1057 I chatty  : uid=1000(system) AlarmManager expire 7 lines
12-29 10:48:59.331   847  1084 I chatty  : uid=1000(system) WifiHandlerThre expire 2 lines
12-29 10:48:59.337   847   847 I chatty  : uid=1000 system_server expire 2 lines
12-29 10:48:59.342   847  1087 I chatty  : uid=1000(system) WifiScanningSer expire 1 line
12-29 10:49:00.354   847   870 I chatty  : uid=1000(system) watchdog expire 2 lines
12-29 10:49:04.305   847  1095 I chatty  : uid=1000(system) DeviceStorageMo expire 1 line
12-29 10:49:05.330   847  1272 I chatty  : uid=1000(system) SRecogCollector expire 26 lines
12-29 10:49:05.343   847  1275 I chatty  : uid=1000(system) SSense expire 10 lines
12-29 10:49:08.683   847   873 I chatty  : uid=1000(system) android.bg expire 4 lines
12-29 10:49:08.943   847   889 I chatty  : uid=1000(system) PowerManagerSer expire 2 lines
12-29 10:49:13.542   847  1044 I chatty  : uid=1000(system) PackageInstalle expire 1 line
12-29 10:49:13.544   847   874 I chatty  : uid=1000(system) ActivityManager expire 1 line
12-29 10:49:13.547   847  5559 I chatty  : uid=1000(system) Binder:847_1E expire 5 lines
12-29 10:49:13.564   847   867 I chatty  : uid=1000(system) android.display expire 2 lines
12-29 10:49:13.583   847   868 I chatty  : uid=1000(system) android.anim expire 1 line
12-29 10:49:13.588   847  2013 I chatty  : uid=1000(system) Binder:847_E expire 1 line
12-29 10:49:13.605   847  5818 I chatty  : uid=1000(system) Binder:847_20 expire 2 lines
12-29 10:49:13.625   847  1272 I chatty  : uid=1000(system) SRecogCollector expire 49 lines
12-29 10:49:13.633   847  2013 I chatty  : uid=1000(system) Binder:847_E expire 4 lines
12-29 10:49:13.719 32661 32661 I ActivityThread: smart_link is  not supported!!!
12-29 10:49:13.742   847   867 I chatty  : uid=1000(system) android.display expire 1 line
12-29 10:49:13.743   847   868 I chatty  : uid=1000(system) android.anim expire 1 line
12-29 10:49:13.781   847   867 I chatty  : uid=1000(system) android.display expire 1 line
12-29 10:49:13.782   847  1272 I chatty  : uid=1000(system) SRecogCollector expire 92 lines
12-29 10:49:14.780   847  1275 I chatty  : uid=1000(system) SSense expire 16 lines
12-29 10:49:15.645   847  2013 I chatty  : uid=1000(system) Binder:847_E expire 2 lines
12-29 10:49:21.801   847   847 I chatty  : uid=1000 system_server expire 1 line
12-29 10:49:21.803   847   874 I chatty  : uid=1000(system) ActivityManager expire 1 line
12-29 10:49:25.039   847   873 I chatty  : uid=1000(system) android.bg expire 1 line
12-29 10:49:30.360   847   870 I chatty  : uid=1000(system) watchdog expire 3 lines
12-29 10:49:33.786   847  1272 I chatty  : uid=1000(system) SRecogCollector expire 28 lines
12-29 10:49:33.802   847  1275 I chatty  : uid=1000(system) SSense expire 8 lines
12-29 10:49:37.202   847   889 I chatty  : uid=1000(system) PowerManagerSer expire 9 lines
12-29 10:49:43.203   847   882 I chatty  : uid=1000(system) batterystats-wo expire 2 lines
12-29 10:49:43.240   847   847 I chatty  : uid=1000 system_server expire 1 line
12-29 10:49:43.244   847   867 I chatty  : uid=1000(system) android.display expire 3 lines
12-29 10:49:43.244   847  5559 I chatty  : uid=1000(system) Binder:847_1E expire 1 line
12-29 10:49:43.261   847   868 I chatty  : uid=1000(system) android.anim expire 1 line
12-29 10:49:43.292   847  1418 I chatty  : uid=1000(system) Binder:847_8 expire 2 lines
12-29 10:49:43.654   847   864 I chatty  : uid=1000(system) android.fg expire 3 lines
12-29 10:49:43.655   847   874 I chatty  : uid=1000(system) ActivityManager expire 2 lines
12-29 10:49:43.666   847   864 I chatty  : uid=1000(system) android.fg expire 1 line
12-29 10:49:43.666   847   847 I chatty  : uid=1000 system_server expire 4 lines
12-29 10:49:43.668   847  1418 I chatty  : uid=1000(system) Binder:847_8 expire 1 line
12-29 10:49:43.689   847   867 I chatty  : uid=1000(system) android.display expire 5 lines
12-29 10:49:43.691   847  5818 I chatty  : uid=1000(system) Binder:847_20 expire 2 lines
12-29 10:49:43.721   847  1275 I chatty  : uid=1000(system) SSense expire 1 line
12-29 10:49:43.792   847  4436 I chatty  : uid=1000(system) Binder:847_19 expire 9 lines
12-29 10:49:43.796   847   868 I chatty  : uid=1000(system) android.anim expire 1 line
12-29 10:49:43.807   847  1272 I chatty  : uid=1000(system) SRecogCollector expire 17 lines
12-29 10:49:43.823   847  2013 I chatty  : uid=1000(system) Binder:847_E expire 4 lines
12-29 10:49:48.242   847  1057 I chatty  : uid=1000(system) AlarmManager expire 3 lines
12-29 10:49:48.293   847  4668 I chatty  : uid=1000(system) Binder:847_1A expire 9 lines
12-29 10:49:48.323  1158  1158 V KeyguardStatusView: refresh statusview showing:true
12-29 10:49:48.340   847  2013 I chatty  : uid=1000(system) Binder:847_E expire 2 lines
12-29 10:49:48.343   847   847 I chatty  : uid=1000 system_server expire 7 lines
12-29 10:49:48.343   847   867 I chatty  : uid=1000(system) android.display expire 2 lines
12-29 10:50:00.000   847  1057 I chatty  : uid=1000(system) AlarmManager expire 8 lines
12-29 10:50:00.368   847   870 I chatty  : uid=1000(system) watchdog expire 7 lines
12-29 10:50:00.710   847  1084 I chatty  : uid=1000(system) WifiHandlerThre expire 2 lines
12-29 10:50:00.716   847   874 I chatty  : uid=1000(system) ActivityManager expire 7 lines
12-29 10:50:00.721   847  4436 I chatty  : uid=1000(system) Binder:847_19 expire 2 lines
12-29 10:50:00.723   847  1087 I chatty  : uid=1000(system) WifiScanningSer expire 1 line
12-29 10:50:00.827   847  1080 I chatty  : uid=1000(system) NetworkStats expire 1 line
12-29 10:50:04.407   847  1095 I chatty  : uid=1000(system) DeviceStorageMo expire 2 lines
12-29 10:50:14.269   847  5818 I chatty  : uid=1000(system) Binder:847_20 expire 3 lines
12-29 10:50:14.359   847   875 I chatty  : uid=1000(system) ActivityManager expire 4 lines
12-29 10:50:14.620   416   416 D ActivityThread: Loading provider contacts;com.android.contacts: com.android.providers.contacts.ContactsProvider2
12-29 10:50:16.279   847  1418 I chatty  : uid=1000(system) Binder:847_8 expire 7 lines
12-29 10:51:06.943   847   882 I chatty  : uid=1000(system) batterystats-wo expire 4 lines
12-29 10:51:30.390   847   870 I chatty  : uid=1000(system) watchdog expire 28 lines
12-29 10:52:04.543   847  1095 I chatty  : uid=1000(system) DeviceStorageMo expire 7 lines
12-29 10:52:21.802   847   847 I chatty  : uid=1000 system_server expire 9 lines
12-29 10:52:21.804   847   874 I chatty  : uid=1000(system) ActivityManager expire 8 lines
12-29 10:53:59.999   847  1057 I chatty  : uid=1000(system) AlarmManager expire 6 lines
12-29 10:56:21.496   847  4744 I chatty  : uid=1000(system) Binder:847_1B expire 3 lines
12-29 10:58:10.959   847   893 I chatty  : uid=1000(system) PackageManager expire 14 lines
12-29 10:58:10.969   847   874 I chatty  : uid=1000(system) ActivityManager expire 7 lines
12-29 10:58:10.971   847  1063 I chatty  : uid=1000(system) AppIntegrityMan expire 1 line
12-29 10:58:10.987   847  5818 I chatty  : uid=1000(system) Binder:847_20 expire 3 lines
12-29 10:58:10.994   847   847 I chatty  : uid=1000 system_server expire 4 lines
12-29 10:58:11.002   847   875 I chatty  : uid=1000(system) ActivityManager expire 2 lines
12-29 10:58:11.123   847  4436 I chatty  : uid=1000(system) Binder:847_19 expire 1 line
12-29 10:58:12.386   847   867 I chatty  : uid=1000(system) android.display expire 1 line
12-29 10:58:21.010   847   873 I chatty  : uid=1000(system) android.bg expire 2 lines
12-29 10:58:30.488   847   870 I chatty  : uid=1000(system) watchdog expire 9 lines
12-29 10:59:00.704   847   882 I chatty  : uid=1000(system) batterystats-wo expire 9 lines
12-29 10:59:05.049   847  1095 I chatty  : uid=1000(system) DeviceStorageMo expire 2 lines
12-29 11:00:00.996   847  1057 I chatty  : uid=1000(system) AlarmManager expire 9 lines
